Copyright 1986-2019 Xilinx, Inc. All Rights Reserved.
------------------------------------------------------------------------------------
| Tool Version : Vivado v.2019.2 (win64) Build 2708876 Wed Nov  6 21:40:23 MST 2019
| Date         : Fri Mar 27 12:43:33 2026
| Host         : LAPTOP-CHCSI1R5 running 64-bit major release  (build 9200)
| Command      : upgrade_ip
| Device       : xcvu9p-flga2104-2L-e
------------------------------------------------------------------------------------

Upgrade Log for IP 'cyclic_gen_nfs_gen_0_0'

1. Summary
----------

CAUTION (success, with warnings) in the upgrade of cyclic_gen_nfs_gen_0_0 (xilinx.com:user:nfs_gen:1.0) from (Rev. 2) to (Rev. 4)

After upgrade, an IP may have parameter and port differences compared to the original customization. Please review the parameters within the IP customization GUI to ensure proper functionality. Also, please review the updated IP instantiation template to ensure proper connectivity, and update your design if required.

2. Connection Warnings
----------------------

Detected external port differences while upgrading 'cyclic_gen_nfs_gen_0_0'. These changes may impact your design.


-Upgrade has added port 'in_uci_flag'


3. Customization warnings
-------------------------

Parameter 'MODE' is no longer present on the upgraded IP 'cyclic_gen_nfs_gen_0_0', and cannot be set to '1'


4. Debug Commands
-----------------

  The following debug information can be passed to Vivado as Tcl commands,
in order to validate or debug the output of the upgrade flow.
  You may consult any warnings from within this upgrade, and alter or remove
the configuration parameter(s) which caused the warning; then execute the Tcl
commands, and use the IP Customization GUI to verify the IP configuration.

create_ip -vlnv xilinx.com:user:nfs_gen:1.0 -user_name cyclic_gen_nfs_gen_0_0
set_property -dict "\
  CONFIG.Component_Name {cyclic_gen_nfs_gen_0_0} " [get_ips cyclic_gen_nfs_gen_0_0]







Copyright 1986-2019 Xilinx, Inc. All Rights Reserved.
------------------------------------------------------------------------------------
| Tool Version : Vivado v.2019.2 (win64) Build 2708876 Wed Nov  6 21:40:23 MST 2019
| Date         : Fri Mar 27 11:58:47 2026
| Host         : LAPTOP-CHCSI1R5 running 64-bit major release  (build 9200)
| Command      : upgrade_ip
| Device       : xcvu9p-flga2104-2L-e
------------------------------------------------------------------------------------

Upgrade Log for IP 'cyclic_gen_n_cs_gen_0_0'

1. Summary
----------

SUCCESS in the conversion of cyclic_gen_n_cs_gen_0_0 (xilinx.com:user:n_cs_gen:1.0 (Rev. 4)) to Vivado generation flows.






Copyright 1986-2019 Xilinx, Inc. All Rights Reserved.
------------------------------------------------------------------------------------
| Tool Version : Vivado v.2019.2 (win64) Build 2708876 Wed Nov  6 21:40:23 MST 2019
| Date         : Fri Mar 27 10:20:34 2026
| Host         : LAPTOP-CHCSI1R5 running 64-bit major release  (build 9200)
| Command      : upgrade_ip
| Device       : xcvu9p-flga2104-2L-e
------------------------------------------------------------------------------------

Upgrade Log for IP 'cyclic_gen_base_sequence_0_1'

1. Summary
----------

SUCCESS in the conversion of cyclic_gen_base_sequence_0_1 (xilinx.com:user:base_sequence:1.0 (Rev. 2)) to Vivado generation flows.






Copyright 1986-2019 Xilinx, Inc. All Rights Reserved.
------------------------------------------------------------------------------------
| Tool Version : Vivado v.2019.2 (win64) Build 2708876 Wed Nov  6 21:40:23 MST 2019
| Date         : Fri Mar 27 10:20:34 2026
| Host         : LAPTOP-CHCSI1R5 running 64-bit major release  (build 9200)
| Command      : upgrade_ip
| Device       : xcvu9p-flga2104-2L-e
------------------------------------------------------------------------------------

Upgrade Log for IP 'cyclic_gen_base_sequence_0_0'

1. Summary
----------

SUCCESS in the conversion of cyclic_gen_base_sequence_0_0 (xilinx.com:user:base_sequence:1.0 (Rev. 2)) to Vivado generation flows.






Copyright 1986-2019 Xilinx, Inc. All Rights Reserved.
------------------------------------------------------------------------------------
| Tool Version : Vivado v.2019.2 (win64) Build 2708876 Wed Nov  6 21:40:23 MST 2019
| Date         : Tue Mar 24 21:41:26 2026
| Host         : LAPTOP-CHCSI1R5 running 64-bit major release  (build 9200)
| Command      : upgrade_ip
| Device       : xcvu9p-flga2104-2L-e
------------------------------------------------------------------------------------

Upgrade Log for IP 'cyclic_gen_n_cs_gen_0_0'

1. Summary
----------

SUCCESS in the conversion of cyclic_gen_n_cs_gen_0_0 (xilinx.com:user:n_cs_gen:1.0 (Rev. 4)) to Vivado generation flows.






Copyright 1986-2019 Xilinx, Inc. All Rights Reserved.
------------------------------------------------------------------------------------
| Tool Version : Vivado v.2019.2 (win64) Build 2708876 Wed Nov  6 21:40:23 MST 2019
| Date         : Tue Mar 24 20:42:31 2026
| Host         : LAPTOP-CHCSI1R5 running 64-bit major release  (build 9200)
| Command      : upgrade_ip
| Device       : xcvu9p-flga2104-2L-e
------------------------------------------------------------------------------------

Upgrade Log for IP 'cyclic_gen_phase_gen_control_0_0'

1. Summary
----------

SUCCESS in the upgrade of cyclic_gen_phase_gen_control_0_0 (xilinx.com:user:phase_gen_control:1.0) from (Rev. 6) to (Rev. 7)






Copyright 1986-2019 Xilinx, Inc. All Rights Reserved.
------------------------------------------------------------------------------------
| Tool Version : Vivado v.2019.2 (win64) Build 2708876 Wed Nov  6 21:40:23 MST 2019
| Date         : Mon Mar 16 18:49:21 2026
| Host         : LAPTOP-CHCSI1R5 running 64-bit major release  (build 9200)
| Command      : upgrade_ip
| Device       : xcvu9p-flga2104-2L-e
------------------------------------------------------------------------------------

Upgrade Log for IP 'cyclic_gen_com_mul_cyclic_0_0'

1. Summary
----------

CAUTION (success, with warnings) in the upgrade of cyclic_gen_com_mul_cyclic_0_0 (xilinx.com:user:com_mul_cyclic:1.0) from (Rev. 4) to (Rev. 6)

After upgrade, an IP may have parameter and port differences compared to the original customization. Please review the parameters within the IP customization GUI to ensure proper functionality. Also, please review the updated IP instantiation template to ensure proper connectivity, and update your design if required.

2. Connection Warnings
----------------------

Detected external port differences while upgrading 'cyclic_gen_com_mul_cyclic_0_0'. These changes may impact your design.


-Upgrade has added port 'o_wise_enable'







Copyright 1986-2019 Xilinx, Inc. All Rights Reserved.
------------------------------------------------------------------------------------
| Tool Version : Vivado v.2019.2 (win64) Build 2708876 Wed Nov  6 21:40:23 MST 2019
| Date         : Thu Mar  5 15:04:20 2026
| Host         : LAPTOP-CHCSI1R5 running 64-bit major release  (build 9200)
| Command      : upgrade_ip
| Device       : xcvu9p-flga2104-2L-e
------------------------------------------------------------------------------------

Upgrade Log for IP 'cyclic_gen_com_mul_cyclic_0_0'

1. Summary
----------

SUCCESS in the conversion of cyclic_gen_com_mul_cyclic_0_0 (xilinx.com:user:com_mul_cyclic:1.0 (Rev. 4)) to Vivado generation flows.






Copyright 1986-2019 Xilinx, Inc. All Rights Reserved.
------------------------------------------------------------------------------------
| Tool Version : Vivado v.2019.2 (win64) Build 2708876 Wed Nov  6 21:40:23 MST 2019
| Date         : Thu Mar  5 15:03:43 2026
| Host         : LAPTOP-CHCSI1R5 running 64-bit major release  (build 9200)
| Command      : upgrade_ip
| Device       : xcvu9p-flga2104-2L-e
------------------------------------------------------------------------------------

Upgrade Log for IP 'cyclic_gen_com_mul_cyclic_0_0'

1. Summary
----------

SUCCESS in the upgrade of cyclic_gen_com_mul_cyclic_0_0 (xilinx.com:user:com_mul_cyclic:1.0) from (Rev. 3) to (Rev. 4)






Copyright 1986-2019 Xilinx, Inc. All Rights Reserved.
------------------------------------------------------------------------------------
| Tool Version : Vivado v.2019.2 (win64) Build 2708876 Wed Nov  6 21:40:23 MST 2019
| Date         : Thu Mar  5 14:51:44 2026
| Host         : LAPTOP-CHCSI1R5 running 64-bit major release  (build 9200)
| Command      : upgrade_ip
| Device       : xcvu9p-flga2104-2L-e
------------------------------------------------------------------------------------

Upgrade Log for IP 'cyclic_gen_phase_gen_control_0_0'

1. Summary
----------

SUCCESS in the conversion of cyclic_gen_phase_gen_control_0_0 (xilinx.com:user:phase_gen_control:1.0 (Rev. 6)) to Vivado generation flows.






Copyright 1986-2019 Xilinx, Inc. All Rights Reserved.
------------------------------------------------------------------------------------
| Tool Version : Vivado v.2019.2 (win64) Build 2708876 Wed Nov  6 21:40:23 MST 2019
| Date         : Thu Mar  5 14:51:44 2026
| Host         : LAPTOP-CHCSI1R5 running 64-bit major release  (build 9200)
| Command      : upgrade_ip
| Device       : xcvu9p-flga2104-2L-e
------------------------------------------------------------------------------------

Upgrade Log for IP 'cyclic_gen_com_mul_cyclic_0_0'

1. Summary
----------

SUCCESS in the conversion of cyclic_gen_com_mul_cyclic_0_0 (xilinx.com:user:com_mul_cyclic:1.0 (Rev. 3)) to Vivado generation flows.






Copyright 1986-2019 Xilinx, Inc. All Rights Reserved.
------------------------------------------------------------------------------------
| Tool Version : Vivado v.2019.2 (win64) Build 2708876 Wed Nov  6 21:40:23 MST 2019
| Date         : Thu Mar  5 14:51:03 2026
| Host         : LAPTOP-CHCSI1R5 running 64-bit major release  (build 9200)
| Command      : upgrade_ip
| Device       : xcvu9p-flga2104-2L-e
------------------------------------------------------------------------------------

Upgrade Log for IP 'cyclic_gen_com_mul_cyclic_0_0'

1. Summary
----------

SUCCESS in the upgrade of cyclic_gen_com_mul_cyclic_0_0 (xilinx.com:user:com_mul_cyclic:1.0) from (Rev. 2) to (Rev. 3)






Copyright 1986-2019 Xilinx, Inc. All Rights Reserved.
------------------------------------------------------------------------------------
| Tool Version : Vivado v.2019.2 (win64) Build 2708876 Wed Nov  6 21:40:23 MST 2019
| Date         : Thu Mar  5 14:44:01 2026
| Host         : LAPTOP-CHCSI1R5 running 64-bit major release  (build 9200)
| Command      : upgrade_ip
| Device       : xcvu9p-flga2104-2L-e
------------------------------------------------------------------------------------

Upgrade Log for IP 'cyclic_gen_phase_gen_control_0_0'

1. Summary
----------

SUCCESS in the conversion of cyclic_gen_phase_gen_control_0_0 (xilinx.com:user:phase_gen_control:1.0 (Rev. 6)) to Vivado generation flows.






Copyright 1986-2019 Xilinx, Inc. All Rights Reserved.
------------------------------------------------------------------------------------
| Tool Version : Vivado v.2019.2 (win64) Build 2708876 Wed Nov  6 21:40:23 MST 2019
| Date         : Thu Mar  5 14:43:39 2026
| Host         : LAPTOP-CHCSI1R5 running 64-bit major release  (build 9200)
| Command      : upgrade_ip
| Device       : xcvu9p-flga2104-2L-e
------------------------------------------------------------------------------------

Upgrade Log for IP 'cyclic_gen_phase_gen_control_0_0'

1. Summary
----------

SUCCESS in the upgrade of cyclic_gen_phase_gen_control_0_0 (xilinx.com:user:phase_gen_control:1.0) from (Rev. 5) to (Rev. 6)






Copyright 1986-2019 Xilinx, Inc. All Rights Reserved.
------------------------------------------------------------------------------------
| Tool Version : Vivado v.2019.2 (win64) Build 2708876 Wed Nov  6 21:40:23 MST 2019
| Date         : Thu Mar  5 14:35:53 2026
| Host         : LAPTOP-CHCSI1R5 running 64-bit major release  (build 9200)
| Command      : upgrade_ip
| Device       : xcvu9p-flga2104-2L-e
------------------------------------------------------------------------------------

Upgrade Log for IP 'cyclic_gen_phase_gen_control_0_0'

1. Summary
----------

SUCCESS in the conversion of cyclic_gen_phase_gen_control_0_0 (xilinx.com:user:phase_gen_control:1.0 (Rev. 5)) to Vivado generation flows.






Copyright 1986-2019 Xilinx, Inc. All Rights Reserved.
------------------------------------------------------------------------------------
| Tool Version : Vivado v.2019.2 (win64) Build 2708876 Wed Nov  6 21:40:23 MST 2019
| Date         : Thu Mar  5 14:35:31 2026
| Host         : LAPTOP-CHCSI1R5 running 64-bit major release  (build 9200)
| Command      : upgrade_ip
| Device       : xcvu9p-flga2104-2L-e
------------------------------------------------------------------------------------

Upgrade Log for IP 'cyclic_gen_phase_gen_control_0_0'

1. Summary
----------

SUCCESS in the upgrade of cyclic_gen_phase_gen_control_0_0 (xilinx.com:user:phase_gen_control:1.0) from (Rev. 4) to (Rev. 5)






Copyright 1986-2019 Xilinx, Inc. All Rights Reserved.
------------------------------------------------------------------------------------
| Tool Version : Vivado v.2019.2 (win64) Build 2708876 Wed Nov  6 21:40:23 MST 2019
| Date         : Thu Mar  5 14:32:44 2026
| Host         : LAPTOP-CHCSI1R5 running 64-bit major release  (build 9200)
| Command      : upgrade_ip
| Device       : xcvu9p-flga2104-2L-e
------------------------------------------------------------------------------------

Upgrade Log for IP 'cyclic_gen_phase_gen_control_0_0'

1. Summary
----------

SUCCESS in the conversion of cyclic_gen_phase_gen_control_0_0 (xilinx.com:user:phase_gen_control:1.0 (Rev. 4)) to Vivado generation flows.






Copyright 1986-2019 Xilinx, Inc. All Rights Reserved.
------------------------------------------------------------------------------------
| Tool Version : Vivado v.2019.2 (win64) Build 2708876 Wed Nov  6 21:40:23 MST 2019
| Date         : Thu Mar  5 14:32:20 2026
| Host         : LAPTOP-CHCSI1R5 running 64-bit major release  (build 9200)
| Command      : upgrade_ip
| Device       : xcvu9p-flga2104-2L-e
------------------------------------------------------------------------------------

Upgrade Log for IP 'cyclic_gen_phase_gen_control_0_0'

1. Summary
----------

SUCCESS in the upgrade of cyclic_gen_phase_gen_control_0_0 (xilinx.com:user:phase_gen_control:1.0) from (Rev. 3) to (Rev. 4)






Copyright 1986-2019 Xilinx, Inc. All Rights Reserved.
------------------------------------------------------------------------------------
| Tool Version : Vivado v.2019.2 (win64) Build 2708876 Wed Nov  6 21:40:23 MST 2019
| Date         : Wed Mar  4 21:08:23 2026
| Host         : LAPTOP-CHCSI1R5 running 64-bit major release  (build 9200)
| Command      : upgrade_ip
| Device       : xcvu9p-flga2104-2L-e
------------------------------------------------------------------------------------

Upgrade Log for IP 'cyclic_gen_phase_gen_control_0_0'

1. Summary
----------

SUCCESS in the conversion of cyclic_gen_phase_gen_control_0_0 (xilinx.com:user:phase_gen_control:1.0 (Rev. 3)) to Vivado generation flows.






Copyright 1986-2019 Xilinx, Inc. All Rights Reserved.
------------------------------------------------------------------------------------
| Tool Version : Vivado v.2019.2 (win64) Build 2708876 Wed Nov  6 21:40:23 MST 2019
| Date         : Wed Mar  4 21:08:02 2026
| Host         : LAPTOP-CHCSI1R5 running 64-bit major release  (build 9200)
| Command      : upgrade_ip
| Device       : xcvu9p-flga2104-2L-e
------------------------------------------------------------------------------------

Upgrade Log for IP 'cyclic_gen_phase_gen_control_0_0'

1. Summary
----------

CAUTION (success, with warnings) in the upgrade of cyclic_gen_phase_gen_control_0_0 (xilinx.com:user:phase_gen_control:1.0) from (Rev. 2) to (Rev. 3)

After upgrade, an IP may have parameter and port differences compared to the original customization. Please review the parameters within the IP customization GUI to ensure proper functionality. Also, please review the updated IP instantiation template to ensure proper connectivity, and update your design if required.

2. Connection Warnings
----------------------

Detected external port differences while upgrading 'cyclic_gen_phase_gen_control_0_0'. These changes may impact your design.


-Upgrade has added port 'start_en'







Copyright 1986-2019 Xilinx, Inc. All Rights Reserved.
------------------------------------------------------------------------------------
| Tool Version : Vivado v.2019.2 (win64) Build 2708876 Wed Nov  6 21:40:23 MST 2019
| Date         : Wed Mar  4 15:18:09 2026
| Host         : LAPTOP-CHCSI1R5 running 64-bit major release  (build 9200)
| Command      : upgrade_ip
| Device       : xcvu9p-flga2104-2L-e
------------------------------------------------------------------------------------

Upgrade Log for IP 'cyclic_gen_base_sequence_0_1'

1. Summary
----------

SUCCESS in the conversion of cyclic_gen_base_sequence_0_1 (xilinx.com:user:base_sequence:1.0 (Rev. 2)) to Vivado generation flows.






Copyright 1986-2019 Xilinx, Inc. All Rights Reserved.
------------------------------------------------------------------------------------
| Tool Version : Vivado v.2019.2 (win64) Build 2708876 Wed Nov  6 21:40:23 MST 2019
| Date         : Wed Mar  4 15:18:09 2026
| Host         : LAPTOP-CHCSI1R5 running 64-bit major release  (build 9200)
| Command      : upgrade_ip
| Device       : xcvu9p-flga2104-2L-e
------------------------------------------------------------------------------------

Upgrade Log for IP 'cyclic_gen_base_sequence_0_0'

1. Summary
----------

SUCCESS in the conversion of cyclic_gen_base_sequence_0_0 (xilinx.com:user:base_sequence:1.0 (Rev. 2)) to Vivado generation flows.






Copyright 1986-2019 Xilinx, Inc. All Rights Reserved.
------------------------------------------------------------------------------------
| Tool Version : Vivado v.2019.2 (win64) Build 2708876 Wed Nov  6 21:40:23 MST 2019
| Date         : Thu Feb 26 15:10:58 2026
| Host         : LAPTOP-CHCSI1R5 running 64-bit major release  (build 9200)
| Command      : upgrade_ip
| Device       : xcvu9p-flga2104-2L-e
------------------------------------------------------------------------------------

Upgrade Log for IP 'uci_n_cs_gen'

1. Summary
----------

SUCCESS in the upgrade of uci_n_cs_gen (xilinx.com:user:n_cs_gen:1.0) from (Rev. 3) to (Rev. 4)






Copyright 1986-2019 Xilinx, Inc. All Rights Reserved.
------------------------------------------------------------------------------------
| Tool Version : Vivado v.2019.2 (win64) Build 2708876 Wed Nov  6 21:40:23 MST 2019
| Date         : Thu Feb 26 14:49:02 2026
| Host         : LAPTOP-CHCSI1R5 running 64-bit major release  (build 9200)
| Command      : upgrade_ip
| Device       : xcvu9p-flga2104-2L-e
------------------------------------------------------------------------------------

Upgrade Log for IP 'uci_phase_gen_0'

1. Summary
----------

CAUTION (success, with warnings) in the conversion of uci_phase_gen_0 (xilinx.com:user:phase_gen:1.0 (Rev. 2)) to Vivado generation flows.

After upgrade, an IP may have parameter and port differences compared to the original customization. Please review the parameters within the IP customization GUI to ensure proper functionality. Also, please review the updated IP instantiation template to ensure proper connectivity, and update your design if required.

2. Connection Warnings
----------------------

Detected external port differences while upgrading 'uci_phase_gen_0'. These changes may impact your design.


-Upgrade has removed port 'uci_NID'

-Upgrade has removed port 'uci_ack'

-Upgrade has removed port 'uci_first_symbol'

-Upgrade has removed port 'uci_slot'

-Upgrade has removed port 'uci_sym_alloc'

-Upgrade has added port 'n_cs_valid'

-Upgrade has added port 'ncs'

-Upgrade has added port 'uci_mcs'







Copyright 1986-2019 Xilinx, Inc. All Rights Reserved.
------------------------------------------------------------------------------------
| Tool Version : Vivado v.2019.2 (win64) Build 2708876 Wed Nov  6 21:40:23 MST 2019
| Date         : Thu Feb 26 14:49:02 2026
| Host         : LAPTOP-CHCSI1R5 running 64-bit major release  (build 9200)
| Command      : upgrade_ip
| Device       : xcvu9p-flga2104-2L-e
------------------------------------------------------------------------------------

Upgrade Log for IP 'cyc_phase_gen_0'

1. Summary
----------

CAUTION (success, with warnings) in the conversion of cyc_phase_gen_0 (xilinx.com:user:phase_gen:1.0 (Rev. 2)) to Vivado generation flows.

After upgrade, an IP may have parameter and port differences compared to the original customization. Please review the parameters within the IP customization GUI to ensure proper functionality. Also, please review the updated IP instantiation template to ensure proper connectivity, and update your design if required.

2. Connection Warnings
----------------------

Detected external port differences while upgrading 'cyc_phase_gen_0'. These changes may impact your design.


-Upgrade has removed port 'uci_NID'

-Upgrade has removed port 'uci_ack'

-Upgrade has removed port 'uci_first_symbol'

-Upgrade has removed port 'uci_slot'

-Upgrade has removed port 'uci_sym_alloc'

-Upgrade has added port 'n_cs_valid'

-Upgrade has added port 'ncs'

-Upgrade has added port 'uci_mcs'







Copyright 1986-2019 Xilinx, Inc. All Rights Reserved.
------------------------------------------------------------------------------------
| Tool Version : Vivado v.2019.2 (win64) Build 2708876 Wed Nov  6 21:40:23 MST 2019
| Date         : Thu Feb 26 14:16:56 2026
| Host         : LAPTOP-CHCSI1R5 running 64-bit major release  (build 9200)
| Command      : upgrade_ip
| Device       : xcvu9p-flga2104-2L-e
------------------------------------------------------------------------------------

Upgrade Log for IP 'cyc_phase_gen_0'

1. Summary
----------

SUCCESS in the conversion of cyc_phase_gen_0 (xilinx.com:user:phase_gen:1.0 (Rev. 2)) to Vivado generation flows.






Copyright 1986-2019 Xilinx, Inc. All Rights Reserved.
------------------------------------------------------------------------------------
| Tool Version : Vivado v.2019.2 (win64) Build 2708876 Wed Nov  6 21:40:23 MST 2019
| Date         : Sun Feb 22 19:27:30 2026
| Host         : LAPTOP-CHCSI1R5 running 64-bit major release  (build 9200)
| Command      : upgrade_ip
| Device       : xcvu9p-flga2104-2L-e
------------------------------------------------------------------------------------

Upgrade Log for IP 'ba_se_1'

1. Summary
----------

SUCCESS in the conversion of ba_se_1 (xilinx.com:user:base_sequence:1.0 (Rev. 2)) to Vivado generation flows.






Copyright 1986-2019 Xilinx, Inc. All Rights Reserved.
------------------------------------------------------------------------------------
| Tool Version : Vivado v.2019.2 (win64) Build 2708876 Wed Nov  6 21:40:23 MST 2019
| Date         : Sun Feb 22 19:26:55 2026
| Host         : LAPTOP-CHCSI1R5 running 64-bit major release  (build 9200)
| Command      : upgrade_ip
| Device       : xcvu9p-flga2104-2L-e
------------------------------------------------------------------------------------

Upgrade Log for IP 'ba_se_0'

1. Summary
----------

SUCCESS in the conversion of ba_se_0 (xilinx.com:user:base_sequence:1.0 (Rev. 2)) to Vivado generation flows.






Copyright 1986-2019 Xilinx, Inc. All Rights Reserved.
------------------------------------------------------------------------------------
| Tool Version : Vivado v.2019.2 (win64) Build 2708876 Wed Nov  6 21:40:23 MST 2019
| Date         : Thu Jan 29 18:26:34 2026
| Host         : LAPTOP-CHCSI1R5 running 64-bit major release  (build 9200)
| Command      : upgrade_ip
| Device       : xcvu9p-flga2104-2L-e
------------------------------------------------------------------------------------

Upgrade Log for IP 'ba_se_0'

1. Summary
----------

SUCCESS in the conversion of ba_se_0 (xilinx.com:user:base_sequence:1.0 (Rev. 2)) to Vivado generation flows.






Copyright 1986-2019 Xilinx, Inc. All Rights Reserved.
------------------------------------------------------------------------------------
| Tool Version : Vivado v.2019.2 (win64) Build 2708876 Wed Nov  6 21:40:23 MST 2019
| Date         : Tue Dec 30 00:42:50 2025
| Host         : LAPTOP-CHCSI1R5 running 64-bit major release  (build 9200)
| Command      : upgrade_ip
| Device       : xcvu9p-flga2104-2L-e
------------------------------------------------------------------------------------

Upgrade Log for IP 'base_sequence_0'

1. Summary
----------

SUCCESS in the upgrade of base_sequence_0 (xilinx.com:user:base_sequence:1.0) from (Rev. 4) to (Rev. 2)

