Copyright 1986-2019 Xilinx, Inc. All Rights Reserved.
------------------------------------------------------------------------------------
| Tool Version : Vivado v.2019.2 (win64) Build 2708876 Wed Nov  6 21:40:23 MST 2019
| Date         : Mon Mar 16 15:24:18 2026
| Host         : LAPTOP-CHCSI1R5 running 64-bit major release  (build 9200)
| Command      : upgrade_ip
| Device       : xcvu9p-flga2104-2L-e
------------------------------------------------------------------------------------

Upgrade Log for IP 'pucch1_demapping_0_1'

1. Summary
----------

CAUTION (success, with warnings) in the upgrade of pucch1_demapping_0_1 (xilinx.com:user:demapping:1.0) from (Rev. 5) to (Rev. 2)

2. Interface Information
------------------------

Detected external interface differences while upgrading 'pucch1_demapping_0_1'.


-Upgrade has removed interface 'clk'

-Upgrade has removed interface 'rst'







Copyright 1986-2019 Xilinx, Inc. All Rights Reserved.
------------------------------------------------------------------------------------
| Tool Version : Vivado v.2019.2 (win64) Build 2708876 Wed Nov  6 21:40:23 MST 2019
| Date         : Mon Mar 16 15:14:40 2026
| Host         : LAPTOP-CHCSI1R5 running 64-bit major release  (build 9200)
| Command      : upgrade_ip
| Device       : xcvu9p-flga2104-2L-e
------------------------------------------------------------------------------------

Upgrade Log for IP 'pucch1_demapping_0_1'

1. Summary
----------

SUCCESS in the conversion of pucch1_demapping_0_1 (xilinx.com:user:demapping:1.0 (Rev. 5)) to Vivado generation flows.






Copyright 1986-2019 Xilinx, Inc. All Rights Reserved.
------------------------------------------------------------------------------------
| Tool Version : Vivado v.2019.2 (win64) Build 2708876 Wed Nov  6 21:40:23 MST 2019
| Date         : Mon Mar 16 15:14:28 2026
| Host         : LAPTOP-CHCSI1R5 running 64-bit major release  (build 9200)
| Command      : upgrade_ip
| Device       : xcvu9p-flga2104-2L-e
------------------------------------------------------------------------------------

Upgrade Log for IP 'pucch1_demapping_0_1'

1. Summary
----------

CAUTION (success, with warnings) in the upgrade of pucch1_demapping_0_1 (xilinx.com:user:demapping:1.0) from (Rev. 4) to (Rev. 5)

After upgrade, an IP may have parameter and port differences compared to the original customization. Please review the parameters within the IP customization GUI to ensure proper functionality. Also, please review the updated IP instantiation template to ensure proper connectivity, and update your design if required.

2. Interface Information
------------------------

Detected external interface differences while upgrading 'pucch1_demapping_0_1'.


-Upgrade has added interface 'clk' (xilinx.com:signal:clock:1.0)

-Upgrade has added interface 'rst' (xilinx.com:signal:reset:1.0)


3. Connection Warnings
----------------------

Detected external port differences while upgrading 'pucch1_demapping_0_1'. These changes may impact your design.


-Upgraded port 'uci_nsymbols' width 4 differs from original width 2

-Upgrade has removed port 'resoureset0_valid'

-Upgrade has removed port 'resoureset1_valid'

-Upgrade has removed port 'two_symbol_valid'

-Upgrade has added port 'resoureset_valid'


