Vivado Simulator 2019.2
Copyright 1986-1999, 2001-2019 Xilinx, Inc. All Rights Reserved.
Running: D:/Xilinx/Vivado/2019.2/bin/unwrapped/win64.o/xelab.exe -wto 9e9cfa005afe43719b14f3994ac37e45 --incr --debug typical --relax --mt 2 -L fifo_generator_v13_2_5 -L xil_defaultlib -L unisims_ver -L unimacro_ver -L secureip -L xpm --snapshot tb_behav xil_defaultlib.tb xil_defaultlib.glbl -log elaborate.log 
Using 2 slave threads.
Starting static elaboration
Pass Through NonSizing Optimizer
WARNING: [VRFC 10-3283] element index 31 into 'temp_in' is out of bounds [D:/FPGA/Vivaldo Project/PUCCH-FORMAT-1/all_sub_ips/n_cs_gen/n_cs_gen.srcs/sources_1/ip/scra_seq_8_ncs_0/scra_seq_8_ncs.v:127]
WARNING: [VRFC 10-3283] element index 31 into 'temp_in' is out of bounds [D:/FPGA/Vivaldo Project/PUCCH-FORMAT-1/all_sub_ips/n_cs_gen/n_cs_gen.srcs/sources_1/ip/scra_seq_8_ncs_0/scra_seq_8_ncs.v:128]
WARNING: [VRFC 10-3283] element index 31 into 'temp_in' is out of bounds [D:/FPGA/Vivaldo Project/PUCCH-FORMAT-1/all_sub_ips/n_cs_gen/n_cs_gen.srcs/sources_1/ip/scra_seq_8_ncs_0/scra_seq_8_ncs.v:129]
WARNING: [VRFC 10-3283] element index 31 into 'temp_in' is out of bounds [D:/FPGA/Vivaldo Project/PUCCH-FORMAT-1/all_sub_ips/n_cs_gen/n_cs_gen.srcs/sources_1/ip/scra_seq_8_ncs_0/scra_seq_8_ncs.v:130]
WARNING: [VRFC 10-3283] element index 31 into 'temp_in' is out of bounds [D:/FPGA/Vivaldo Project/PUCCH-FORMAT-1/all_sub_ips/n_cs_gen/n_cs_gen.srcs/sources_1/ip/scra_seq_8_ncs_0/scra_seq_8_ncs.v:131]
WARNING: [VRFC 10-3283] element index 31 into 'temp_in' is out of bounds [D:/FPGA/Vivaldo Project/PUCCH-FORMAT-1/all_sub_ips/n_cs_gen/n_cs_gen.srcs/sources_1/ip/scra_seq_8_ncs_0/scra_seq_8_ncs.v:132]
WARNING: [VRFC 10-3283] element index 31 into 'temp_in' is out of bounds [D:/FPGA/Vivaldo Project/PUCCH-FORMAT-1/all_sub_ips/n_cs_gen/n_cs_gen.srcs/sources_1/ip/scra_seq_8_ncs_0/scra_seq_8_ncs.v:133]
WARNING: [VRFC 10-3283] element index 31 into 'temp_in' is out of bounds [D:/FPGA/Vivaldo Project/PUCCH-FORMAT-1/all_sub_ips/n_cs_gen/n_cs_gen.srcs/sources_1/ip/scra_seq_8_ncs_0/scra_seq_8_ncs.v:134]
WARNING: [VRFC 10-3283] element index 31 into 'temp_in' is out of bounds [D:/FPGA/Vivaldo Project/PUCCH-FORMAT-1/all_sub_ips/n_cs_gen/n_cs_gen.srcs/sources_1/ip/scra_seq_8_ncs_0/scra_seq_8_ncs.v:135]
WARNING: [VRFC 10-3283] element index 31 into 'temp_in' is out of bounds [D:/FPGA/Vivaldo Project/PUCCH-FORMAT-1/all_sub_ips/n_cs_gen/n_cs_gen.srcs/sources_1/ip/scra_seq_8_ncs_0/scra_seq_8_ncs.v:136]
WARNING: [VRFC 10-3283] element index 31 into 'temp_in' is out of bounds [D:/FPGA/Vivaldo Project/PUCCH-FORMAT-1/all_sub_ips/n_cs_gen/n_cs_gen.srcs/sources_1/ip/scra_seq_8_ncs_0/scra_seq_8_ncs.v:137]
WARNING: [VRFC 10-3283] element index 31 into 'temp_in' is out of bounds [D:/FPGA/Vivaldo Project/PUCCH-FORMAT-1/all_sub_ips/n_cs_gen/n_cs_gen.srcs/sources_1/ip/scra_seq_8_ncs_0/scra_seq_8_ncs.v:138]
WARNING: [VRFC 10-3283] element index 31 into 'temp_in' is out of bounds [D:/FPGA/Vivaldo Project/PUCCH-FORMAT-1/all_sub_ips/n_cs_gen/n_cs_gen.srcs/sources_1/ip/scra_seq_8_ncs_0/scra_seq_8_ncs.v:139]
WARNING: [VRFC 10-3283] element index 31 into 'temp_in' is out of bounds [D:/FPGA/Vivaldo Project/PUCCH-FORMAT-1/all_sub_ips/n_cs_gen/n_cs_gen.srcs/sources_1/ip/scra_seq_8_ncs_0/scra_seq_8_ncs.v:140]
WARNING: [VRFC 10-3283] element index 31 into 'temp_in' is out of bounds [D:/FPGA/Vivaldo Project/PUCCH-FORMAT-1/all_sub_ips/n_cs_gen/n_cs_gen.srcs/sources_1/ip/scra_seq_8_ncs_0/scra_seq_8_ncs.v:141]
WARNING: [VRFC 10-3283] element index 31 into 'temp_in' is out of bounds [D:/FPGA/Vivaldo Project/PUCCH-FORMAT-1/all_sub_ips/n_cs_gen/n_cs_gen.srcs/sources_1/ip/scra_seq_8_ncs_0/scra_seq_8_ncs.v:142]
WARNING: [VRFC 10-3283] element index 31 into 'temp_in' is out of bounds [D:/FPGA/Vivaldo Project/PUCCH-FORMAT-1/all_sub_ips/n_cs_gen/n_cs_gen.srcs/sources_1/ip/scra_seq_8_ncs_0/scra_seq_8_ncs.v:143]
WARNING: [VRFC 10-3283] element index 31 into 'temp_in' is out of bounds [D:/FPGA/Vivaldo Project/PUCCH-FORMAT-1/all_sub_ips/n_cs_gen/n_cs_gen.srcs/sources_1/ip/scra_seq_8_ncs_0/scra_seq_8_ncs.v:144]
WARNING: [VRFC 10-3283] element index 31 into 'temp_in' is out of bounds [D:/FPGA/Vivaldo Project/PUCCH-FORMAT-1/all_sub_ips/n_cs_gen/n_cs_gen.srcs/sources_1/ip/scra_seq_8_ncs_0/scra_seq_8_ncs.v:145]
WARNING: [VRFC 10-3283] element index 31 into 'temp_in' is out of bounds [D:/FPGA/Vivaldo Project/PUCCH-FORMAT-1/all_sub_ips/n_cs_gen/n_cs_gen.srcs/sources_1/ip/scra_seq_8_ncs_0/scra_seq_8_ncs.v:146]
WARNING: [VRFC 10-3283] element index 31 into 'temp_in' is out of bounds [D:/FPGA/Vivaldo Project/PUCCH-FORMAT-1/all_sub_ips/n_cs_gen/n_cs_gen.srcs/sources_1/ip/scra_seq_8_ncs_0/scra_seq_8_ncs.v:147]
WARNING: [VRFC 10-3283] element index 31 into 'temp_in' is out of bounds [D:/FPGA/Vivaldo Project/PUCCH-FORMAT-1/all_sub_ips/n_cs_gen/n_cs_gen.srcs/sources_1/ip/scra_seq_8_ncs_0/scra_seq_8_ncs.v:148]
WARNING: [VRFC 10-3283] element index 31 into 'temp_in' is out of bounds [D:/FPGA/Vivaldo Project/PUCCH-FORMAT-1/all_sub_ips/n_cs_gen/n_cs_gen.srcs/sources_1/ip/scra_seq_8_ncs_0/scra_seq_8_ncs.v:149]
WARNING: [VRFC 10-3283] element index 31 into 'temp_in' is out of bounds [D:/FPGA/Vivaldo Project/PUCCH-FORMAT-1/all_sub_ips/n_cs_gen/n_cs_gen.srcs/sources_1/ip/scra_seq_8_ncs_0/scra_seq_8_ncs.v:150]
WARNING: [VRFC 10-3283] element index 31 into 'temp_in' is out of bounds [D:/FPGA/Vivaldo Project/PUCCH-FORMAT-1/all_sub_ips/n_cs_gen/n_cs_gen.srcs/sources_1/ip/scra_seq_8_ncs_0/scra_seq_8_ncs.v:151]
WARNING: [VRFC 10-3283] element index 31 into 'temp_in' is out of bounds [D:/FPGA/Vivaldo Project/PUCCH-FORMAT-1/all_sub_ips/n_cs_gen/n_cs_gen.srcs/sources_1/ip/scra_seq_8_ncs_0/scra_seq_8_ncs.v:152]
WARNING: [VRFC 10-3283] element index 31 into 'temp_in' is out of bounds [D:/FPGA/Vivaldo Project/PUCCH-FORMAT-1/all_sub_ips/n_cs_gen/n_cs_gen.srcs/sources_1/ip/scra_seq_8_ncs_0/scra_seq_8_ncs.v:153]
WARNING: [VRFC 10-3283] element index 31 into 'temp_in' is out of bounds [D:/FPGA/Vivaldo Project/PUCCH-FORMAT-1/all_sub_ips/n_cs_gen/n_cs_gen.srcs/sources_1/ip/scra_seq_8_ncs_0/scra_seq_8_ncs.v:154]
WARNING: [VRFC 10-3283] element index 31 into 'temp_in' is out of bounds [D:/FPGA/Vivaldo Project/PUCCH-FORMAT-1/all_sub_ips/n_cs_gen/n_cs_gen.srcs/sources_1/ip/scra_seq_8_ncs_0/scra_seq_8_ncs.v:155]
WARNING: [VRFC 10-3283] element index 31 into 'temp_in' is out of bounds [D:/FPGA/Vivaldo Project/PUCCH-FORMAT-1/all_sub_ips/n_cs_gen/n_cs_gen.srcs/sources_1/ip/scra_seq_8_ncs_0/scra_seq_8_ncs.v:156]
WARNING: [VRFC 10-3283] element index 31 into 'temp_in' is out of bounds [D:/FPGA/Vivaldo Project/PUCCH-FORMAT-1/all_sub_ips/n_cs_gen/n_cs_gen.srcs/sources_1/ip/scra_seq_8_ncs_0/scra_seq_8_ncs.v:157]
Completed static elaboration
Starting simulation data flow analysis
Completed simulation data flow analysis
Time Resolution for simulation is 1ps
Compiling module xil_defaultlib.x1_x2_init
Compiling module xil_defaultlib.scra_seq_8_ncs
Compiling module xil_defaultlib.scra_seq_8_ncs_0
Compiling module fifo_generator_v13_2_5.fifo_generator_v13_2_5_bhv_ver_s...
Compiling module fifo_generator_v13_2_5.fifo_generator_v13_2_5_CONV_VER(...
Compiling module fifo_generator_v13_2_5.fifo_generator_vlog_beh(C_COMMON...
Compiling module xil_defaultlib.ncs_gen_fifo
Compiling module xil_defaultlib.n_cs_gen
Compiling module xil_defaultlib.tb
Compiling module xil_defaultlib.glbl
Built simulation snapshot tb_behav
