INFO: [VRFC 10-2263] Analyzing Verilog file "D:/FPGA/Vivaldo Project/PUCCH-FORMAT-1/cyclic_shift_gen/cyclic_shift.ip_user_files/bd/cyclic_gen/ip/cyclic_gen_base_sequence_0_0/base_seq.srcs/sources_1/ip/phi_matrix_0/phi_matrix.srcs/sources_1/ip/blk_mem_gen_0/sim/blk_mem_gen_0.v" into library xil_defaultlib
INFO: [VRFC 10-311] analyzing module blk_mem_gen_0
INFO: [VRFC 10-2263] Analyzing Verilog file "D:/FPGA/Vivaldo Project/PUCCH-FORMAT-1/cyclic_shift_gen/cyclic_shift.ip_user_files/bd/cyclic_gen/ip/cyclic_gen_base_sequence_0_0/base_seq.srcs/sources_1/ip/phi_matrix_0/phi_matrix.srcs/sources_1/new/phi_matrix.v" into library xil_defaultlib
INFO: [VRFC 10-311] analyzing module phi_matrix
INFO: [VRFC 10-311] analyzing module extend_valid_new
INFO: [VRFC 10-2263] Analyzing Verilog file "D:/FPGA/Vivaldo Project/PUCCH-FORMAT-1/cyclic_shift_gen/cyclic_shift.ip_user_files/bd/cyclic_gen/ip/cyclic_gen_base_sequence_0_0/base_seq.srcs/sources_1/ip/phi_matrix_0/sim/phi_matrix_0.v" into library xil_defaultlib
INFO: [VRFC 10-311] analyzing module phi_matrix_0
INFO: [VRFC 10-2263] Analyzing Verilog file "D:/FPGA/Vivaldo Project/PUCCH-FORMAT-1/cyclic_shift_gen/cyclic_shift.ip_user_files/bd/cyclic_gen/ip/cyclic_gen_base_sequence_0_0/base_seq.srcs/sources_1/ip/modulo_30_2/modulo_n.srcs/sources_1/new/modulo_n.v" into library xil_defaultlib
INFO: [VRFC 10-311] analyzing module modulo_30
INFO: [VRFC 10-2263] Analyzing Verilog file "D:/FPGA/Vivaldo Project/PUCCH-FORMAT-1/cyclic_shift_gen/cyclic_shift.ip_user_files/bd/cyclic_gen/ip/cyclic_gen_base_sequence_0_0/base_seq.srcs/sources_1/ip/modulo_30_2/sim/modulo_30_2.v" into library xil_defaultlib
INFO: [VRFC 10-311] analyzing module modulo_30_2
INFO: [VRFC 10-2263] Analyzing Verilog file "D:/FPGA/Vivaldo Project/PUCCH-FORMAT-1/cyclic_shift_gen/cyclic_shift.ip_user_files/bd/cyclic_gen/ip/cyclic_gen_base_sequence_0_0/base_seq.srcs/sources_1/ip/scramble_sequence_1bit_0/scamble_sequence.srcs/sources_1/new/scramble_sequence.v" into library xil_defaultlib
INFO: [VRFC 10-311] analyzing module scramble_sequence_1bit
INFO: [VRFC 10-311] analyzing module x1_x2_init
INFO: [VRFC 10-2263] Analyzing Verilog file "D:/FPGA/Vivaldo Project/PUCCH-FORMAT-1/cyclic_shift_gen/cyclic_shift.ip_user_files/bd/cyclic_gen/ip/cyclic_gen_base_sequence_0_0/base_seq.srcs/sources_1/ip/scramble_sequence_1bit_0/sim/scramble_sequence_1bit_0.v" into library xil_defaultlib
INFO: [VRFC 10-311] analyzing module scramble_sequence_1bit_0
INFO: [VRFC 10-2263] Analyzing Verilog file "D:/FPGA/Vivaldo Project/PUCCH-FORMAT-1/cyclic_shift_gen/cyclic_shift.ip_user_files/bd/cyclic_gen/ip/cyclic_gen_base_sequence_0_0/base_seq.srcs/sources_1/ip/modulo_30_1/modulo_n.srcs/sources_1/new/modulo_n.v" into library xil_defaultlib
INFO: [VRFC 10-311] analyzing module modulo_30
WARNING: [VRFC 10-3609] overwriting previous definition of module 'modulo_30' [D:/FPGA/Vivaldo Project/PUCCH-FORMAT-1/cyclic_shift_gen/cyclic_shift.ip_user_files/bd/cyclic_gen/ip/cyclic_gen_base_sequence_0_0/base_seq.srcs/sources_1/ip/modulo_30_1/modulo_n.srcs/sources_1/new/modulo_n.v:23]
INFO: [VRFC 10-2263] Analyzing Verilog file "D:/FPGA/Vivaldo Project/PUCCH-FORMAT-1/cyclic_shift_gen/cyclic_shift.ip_user_files/bd/cyclic_gen/ip/cyclic_gen_base_sequence_0_0/base_seq.srcs/sources_1/ip/modulo_30_1/sim/modulo_30_1.v" into library xil_defaultlib
INFO: [VRFC 10-311] analyzing module modulo_30_1
INFO: [VRFC 10-2263] Analyzing Verilog file "D:/FPGA/Vivaldo Project/PUCCH-FORMAT-1/cyclic_shift_gen/cyclic_shift.ip_user_files/bd/cyclic_gen/ip/cyclic_gen_base_sequence_0_0/base_seq.srcs/sources_1/ip/scramble_sequence_8bits_0/scamble_sequence.srcs/sources_1/new/scramble_sequence.v" into library xil_defaultlib
INFO: [VRFC 10-311] analyzing module scramble_sequence_8bits
INFO: [VRFC 10-311] analyzing module x1_x2_init
WARNING: [VRFC 10-3609] overwriting previous definition of module 'x1_x2_init' [D:/FPGA/Vivaldo Project/PUCCH-FORMAT-1/cyclic_shift_gen/cyclic_shift.ip_user_files/bd/cyclic_gen/ip/cyclic_gen_base_sequence_0_0/base_seq.srcs/sources_1/ip/scramble_sequence_8bits_0/scamble_sequence.srcs/sources_1/new/scramble_sequence.v:115]
INFO: [VRFC 10-2263] Analyzing Verilog file "D:/FPGA/Vivaldo Project/PUCCH-FORMAT-1/cyclic_shift_gen/cyclic_shift.ip_user_files/bd/cyclic_gen/ip/cyclic_gen_base_sequence_0_0/base_seq.srcs/sources_1/ip/scramble_sequence_8bits_0/sim/scramble_sequence_8bits_0.v" into library xil_defaultlib
INFO: [VRFC 10-311] analyzing module scramble_sequence_8bits_0
INFO: [VRFC 10-2263] Analyzing Verilog file "D:/FPGA/Vivaldo Project/PUCCH-FORMAT-1/cyclic_shift_gen/cyclic_shift.ip_user_files/bd/cyclic_gen/ip/cyclic_gen_base_sequence_0_0/base_seq.srcs/sources_1/ip/modulo_30_0/modulo_n.srcs/sources_1/new/modulo_n.v" into library xil_defaultlib
INFO: [VRFC 10-311] analyzing module modulo_30
WARNING: [VRFC 10-3609] overwriting previous definition of module 'modulo_30' [D:/FPGA/Vivaldo Project/PUCCH-FORMAT-1/cyclic_shift_gen/cyclic_shift.ip_user_files/bd/cyclic_gen/ip/cyclic_gen_base_sequence_0_0/base_seq.srcs/sources_1/ip/modulo_30_0/modulo_n.srcs/sources_1/new/modulo_n.v:23]
INFO: [VRFC 10-2263] Analyzing Verilog file "D:/FPGA/Vivaldo Project/PUCCH-FORMAT-1/cyclic_shift_gen/cyclic_shift.ip_user_files/bd/cyclic_gen/ip/cyclic_gen_base_sequence_0_0/base_seq.srcs/sources_1/ip/modulo_30_0/sim/modulo_30_0.v" into library xil_defaultlib
INFO: [VRFC 10-311] analyzing module modulo_30_0
INFO: [VRFC 10-2263] Analyzing Verilog file "D:/FPGA/Vivaldo Project/PUCCH-FORMAT-1/cyclic_shift_gen/cyclic_shift.ip_user_files/bd/cyclic_gen/ipshared/85a1/base_seq.srcs/sources_1/new/base_sequence.v" into library xil_defaultlib
INFO: [VRFC 10-311] analyzing module base_sequence
WARNING: [VRFC 10-986] literal value truncated to fit in 16 bits [D:/FPGA/Vivaldo Project/PUCCH-FORMAT-1/cyclic_shift_gen/cyclic_shift.ip_user_files/bd/cyclic_gen/ipshared/85a1/base_seq.srcs/sources_1/new/base_sequence.v:180]
WARNING: [VRFC 10-986] literal value truncated to fit in 16 bits [D:/FPGA/Vivaldo Project/PUCCH-FORMAT-1/cyclic_shift_gen/cyclic_shift.ip_user_files/bd/cyclic_gen/ipshared/85a1/base_seq.srcs/sources_1/new/base_sequence.v:183]
WARNING: [VRFC 10-986] literal value truncated to fit in 16 bits [D:/FPGA/Vivaldo Project/PUCCH-FORMAT-1/cyclic_shift_gen/cyclic_shift.ip_user_files/bd/cyclic_gen/ipshared/85a1/base_seq.srcs/sources_1/new/base_sequence.v:187]
WARNING: [VRFC 10-986] literal value truncated to fit in 16 bits [D:/FPGA/Vivaldo Project/PUCCH-FORMAT-1/cyclic_shift_gen/cyclic_shift.ip_user_files/bd/cyclic_gen/ipshared/85a1/base_seq.srcs/sources_1/new/base_sequence.v:188]
INFO: [VRFC 10-2263] Analyzing Verilog file "D:/FPGA/Vivaldo Project/PUCCH-FORMAT-1/cyclic_shift_gen/cyclic_shift.ip_user_files/bd/cyclic_gen/ip/cyclic_gen_base_sequence_0_0/sim/cyclic_gen_base_sequence_0_0.v" into library xil_defaultlib
INFO: [VRFC 10-311] analyzing module cyclic_gen_base_sequence_0_0
INFO: [VRFC 10-2263] Analyzing Verilog file "D:/FPGA/Vivaldo Project/PUCCH-FORMAT-1/cyclic_shift_gen/cyclic_shift.ip_user_files/bd/cyclic_gen/ip/cyclic_gen_base_sequence_0_1/base_seq.srcs/sources_1/ip/phi_matrix_0/phi_matrix.srcs/sources_1/ip/blk_mem_gen_0/sim/blk_mem_gen_0.v" into library xil_defaultlib
INFO: [VRFC 10-311] analyzing module blk_mem_gen_0
WARNING: [VRFC 10-3609] overwriting previous definition of module 'blk_mem_gen_0' [D:/FPGA/Vivaldo Project/PUCCH-FORMAT-1/cyclic_shift_gen/cyclic_shift.ip_user_files/bd/cyclic_gen/ip/cyclic_gen_base_sequence_0_1/base_seq.srcs/sources_1/ip/phi_matrix_0/phi_matrix.srcs/sources_1/ip/blk_mem_gen_0/sim/blk_mem_gen_0.v:56]
INFO: [VRFC 10-2263] Analyzing Verilog file "D:/FPGA/Vivaldo Project/PUCCH-FORMAT-1/cyclic_shift_gen/cyclic_shift.ip_user_files/bd/cyclic_gen/ip/cyclic_gen_base_sequence_0_1/base_seq.srcs/sources_1/ip/phi_matrix_0/phi_matrix.srcs/sources_1/new/phi_matrix.v" into library xil_defaultlib
INFO: [VRFC 10-311] analyzing module phi_matrix
WARNING: [VRFC 10-3609] overwriting previous definition of module 'phi_matrix' [D:/FPGA/Vivaldo Project/PUCCH-FORMAT-1/cyclic_shift_gen/cyclic_shift.ip_user_files/bd/cyclic_gen/ip/cyclic_gen_base_sequence_0_1/base_seq.srcs/sources_1/ip/phi_matrix_0/phi_matrix.srcs/sources_1/new/phi_matrix.v:23]
INFO: [VRFC 10-311] analyzing module extend_valid_new
WARNING: [VRFC 10-3609] overwriting previous definition of module 'extend_valid_new' [D:/FPGA/Vivaldo Project/PUCCH-FORMAT-1/cyclic_shift_gen/cyclic_shift.ip_user_files/bd/cyclic_gen/ip/cyclic_gen_base_sequence_0_1/base_seq.srcs/sources_1/ip/phi_matrix_0/phi_matrix.srcs/sources_1/new/phi_matrix.v:84]
INFO: [VRFC 10-2263] Analyzing Verilog file "D:/FPGA/Vivaldo Project/PUCCH-FORMAT-1/cyclic_shift_gen/cyclic_shift.ip_user_files/bd/cyclic_gen/ip/cyclic_gen_base_sequence_0_1/base_seq.srcs/sources_1/ip/phi_matrix_0/sim/phi_matrix_0.v" into library xil_defaultlib
INFO: [VRFC 10-311] analyzing module phi_matrix_0
WARNING: [VRFC 10-3609] overwriting previous definition of module 'phi_matrix_0' [D:/FPGA/Vivaldo Project/PUCCH-FORMAT-1/cyclic_shift_gen/cyclic_shift.ip_user_files/bd/cyclic_gen/ip/cyclic_gen_base_sequence_0_1/base_seq.srcs/sources_1/ip/phi_matrix_0/sim/phi_matrix_0.v:57]
INFO: [VRFC 10-2263] Analyzing Verilog file "D:/FPGA/Vivaldo Project/PUCCH-FORMAT-1/cyclic_shift_gen/cyclic_shift.ip_user_files/bd/cyclic_gen/ip/cyclic_gen_base_sequence_0_1/base_seq.srcs/sources_1/ip/modulo_30_2/modulo_n.srcs/sources_1/new/modulo_n.v" into library xil_defaultlib
INFO: [VRFC 10-311] analyzing module modulo_30
WARNING: [VRFC 10-3609] overwriting previous definition of module 'modulo_30' [D:/FPGA/Vivaldo Project/PUCCH-FORMAT-1/cyclic_shift_gen/cyclic_shift.ip_user_files/bd/cyclic_gen/ip/cyclic_gen_base_sequence_0_1/base_seq.srcs/sources_1/ip/modulo_30_2/modulo_n.srcs/sources_1/new/modulo_n.v:23]
INFO: [VRFC 10-2263] Analyzing Verilog file "D:/FPGA/Vivaldo Project/PUCCH-FORMAT-1/cyclic_shift_gen/cyclic_shift.ip_user_files/bd/cyclic_gen/ip/cyclic_gen_base_sequence_0_1/base_seq.srcs/sources_1/ip/modulo_30_2/sim/modulo_30_2.v" into library xil_defaultlib
INFO: [VRFC 10-311] analyzing module modulo_30_2
WARNING: [VRFC 10-3609] overwriting previous definition of module 'modulo_30_2' [D:/FPGA/Vivaldo Project/PUCCH-FORMAT-1/cyclic_shift_gen/cyclic_shift.ip_user_files/bd/cyclic_gen/ip/cyclic_gen_base_sequence_0_1/base_seq.srcs/sources_1/ip/modulo_30_2/sim/modulo_30_2.v:57]
INFO: [VRFC 10-2263] Analyzing Verilog file "D:/FPGA/Vivaldo Project/PUCCH-FORMAT-1/cyclic_shift_gen/cyclic_shift.ip_user_files/bd/cyclic_gen/ip/cyclic_gen_base_sequence_0_1/base_seq.srcs/sources_1/ip/scramble_sequence_1bit_0/scamble_sequence.srcs/sources_1/new/scramble_sequence.v" into library xil_defaultlib
INFO: [VRFC 10-311] analyzing module scramble_sequence_1bit
WARNING: [VRFC 10-3609] overwriting previous definition of module 'scramble_sequence_1bit' [D:/FPGA/Vivaldo Project/PUCCH-FORMAT-1/cyclic_shift_gen/cyclic_shift.ip_user_files/bd/cyclic_gen/ip/cyclic_gen_base_sequence_0_1/base_seq.srcs/sources_1/ip/scramble_sequence_1bit_0/scamble_sequence.srcs/sources_1/new/scramble_sequence.v:23]
INFO: [VRFC 10-311] analyzing module x1_x2_init
WARNING: [VRFC 10-3609] overwriting previous definition of module 'x1_x2_init' [D:/FPGA/Vivaldo Project/PUCCH-FORMAT-1/cyclic_shift_gen/cyclic_shift.ip_user_files/bd/cyclic_gen/ip/cyclic_gen_base_sequence_0_1/base_seq.srcs/sources_1/ip/scramble_sequence_1bit_0/scamble_sequence.srcs/sources_1/new/scramble_sequence.v:106]
INFO: [VRFC 10-2263] Analyzing Verilog file "D:/FPGA/Vivaldo Project/PUCCH-FORMAT-1/cyclic_shift_gen/cyclic_shift.ip_user_files/bd/cyclic_gen/ip/cyclic_gen_base_sequence_0_1/base_seq.srcs/sources_1/ip/scramble_sequence_1bit_0/sim/scramble_sequence_1bit_0.v" into library xil_defaultlib
INFO: [VRFC 10-311] analyzing module scramble_sequence_1bit_0
WARNING: [VRFC 10-3609] overwriting previous definition of module 'scramble_sequence_1bit_0' [D:/FPGA/Vivaldo Project/PUCCH-FORMAT-1/cyclic_shift_gen/cyclic_shift.ip_user_files/bd/cyclic_gen/ip/cyclic_gen_base_sequence_0_1/base_seq.srcs/sources_1/ip/scramble_sequence_1bit_0/sim/scramble_sequence_1bit_0.v:57]
INFO: [VRFC 10-2263] Analyzing Verilog file "D:/FPGA/Vivaldo Project/PUCCH-FORMAT-1/cyclic_shift_gen/cyclic_shift.ip_user_files/bd/cyclic_gen/ip/cyclic_gen_base_sequence_0_1/base_seq.srcs/sources_1/ip/modulo_30_1/modulo_n.srcs/sources_1/new/modulo_n.v" into library xil_defaultlib
INFO: [VRFC 10-311] analyzing module modulo_30
WARNING: [VRFC 10-3609] overwriting previous definition of module 'modulo_30' [D:/FPGA/Vivaldo Project/PUCCH-FORMAT-1/cyclic_shift_gen/cyclic_shift.ip_user_files/bd/cyclic_gen/ip/cyclic_gen_base_sequence_0_1/base_seq.srcs/sources_1/ip/modulo_30_1/modulo_n.srcs/sources_1/new/modulo_n.v:23]
INFO: [VRFC 10-2263] Analyzing Verilog file "D:/FPGA/Vivaldo Project/PUCCH-FORMAT-1/cyclic_shift_gen/cyclic_shift.ip_user_files/bd/cyclic_gen/ip/cyclic_gen_base_sequence_0_1/base_seq.srcs/sources_1/ip/modulo_30_1/sim/modulo_30_1.v" into library xil_defaultlib
INFO: [VRFC 10-311] analyzing module modulo_30_1
WARNING: [VRFC 10-3609] overwriting previous definition of module 'modulo_30_1' [D:/FPGA/Vivaldo Project/PUCCH-FORMAT-1/cyclic_shift_gen/cyclic_shift.ip_user_files/bd/cyclic_gen/ip/cyclic_gen_base_sequence_0_1/base_seq.srcs/sources_1/ip/modulo_30_1/sim/modulo_30_1.v:57]
INFO: [VRFC 10-2263] Analyzing Verilog file "D:/FPGA/Vivaldo Project/PUCCH-FORMAT-1/cyclic_shift_gen/cyclic_shift.ip_user_files/bd/cyclic_gen/ip/cyclic_gen_base_sequence_0_1/base_seq.srcs/sources_1/ip/scramble_sequence_8bits_0/scamble_sequence.srcs/sources_1/new/scramble_sequence.v" into library xil_defaultlib
INFO: [VRFC 10-311] analyzing module scramble_sequence_8bits
WARNING: [VRFC 10-3609] overwriting previous definition of module 'scramble_sequence_8bits' [D:/FPGA/Vivaldo Project/PUCCH-FORMAT-1/cyclic_shift_gen/cyclic_shift.ip_user_files/bd/cyclic_gen/ip/cyclic_gen_base_sequence_0_1/base_seq.srcs/sources_1/ip/scramble_sequence_8bits_0/scamble_sequence.srcs/sources_1/new/scramble_sequence.v:23]
INFO: [VRFC 10-311] analyzing module x1_x2_init
WARNING: [VRFC 10-3609] overwriting previous definition of module 'x1_x2_init' [D:/FPGA/Vivaldo Project/PUCCH-FORMAT-1/cyclic_shift_gen/cyclic_shift.ip_user_files/bd/cyclic_gen/ip/cyclic_gen_base_sequence_0_1/base_seq.srcs/sources_1/ip/scramble_sequence_8bits_0/scamble_sequence.srcs/sources_1/new/scramble_sequence.v:115]
INFO: [VRFC 10-2263] Analyzing Verilog file "D:/FPGA/Vivaldo Project/PUCCH-FORMAT-1/cyclic_shift_gen/cyclic_shift.ip_user_files/bd/cyclic_gen/ip/cyclic_gen_base_sequence_0_1/base_seq.srcs/sources_1/ip/scramble_sequence_8bits_0/sim/scramble_sequence_8bits_0.v" into library xil_defaultlib
INFO: [VRFC 10-311] analyzing module scramble_sequence_8bits_0
WARNING: [VRFC 10-3609] overwriting previous definition of module 'scramble_sequence_8bits_0' [D:/FPGA/Vivaldo Project/PUCCH-FORMAT-1/cyclic_shift_gen/cyclic_shift.ip_user_files/bd/cyclic_gen/ip/cyclic_gen_base_sequence_0_1/base_seq.srcs/sources_1/ip/scramble_sequence_8bits_0/sim/scramble_sequence_8bits_0.v:57]
INFO: [VRFC 10-2263] Analyzing Verilog file "D:/FPGA/Vivaldo Project/PUCCH-FORMAT-1/cyclic_shift_gen/cyclic_shift.ip_user_files/bd/cyclic_gen/ip/cyclic_gen_base_sequence_0_1/base_seq.srcs/sources_1/ip/modulo_30_0/modulo_n.srcs/sources_1/new/modulo_n.v" into library xil_defaultlib
INFO: [VRFC 10-311] analyzing module modulo_30
WARNING: [VRFC 10-3609] overwriting previous definition of module 'modulo_30' [D:/FPGA/Vivaldo Project/PUCCH-FORMAT-1/cyclic_shift_gen/cyclic_shift.ip_user_files/bd/cyclic_gen/ip/cyclic_gen_base_sequence_0_1/base_seq.srcs/sources_1/ip/modulo_30_0/modulo_n.srcs/sources_1/new/modulo_n.v:23]
INFO: [VRFC 10-2263] Analyzing Verilog file "D:/FPGA/Vivaldo Project/PUCCH-FORMAT-1/cyclic_shift_gen/cyclic_shift.ip_user_files/bd/cyclic_gen/ip/cyclic_gen_base_sequence_0_1/base_seq.srcs/sources_1/ip/modulo_30_0/sim/modulo_30_0.v" into library xil_defaultlib
INFO: [VRFC 10-311] analyzing module modulo_30_0
WARNING: [VRFC 10-3609] overwriting previous definition of module 'modulo_30_0' [D:/FPGA/Vivaldo Project/PUCCH-FORMAT-1/cyclic_shift_gen/cyclic_shift.ip_user_files/bd/cyclic_gen/ip/cyclic_gen_base_sequence_0_1/base_seq.srcs/sources_1/ip/modulo_30_0/sim/modulo_30_0.v:57]
INFO: [VRFC 10-2263] Analyzing Verilog file "D:/FPGA/Vivaldo Project/PUCCH-FORMAT-1/cyclic_shift_gen/cyclic_shift.ip_user_files/bd/cyclic_gen/ip/cyclic_gen_base_sequence_0_1/sim/cyclic_gen_base_sequence_0_1.v" into library xil_defaultlib
INFO: [VRFC 10-311] analyzing module cyclic_gen_base_sequence_0_1
INFO: [VRFC 10-2263] Analyzing Verilog file "D:/FPGA/Vivaldo Project/PUCCH-FORMAT-1/cyclic_shift_gen/cyclic_shift.ip_user_files/bd/cyclic_gen/ip/cyclic_gen_n_cs_gen_0_0/sources_1/ip/ncs_gen_fifo/sim/ncs_gen_fifo.v" into library xil_defaultlib
INFO: [VRFC 10-311] analyzing module ncs_gen_fifo
INFO: [VRFC 10-2263] Analyzing Verilog file "D:/FPGA/Vivaldo Project/PUCCH-FORMAT-1/cyclic_shift_gen/cyclic_shift.ip_user_files/bd/cyclic_gen/ip/cyclic_gen_n_cs_gen_0_0/sources_1/ip/ncs_scra_seq_8/scamble_sequence.srcs/sources_1/new/scramble_sequence.v" into library xil_defaultlib
INFO: [VRFC 10-311] analyzing module scramble_sequence_8bits
WARNING: [VRFC 10-3609] overwriting previous definition of module 'scramble_sequence_8bits' [D:/FPGA/Vivaldo Project/PUCCH-FORMAT-1/cyclic_shift_gen/cyclic_shift.ip_user_files/bd/cyclic_gen/ip/cyclic_gen_n_cs_gen_0_0/sources_1/ip/ncs_scra_seq_8/scamble_sequence.srcs/sources_1/new/scramble_sequence.v:23]
INFO: [VRFC 10-311] analyzing module x1_x2_init
WARNING: [VRFC 10-3609] overwriting previous definition of module 'x1_x2_init' [D:/FPGA/Vivaldo Project/PUCCH-FORMAT-1/cyclic_shift_gen/cyclic_shift.ip_user_files/bd/cyclic_gen/ip/cyclic_gen_n_cs_gen_0_0/sources_1/ip/ncs_scra_seq_8/scamble_sequence.srcs/sources_1/new/scramble_sequence.v:115]
INFO: [VRFC 10-2263] Analyzing Verilog file "D:/FPGA/Vivaldo Project/PUCCH-FORMAT-1/cyclic_shift_gen/cyclic_shift.ip_user_files/bd/cyclic_gen/ip/cyclic_gen_n_cs_gen_0_0/sources_1/ip/ncs_scra_seq_8/sim/ncs_scra_seq_8.v" into library xil_defaultlib
INFO: [VRFC 10-311] analyzing module ncs_scra_seq_8
INFO: [VRFC 10-2263] Analyzing Verilog file "D:/FPGA/Vivaldo Project/PUCCH-FORMAT-1/cyclic_shift_gen/cyclic_shift.ip_user_files/bd/cyclic_gen/ipshared/2aa0/sources_1/new/n_cs_gen.v" into library xil_defaultlib
INFO: [VRFC 10-311] analyzing module n_cs_gen
INFO: [VRFC 10-2263] Analyzing Verilog file "D:/FPGA/Vivaldo Project/PUCCH-FORMAT-1/cyclic_shift_gen/cyclic_shift.ip_user_files/bd/cyclic_gen/ip/cyclic_gen_n_cs_gen_0_0/sim/cyclic_gen_n_cs_gen_0_0.v" into library xil_defaultlib
INFO: [VRFC 10-311] analyzing module cyclic_gen_n_cs_gen_0_0
INFO: [VRFC 10-2263] Analyzing Verilog file "D:/FPGA/Vivaldo Project/PUCCH-FORMAT-1/cyclic_shift_gen/cyclic_shift.ip_user_files/bd/cyclic_gen/ip/cyclic_gen_phase_gen_0_0/phase_gen.srcs/sources_1/ip/modulo_12_1_nomalize/new/modulo_12.v" into library xil_defaultlib
INFO: [VRFC 10-311] analyzing module modulo_12
INFO: [VRFC 10-2263] Analyzing Verilog file "D:/FPGA/Vivaldo Project/PUCCH-FORMAT-1/cyclic_shift_gen/cyclic_shift.ip_user_files/bd/cyclic_gen/ip/cyclic_gen_phase_gen_0_0/phase_gen.srcs/sources_1/ip/modulo_12_1_nomalize/sim/modulo_12_1_nomalize.v" into library xil_defaultlib
INFO: [VRFC 10-311] analyzing module modulo_12_1_nomalize
INFO: [VRFC 10-2263] Analyzing Verilog file "D:/FPGA/Vivaldo Project/PUCCH-FORMAT-1/cyclic_shift_gen/cyclic_shift.ip_user_files/bd/cyclic_gen/ip/cyclic_gen_phase_gen_0_0/phase_gen.srcs/sources_1/ip/dis_alpha_gen_0/new/dis_alpha_gen.v" into library xil_defaultlib
INFO: [VRFC 10-311] analyzing module dis_alpha_gen
INFO: [VRFC 10-2263] Analyzing Verilog file "D:/FPGA/Vivaldo Project/PUCCH-FORMAT-1/cyclic_shift_gen/cyclic_shift.ip_user_files/bd/cyclic_gen/ip/cyclic_gen_phase_gen_0_0/phase_gen.srcs/sources_1/ip/dis_alpha_gen_0/sim/dis_alpha_gen_0.v" into library xil_defaultlib
INFO: [VRFC 10-311] analyzing module dis_alpha_gen_0
INFO: [VRFC 10-2263] Analyzing Verilog file "D:/FPGA/Vivaldo Project/PUCCH-FORMAT-1/cyclic_shift_gen/cyclic_shift.ip_user_files/bd/cyclic_gen/ip/cyclic_gen_phase_gen_0_0/phase_gen.srcs/sources_1/ip/alpha_modulo_12_0/new/modulo_12.v" into library xil_defaultlib
INFO: [VRFC 10-311] analyzing module modulo_12
WARNING: [VRFC 10-3609] overwriting previous definition of module 'modulo_12' [D:/FPGA/Vivaldo Project/PUCCH-FORMAT-1/cyclic_shift_gen/cyclic_shift.ip_user_files/bd/cyclic_gen/ip/cyclic_gen_phase_gen_0_0/phase_gen.srcs/sources_1/ip/alpha_modulo_12_0/new/modulo_12.v:24]
INFO: [VRFC 10-2263] Analyzing Verilog file "D:/FPGA/Vivaldo Project/PUCCH-FORMAT-1/cyclic_shift_gen/cyclic_shift.ip_user_files/bd/cyclic_gen/ip/cyclic_gen_phase_gen_0_0/phase_gen.srcs/sources_1/ip/alpha_modulo_12_0/sim/alpha_modulo_12_0.v" into library xil_defaultlib
INFO: [VRFC 10-311] analyzing module alpha_modulo_12_0
INFO: [VRFC 10-2263] Analyzing Verilog file "D:/FPGA/Vivaldo Project/PUCCH-FORMAT-1/cyclic_shift_gen/cyclic_shift.ip_user_files/bd/cyclic_gen/ipshared/ce59/phase_gen.srcs/sources_1/new/phase_gen.v" into library xil_defaultlib
INFO: [VRFC 10-311] analyzing module phase_gen
INFO: [VRFC 10-2263] Analyzing Verilog file "D:/FPGA/Vivaldo Project/PUCCH-FORMAT-1/cyclic_shift_gen/cyclic_shift.ip_user_files/bd/cyclic_gen/ip/cyclic_gen_phase_gen_0_0/sim/cyclic_gen_phase_gen_0_0.v" into library xil_defaultlib
INFO: [VRFC 10-311] analyzing module cyclic_gen_phase_gen_0_0
INFO: [VRFC 10-2263] Analyzing Verilog file "D:/FPGA/Vivaldo Project/PUCCH-FORMAT-1/cyclic_shift_gen/cyclic_shift.ip_user_files/bd/cyclic_gen/ipshared/1390/sources_1/new/nfs_gen.v" into library xil_defaultlib
INFO: [VRFC 10-311] analyzing module nfs_gen
INFO: [VRFC 10-2263] Analyzing Verilog file "D:/FPGA/Vivaldo Project/PUCCH-FORMAT-1/cyclic_shift_gen/cyclic_shift.ip_user_files/bd/cyclic_gen/ip/cyclic_gen_nfs_gen_0_0/sim/cyclic_gen_nfs_gen_0_0.v" into library xil_defaultlib
INFO: [VRFC 10-311] analyzing module cyclic_gen_nfs_gen_0_0
INFO: [VRFC 10-2263] Analyzing Verilog file "D:/FPGA/Vivaldo Project/PUCCH-FORMAT-1/cyclic_shift_gen/cyclic_shift.ip_user_files/bd/cyclic_gen/ip/cyclic_gen_ba_seq_control_0_0/ba_seq_control.srcs/sources_1/ip/base_se_control_blk_1/sim/base_se_control_blk_1.v" into library xil_defaultlib
INFO: [VRFC 10-311] analyzing module base_se_control_blk_1
INFO: [VRFC 10-2263] Analyzing Verilog file "D:/FPGA/Vivaldo Project/PUCCH-FORMAT-1/cyclic_shift_gen/cyclic_shift.ip_user_files/bd/cyclic_gen/ip/cyclic_gen_ba_seq_control_0_0/ba_seq_control.srcs/sources_1/ip/ba_seq_control_blk_0/sim/ba_seq_control_blk_0.v" into library xil_defaultlib
INFO: [VRFC 10-311] analyzing module ba_seq_control_blk_0
INFO: [VRFC 10-2263] Analyzing Verilog file "D:/FPGA/Vivaldo Project/PUCCH-FORMAT-1/cyclic_shift_gen/cyclic_shift.ip_user_files/bd/cyclic_gen/ipshared/1353/ba_seq_control.srcs/sources_1/new/ba_seq_control.v" into library xil_defaultlib
INFO: [VRFC 10-311] analyzing module ba_seq_control
INFO: [VRFC 10-2263] Analyzing Verilog file "D:/FPGA/Vivaldo Project/PUCCH-FORMAT-1/cyclic_shift_gen/cyclic_shift.ip_user_files/bd/cyclic_gen/ip/cyclic_gen_ba_seq_control_0_0/sim/cyclic_gen_ba_seq_control_0_0.v" into library xil_defaultlib
INFO: [VRFC 10-311] analyzing module cyclic_gen_ba_seq_control_0_0
INFO: [VRFC 10-2263] Analyzing Verilog file "D:/FPGA/Vivaldo Project/PUCCH-FORMAT-1/cyclic_shift_gen/cyclic_shift.ip_user_files/bd/cyclic_gen/ipshared/7068/sources_1/new/com_mul_cyclic.v" into library xil_defaultlib
INFO: [VRFC 10-311] analyzing module com_mul_cyclic
INFO: [VRFC 10-2263] Analyzing Verilog file "D:/FPGA/Vivaldo Project/PUCCH-FORMAT-1/cyclic_shift_gen/cyclic_shift.ip_user_files/bd/cyclic_gen/ip/cyclic_gen_com_mul_cyclic_0_0/sim/cyclic_gen_com_mul_cyclic_0_0.v" into library xil_defaultlib
INFO: [VRFC 10-311] analyzing module cyclic_gen_com_mul_cyclic_0_0
INFO: [VRFC 10-2263] Analyzing Verilog file "D:/FPGA/Vivaldo Project/PUCCH-FORMAT-1/cyclic_shift_gen/cyclic_shift.ip_user_files/bd/cyclic_gen/ip/cyclic_gen_xlconstant_0_0/sim/cyclic_gen_xlconstant_0_0.v" into library xil_defaultlib
INFO: [VRFC 10-311] analyzing module cyclic_gen_xlconstant_0_0
INFO: [VRFC 10-2263] Analyzing Verilog file "D:/FPGA/Vivaldo Project/PUCCH-FORMAT-1/cyclic_shift_gen/cyclic_shift.ip_user_files/bd/cyclic_gen/ip/cyclic_gen_xlconstant_0_1/sim/cyclic_gen_xlconstant_0_1.v" into library xil_defaultlib
INFO: [VRFC 10-311] analyzing module cyclic_gen_xlconstant_0_1
INFO: [VRFC 10-2263] Analyzing Verilog file "D:/FPGA/Vivaldo Project/PUCCH-FORMAT-1/cyclic_shift_gen/cyclic_shift.ip_user_files/bd/cyclic_gen/ip/cyclic_gen_xlconstant_0_2/sim/cyclic_gen_xlconstant_0_2.v" into library xil_defaultlib
INFO: [VRFC 10-311] analyzing module cyclic_gen_xlconstant_0_2
INFO: [VRFC 10-2263] Analyzing Verilog file "D:/FPGA/Vivaldo Project/PUCCH-FORMAT-1/cyclic_shift_gen/cyclic_shift.ip_user_files/bd/cyclic_gen/ip/cyclic_gen_phase_gen_control_0_0/phase_gen_control.srcs/sources_1/ip/phase_fifo_0/sim/phase_fifo_0.v" into library xil_defaultlib
INFO: [VRFC 10-311] analyzing module phase_fifo_0
INFO: [VRFC 10-2263] Analyzing Verilog file "D:/FPGA/Vivaldo Project/PUCCH-FORMAT-1/cyclic_shift_gen/cyclic_shift.ip_user_files/bd/cyclic_gen/ipshared/1744/phase_gen_control.srcs/sources_1/new/phase_gen_control.v" into library xil_defaultlib
INFO: [VRFC 10-311] analyzing module phase_gen_control
INFO: [VRFC 10-2263] Analyzing Verilog file "D:/FPGA/Vivaldo Project/PUCCH-FORMAT-1/cyclic_shift_gen/cyclic_shift.ip_user_files/bd/cyclic_gen/ip/cyclic_gen_phase_gen_control_0_0/sim/cyclic_gen_phase_gen_control_0_0.v" into library xil_defaultlib
INFO: [VRFC 10-311] analyzing module cyclic_gen_phase_gen_control_0_0
INFO: [VRFC 10-2263] Analyzing Verilog file "D:/FPGA/Vivaldo Project/PUCCH-FORMAT-1/cyclic_shift_gen/cyclic_shift.ip_user_files/bd/cyclic_gen/sim/cyclic_gen.v" into library xil_defaultlib
INFO: [VRFC 10-311] analyzing module cyclic_gen
INFO: [VRFC 10-2263] Analyzing Verilog file "D:/FPGA/Vivaldo Project/PUCCH-FORMAT-1/cyclic_shift_gen/cyclic_shift.srcs/sources_1/imports/hdl/cyclic_gen_wrapper.v" into library xil_defaultlib
INFO: [VRFC 10-311] analyzing module cyclic_gen_wrapper
INFO: [VRFC 10-2263] Analyzing Verilog file "D:/FPGA/Vivaldo Project/PUCCH-FORMAT-1/cyclic_shift_gen/cyclic_shift.srcs/sim_1/new/tb.v" into library xil_defaultlib
INFO: [VRFC 10-311] analyzing module tb
