#-----------------------------------------------------------
# Vivado v2019.2 (64-bit)
# SW Build 2708876 on Wed Nov  6 21:40:23 MST 2019
# IP Build 2700528 on Thu Nov  7 00:09:20 MST 2019
# Start of session at: Mon Mar 16 16:03:07 2026
# Process ID: 22908
# Current directory: D:/FPGA/Vivaldo Project/PUCCH-FORMAT-1/ofdm_demodulation
# Command line: vivado.exe -gui_launcher_event rodinguilauncherevent28864 D:\FPGA\Vivaldo Project\PUCCH-FORMAT-1\ofdm_demodulation\ofdm_demodulation.xpr
# Log file: D:/FPGA/Vivaldo Project/PUCCH-FORMAT-1/ofdm_demodulation/vivado.log
# Journal file: D:/FPGA/Vivaldo Project/PUCCH-FORMAT-1/ofdm_demodulation\vivado.jou
#-----------------------------------------------------------
start_gui
open_project {D:/FPGA/Vivaldo Project/PUCCH-FORMAT-1/ofdm_demodulation/ofdm_demodulation.xpr}
INFO: [Project 1-313] Project file moved from 'D:/FPGA/Vivaldo Project/PUCCH-FORMAT-0/ofdm_demodulation' since last save.
Scanning sources...
Finished scanning sources
INFO: [IP_Flow 19-234] Refreshing IP repositories
INFO: [IP_Flow 19-1700] Loaded user IP repository 'd:/fpga/vivaldo project/pucch-format-0/ofdm_demodulation'.
INFO: [IP_Flow 19-1700] Loaded user IP repository 'd:/FPGA/Vivaldo Project/PUCCH-FORMAT-1/all_sub_ips'.
INFO: [IP_Flow 19-2313] Loaded Vivado IP repository 'D:/Xilinx/Vivado/2019.2/data/ip'.
WARNING: [IP_Flow 19-1663] Duplicate IP found for 'xilinx.com:user:n_cs_gen:1.0'. The one found in IP location 'd:/FPGA/Vivaldo Project/PUCCH-FORMAT-1/all_sub_ips/n_cs_gen/n_cs_gen.srcs' will take precedence over the same IP in location d:/FPGA/Vivaldo Project/PUCCH-FORMAT-1/all_sub_ips/n_cs_gen
open_project: Time (s): cpu = 00:00:13 ; elapsed = 00:00:08 . Memory (MB): peak = 931.910 ; gain = 235.668
update_compile_order -fileset sources_1
close_project
