#-----------------------------------------------------------
# Vivado v2019.2 (64-bit)
# SW Build 2708876 on Wed Nov  6 21:40:23 MST 2019
# IP Build 2700528 on Thu Nov  7 00:09:20 MST 2019
# Start of session at: Mon Mar 16 16:05:12 2026
# Process ID: 26152
# Current directory: D:/FPGA/Vivaldo Project/PUCCH-FORMAT-1/resoure_demapping
# Command line: vivado.exe -gui_launcher_event rodinguilauncherevent33924 D:\FPGA\Vivaldo Project\PUCCH-FORMAT-1\resoure_demapping\demapping.xpr
# Log file: D:/FPGA/Vivaldo Project/PUCCH-FORMAT-1/resoure_demapping/vivado.log
# Journal file: D:/FPGA/Vivaldo Project/PUCCH-FORMAT-1/resoure_demapping\vivado.jou
#-----------------------------------------------------------
start_gui
open_project {D:/FPGA/Vivaldo Project/PUCCH-FORMAT-1/resoure_demapping/demapping.xpr}
Scanning sources...
Finished scanning sources
INFO: [IP_Flow 19-234] Refreshing IP repositories
INFO: [IP_Flow 19-1700] Loaded user IP repository 'd:/fpga/vivaldo project/pucch-format-1/resoure_demapping'.
INFO: [IP_Flow 19-1700] Loaded user IP repository 'd:/fpga/vivaldo project/pucch-format-0/resoure_demapping'.
INFO: [IP_Flow 19-1700] Loaded user IP repository 'd:/FPGA/Vivaldo Project/PUCCH-FORMAT-1/all_sub_ips'.
INFO: [IP_Flow 19-1700] Loaded user IP repository 'd:/FPGA/Vivaldo Project/PUCCH-FORMAT-1/frame_sync'.
INFO: [IP_Flow 19-2313] Loaded Vivado IP repository 'D:/Xilinx/Vivado/2019.2/data/ip'.
WARNING: [IP_Flow 19-1663] Duplicate IP found for 'xilinx.com:user:demapping:1.0'. The one found in IP location 'd:/fpga/vivaldo project/pucch-format-0/resoure_demapping' will take precedence over the same IP in location d:/fpga/vivaldo project/pucch-format-1/resoure_demapping
WARNING: [IP_Flow 19-1663] Duplicate IP found for 'xilinx.com:user:n_cs_gen:1.0'. The one found in IP location 'd:/FPGA/Vivaldo Project/PUCCH-FORMAT-1/all_sub_ips/n_cs_gen/n_cs_gen.srcs' will take precedence over the same IP in location d:/FPGA/Vivaldo Project/PUCCH-FORMAT-1/all_sub_ips/n_cs_gen
open_project: Time (s): cpu = 00:00:16 ; elapsed = 00:00:07 . Memory (MB): peak = 908.133 ; gain = 204.121
update_compile_order -fileset sources_1
