#-----------------------------------------------------------
# Vivado v2019.2 (64-bit)
# SW Build 2708876 on Wed Nov  6 21:40:23 MST 2019
# IP Build 2700528 on Thu Nov  7 00:09:20 MST 2019
# Start of session at: Mon Mar 16 19:07:46 2026
# Process ID: 34124
# Current directory: D:/FPGA/Vivaldo Project/PUCCH-FORMAT-1/all_sub_ips/scamble_sequence_8bits
# Command line: vivado.exe -gui_launcher_event rodinguilauncherevent17616 D:\FPGA\Vivaldo Project\PUCCH-FORMAT-1\all_sub_ips\scamble_sequence_8bits\scamble_sequence.xpr
# Log file: D:/FPGA/Vivaldo Project/PUCCH-FORMAT-1/all_sub_ips/scamble_sequence_8bits/vivado.log
# Journal file: D:/FPGA/Vivaldo Project/PUCCH-FORMAT-1/all_sub_ips/scamble_sequence_8bits\vivado.jou
#-----------------------------------------------------------
start_gui
open_project {D:/FPGA/Vivaldo Project/PUCCH-FORMAT-1/all_sub_ips/scamble_sequence_8bits/scamble_sequence.xpr}
Scanning sources...
Finished scanning sources
WARNING: [filemgmt 56-3] IP Repository Path: Could not find the directory 'D:/FPGA/Vivaldo Project/PUCCH-FORMAT-1/ofdm_demodulation/fpga/vivaldo project/pucch format 0/pucch-format-0/cyclic_shift_generator/scamble_sequence_8bits'.
WARNING: [filemgmt 56-3] IP Repository Path: Could not find the directory 'D:/FPGA/Vivaldo Project/PUCCH-FORMAT-1/ofdm_demodulation/fpga/vivaldo project/pucch format 0/pucch-format-0/cyclic_shift_generator/scamble_sequence'.
INFO: [IP_Flow 19-234] Refreshing IP repositories
INFO: [IP_Flow 19-1700] Loaded user IP repository 'd:/fpga/vivaldo project/pucch-format-0/all_sub_ips/scamble_sequence_8bits'.
WARNING: [IP_Flow 19-2248] Failed to load user IP repository 'd:/FPGA/Vivaldo Project/PUCCH-FORMAT-1/ofdm_demodulation/fpga/vivaldo project/pucch format 0/pucch-format-0/cyclic_shift_generator/scamble_sequence_8bits'; Can't find the specified path.
If this directory should no longer be in your list of user repositories, go to the IP Settings dialog and remove it.
WARNING: [IP_Flow 19-2248] Failed to load user IP repository 'd:/FPGA/Vivaldo Project/PUCCH-FORMAT-1/ofdm_demodulation/fpga/vivaldo project/pucch format 0/pucch-format-0/cyclic_shift_generator/scamble_sequence'; Can't find the specified path.
If this directory should no longer be in your list of user repositories, go to the IP Settings dialog and remove it.
INFO: [IP_Flow 19-2313] Loaded Vivado IP repository 'D:/Xilinx/Vivado/2019.2/data/ip'.
open_project: Time (s): cpu = 00:00:12 ; elapsed = 00:00:06 . Memory (MB): peak = 911.312 ; gain = 197.070
update_compile_order -fileset sources_1
launch_simulation
Command: launch_simulation 
INFO: [Vivado 12-5682] Launching behavioral simulation in 'D:/FPGA/Vivaldo Project/PUCCH-FORMAT-1/all_sub_ips/scamble_sequence_8bits/scamble_sequence.sim/sim_1/behav/xsim'
INFO: [SIM-utils-51] Simulation object is 'sim_1'
INFO: [SIM-utils-54] Inspecting design source files for 'tb' in fileset 'sim_1'...
INFO: [USF-XSim-97] Finding global include files...
INFO: [USF-XSim-98] Fetching design files from 'sim_1'...
INFO: [USF-XSim-2] XSim::Compile design
INFO: [USF-XSim-61] Executing 'COMPILE and ANALYZE' step in 'D:/FPGA/Vivaldo Project/PUCCH-FORMAT-1/all_sub_ips/scamble_sequence_8bits/scamble_sequence.sim/sim_1/behav/xsim'
"xvlog --incr --relax -prj tb_vlog.prj"
INFO: [USF-XSim-69] 'compile' step finished in '1' seconds
INFO: [USF-XSim-3] XSim::Elaborate design
INFO: [USF-XSim-61] Executing 'ELABORATE' step in 'D:/FPGA/Vivaldo Project/PUCCH-FORMAT-1/all_sub_ips/scamble_sequence_8bits/scamble_sequence.sim/sim_1/behav/xsim'
"xelab -wto 015dd0a8a22a41a38dcb9bfbdbe1c467 --incr --debug typical --relax --mt 2 -L xil_defaultlib -L unisims_ver -L unimacro_ver -L secureip --snapshot tb_behav xil_defaultlib.tb xil_defaultlib.glbl -log elaborate.log"
Vivado Simulator 2019.2
Copyright 1986-1999, 2001-2019 Xilinx, Inc. All Rights Reserved.
Running: D:/Xilinx/Vivado/2019.2/bin/unwrapped/win64.o/xelab.exe -wto 015dd0a8a22a41a38dcb9bfbdbe1c467 --incr --debug typical --relax --mt 2 -L xil_defaultlib -L unisims_ver -L unimacro_ver -L secureip --snapshot tb_behav xil_defaultlib.tb xil_defaultlib.glbl -log elaborate.log 
Using 2 slave threads.
Starting static elaboration
Pass Through NonSizing Optimizer
WARNING: [VRFC 10-3091] actual bit length 8 differs from formal bit length 1 for port 'out_valid' [D:/FPGA/Vivaldo Project/PUCCH-FORMAT-1/all_sub_ips/scamble_sequence_8bits/scamble_sequence.srcs/sim_1/new/tb.v:32]
WARNING: [VRFC 10-3283] element index 31 into 'temp_in' is out of bounds [D:/FPGA/Vivaldo Project/PUCCH-FORMAT-1/all_sub_ips/scamble_sequence_8bits/scamble_sequence.srcs/sources_1/new/scramble_sequence.v:127]
WARNING: [VRFC 10-3283] element index 31 into 'temp_in' is out of bounds [D:/FPGA/Vivaldo Project/PUCCH-FORMAT-1/all_sub_ips/scamble_sequence_8bits/scamble_sequence.srcs/sources_1/new/scramble_sequence.v:128]
WARNING: [VRFC 10-3283] element index 31 into 'temp_in' is out of bounds [D:/FPGA/Vivaldo Project/PUCCH-FORMAT-1/all_sub_ips/scamble_sequence_8bits/scamble_sequence.srcs/sources_1/new/scramble_sequence.v:129]
WARNING: [VRFC 10-3283] element index 31 into 'temp_in' is out of bounds [D:/FPGA/Vivaldo Project/PUCCH-FORMAT-1/all_sub_ips/scamble_sequence_8bits/scamble_sequence.srcs/sources_1/new/scramble_sequence.v:130]
WARNING: [VRFC 10-3283] element index 31 into 'temp_in' is out of bounds [D:/FPGA/Vivaldo Project/PUCCH-FORMAT-1/all_sub_ips/scamble_sequence_8bits/scamble_sequence.srcs/sources_1/new/scramble_sequence.v:131]
WARNING: [VRFC 10-3283] element index 31 into 'temp_in' is out of bounds [D:/FPGA/Vivaldo Project/PUCCH-FORMAT-1/all_sub_ips/scamble_sequence_8bits/scamble_sequence.srcs/sources_1/new/scramble_sequence.v:132]
WARNING: [VRFC 10-3283] element index 31 into 'temp_in' is out of bounds [D:/FPGA/Vivaldo Project/PUCCH-FORMAT-1/all_sub_ips/scamble_sequence_8bits/scamble_sequence.srcs/sources_1/new/scramble_sequence.v:133]
WARNING: [VRFC 10-3283] element index 31 into 'temp_in' is out of bounds [D:/FPGA/Vivaldo Project/PUCCH-FORMAT-1/all_sub_ips/scamble_sequence_8bits/scamble_sequence.srcs/sources_1/new/scramble_sequence.v:134]
WARNING: [VRFC 10-3283] element index 31 into 'temp_in' is out of bounds [D:/FPGA/Vivaldo Project/PUCCH-FORMAT-1/all_sub_ips/scamble_sequence_8bits/scamble_sequence.srcs/sources_1/new/scramble_sequence.v:135]
WARNING: [VRFC 10-3283] element index 31 into 'temp_in' is out of bounds [D:/FPGA/Vivaldo Project/PUCCH-FORMAT-1/all_sub_ips/scamble_sequence_8bits/scamble_sequence.srcs/sources_1/new/scramble_sequence.v:136]
WARNING: [VRFC 10-3283] element index 31 into 'temp_in' is out of bounds [D:/FPGA/Vivaldo Project/PUCCH-FORMAT-1/all_sub_ips/scamble_sequence_8bits/scamble_sequence.srcs/sources_1/new/scramble_sequence.v:137]
WARNING: [VRFC 10-3283] element index 31 into 'temp_in' is out of bounds [D:/FPGA/Vivaldo Project/PUCCH-FORMAT-1/all_sub_ips/scamble_sequence_8bits/scamble_sequence.srcs/sources_1/new/scramble_sequence.v:138]
WARNING: [VRFC 10-3283] element index 31 into 'temp_in' is out of bounds [D:/FPGA/Vivaldo Project/PUCCH-FORMAT-1/all_sub_ips/scamble_sequence_8bits/scamble_sequence.srcs/sources_1/new/scramble_sequence.v:139]
WARNING: [VRFC 10-3283] element index 31 into 'temp_in' is out of bounds [D:/FPGA/Vivaldo Project/PUCCH-FORMAT-1/all_sub_ips/scamble_sequence_8bits/scamble_sequence.srcs/sources_1/new/scramble_sequence.v:140]
WARNING: [VRFC 10-3283] element index 31 into 'temp_in' is out of bounds [D:/FPGA/Vivaldo Project/PUCCH-FORMAT-1/all_sub_ips/scamble_sequence_8bits/scamble_sequence.srcs/sources_1/new/scramble_sequence.v:141]
WARNING: [VRFC 10-3283] element index 31 into 'temp_in' is out of bounds [D:/FPGA/Vivaldo Project/PUCCH-FORMAT-1/all_sub_ips/scamble_sequence_8bits/scamble_sequence.srcs/sources_1/new/scramble_sequence.v:142]
WARNING: [VRFC 10-3283] element index 31 into 'temp_in' is out of bounds [D:/FPGA/Vivaldo Project/PUCCH-FORMAT-1/all_sub_ips/scamble_sequence_8bits/scamble_sequence.srcs/sources_1/new/scramble_sequence.v:143]
WARNING: [VRFC 10-3283] element index 31 into 'temp_in' is out of bounds [D:/FPGA/Vivaldo Project/PUCCH-FORMAT-1/all_sub_ips/scamble_sequence_8bits/scamble_sequence.srcs/sources_1/new/scramble_sequence.v:144]
WARNING: [VRFC 10-3283] element index 31 into 'temp_in' is out of bounds [D:/FPGA/Vivaldo Project/PUCCH-FORMAT-1/all_sub_ips/scamble_sequence_8bits/scamble_sequence.srcs/sources_1/new/scramble_sequence.v:145]
WARNING: [VRFC 10-3283] element index 31 into 'temp_in' is out of bounds [D:/FPGA/Vivaldo Project/PUCCH-FORMAT-1/all_sub_ips/scamble_sequence_8bits/scamble_sequence.srcs/sources_1/new/scramble_sequence.v:146]
WARNING: [VRFC 10-3283] element index 31 into 'temp_in' is out of bounds [D:/FPGA/Vivaldo Project/PUCCH-FORMAT-1/all_sub_ips/scamble_sequence_8bits/scamble_sequence.srcs/sources_1/new/scramble_sequence.v:147]
WARNING: [VRFC 10-3283] element index 31 into 'temp_in' is out of bounds [D:/FPGA/Vivaldo Project/PUCCH-FORMAT-1/all_sub_ips/scamble_sequence_8bits/scamble_sequence.srcs/sources_1/new/scramble_sequence.v:148]
WARNING: [VRFC 10-3283] element index 31 into 'temp_in' is out of bounds [D:/FPGA/Vivaldo Project/PUCCH-FORMAT-1/all_sub_ips/scamble_sequence_8bits/scamble_sequence.srcs/sources_1/new/scramble_sequence.v:149]
WARNING: [VRFC 10-3283] element index 31 into 'temp_in' is out of bounds [D:/FPGA/Vivaldo Project/PUCCH-FORMAT-1/all_sub_ips/scamble_sequence_8bits/scamble_sequence.srcs/sources_1/new/scramble_sequence.v:150]
WARNING: [VRFC 10-3283] element index 31 into 'temp_in' is out of bounds [D:/FPGA/Vivaldo Project/PUCCH-FORMAT-1/all_sub_ips/scamble_sequence_8bits/scamble_sequence.srcs/sources_1/new/scramble_sequence.v:151]
WARNING: [VRFC 10-3283] element index 31 into 'temp_in' is out of bounds [D:/FPGA/Vivaldo Project/PUCCH-FORMAT-1/all_sub_ips/scamble_sequence_8bits/scamble_sequence.srcs/sources_1/new/scramble_sequence.v:152]
WARNING: [VRFC 10-3283] element index 31 into 'temp_in' is out of bounds [D:/FPGA/Vivaldo Project/PUCCH-FORMAT-1/all_sub_ips/scamble_sequence_8bits/scamble_sequence.srcs/sources_1/new/scramble_sequence.v:153]
WARNING: [VRFC 10-3283] element index 31 into 'temp_in' is out of bounds [D:/FPGA/Vivaldo Project/PUCCH-FORMAT-1/all_sub_ips/scamble_sequence_8bits/scamble_sequence.srcs/sources_1/new/scramble_sequence.v:154]
WARNING: [VRFC 10-3283] element index 31 into 'temp_in' is out of bounds [D:/FPGA/Vivaldo Project/PUCCH-FORMAT-1/all_sub_ips/scamble_sequence_8bits/scamble_sequence.srcs/sources_1/new/scramble_sequence.v:155]
WARNING: [VRFC 10-3283] element index 31 into 'temp_in' is out of bounds [D:/FPGA/Vivaldo Project/PUCCH-FORMAT-1/all_sub_ips/scamble_sequence_8bits/scamble_sequence.srcs/sources_1/new/scramble_sequence.v:156]
WARNING: [VRFC 10-3283] element index 31 into 'temp_in' is out of bounds [D:/FPGA/Vivaldo Project/PUCCH-FORMAT-1/all_sub_ips/scamble_sequence_8bits/scamble_sequence.srcs/sources_1/new/scramble_sequence.v:157]
Completed static elaboration
INFO: [XSIM 43-4323] No Change in HDL. Linking previously generated obj files to create kernel
INFO: [USF-XSim-69] 'elaborate' step finished in '3' seconds
INFO: [USF-XSim-4] XSim::Simulate design
INFO: [USF-XSim-61] Executing 'SIMULATE' step in 'D:/FPGA/Vivaldo Project/PUCCH-FORMAT-1/all_sub_ips/scamble_sequence_8bits/scamble_sequence.sim/sim_1/behav/xsim'
INFO: [USF-XSim-98] *** Running xsim
   with args "tb_behav -key {Behavioral:sim_1:Functional:tb} -tclbatch {tb.tcl} -view {{D:/FPGA/Vivaldo Project/PUCCH-FORMAT-1/all_sub_ips/scamble_sequence_8bits/tb_behav.wcfg}} -log {simulate.log}"
INFO: [USF-XSim-8] Loading simulator feature
Vivado Simulator 2019.2
Time resolution is 1 ps
open_wave_config {D:/FPGA/Vivaldo Project/PUCCH-FORMAT-1/all_sub_ips/scamble_sequence_8bits/tb_behav.wcfg}
source tb.tcl
# set curr_wave [current_wave_config]
# if { [string length $curr_wave] == 0 } {
#   if { [llength [get_objects]] > 0} {
#     add_wave /
#     set_property needs_save false [current_wave_config]
#   } else {
#      send_msg_id Add_Wave-1 WARNING "No top level signals found. Simulator will start without a wave window. If you want to open a wave window go to 'File->New Waveform Configuration' or type 'create_wave_config' in the TCL console."
#   }
# }
# run 1000ns
INFO: [USF-XSim-96] XSim completed. Design snapshot 'tb_behav' loaded.
INFO: [USF-XSim-97] XSim simulation ran for 1000ns
launch_simulation: Time (s): cpu = 00:00:08 ; elapsed = 00:00:10 . Memory (MB): peak = 961.836 ; gain = 27.945
save_wave_config {D:/FPGA/Vivaldo Project/PUCCH-FORMAT-1/all_sub_ips/scamble_sequence_8bits/tb_behav.wcfg}
ipx::open_ipxact_file {D:\fpga\vivaldo project\pucch-format-0\all_sub_ips\scamble_sequence_8bits\component.xml}
WARNING: [IP_Flow 19-5226] Project source file 'd:/fpga/vivaldo project/pucch-format-0/all_sub_ips/scamble_sequence_8bits/component.xml' ignored by IP packager.
WARNING: [IP_Flow 19-3898] File Group 'xilinx_anylanguagesynthesis (Synthesis)': File 'd:/fpga/vivaldo project/pucch-format-0/all_sub_ips/scamble_sequence_8bits/scamble_sequence.srcs/sources_1/new/scramble_sequence.v' is not found in the project sources. It will be removed from the packaged IP when the sources are merged. If still required, please add this file to the project and re-package.
WARNING: [IP_Flow 19-4308] Project file 'd:/FPGA/Vivaldo Project/PUCCH-FORMAT-1/all_sub_ips/scamble_sequence_8bits/scamble_sequence.srcs/sources_1/new/scramble_sequence.v' is not found in the component files. It will be added automatically when merging sources and repackaging. Please remove the file from the source project if this is not desired.
WARNING: [IP_Flow 19-3898] File Group 'xilinx_anylanguagebehavioralsimulation (Simulation)': File 'd:/fpga/vivaldo project/pucch-format-0/all_sub_ips/scamble_sequence_8bits/scamble_sequence.srcs/sources_1/new/scramble_sequence.v' is not found in the project sources. It will be removed from the packaged IP when the sources are merged. If still required, please add this file to the project and re-package.
WARNING: [IP_Flow 19-4308] Project file 'd:/FPGA/Vivaldo Project/PUCCH-FORMAT-1/all_sub_ips/scamble_sequence_8bits/scamble_sequence.srcs/sources_1/new/scramble_sequence.v' is not found in the component files. It will be added automatically when merging sources and repackaging. Please remove the file from the source project if this is not desired.
WARNING: [IP_Flow 19-3898] File Group 'xilinx_testbench (Test Bench)': File 'd:/fpga/vivaldo project/pucch-format-0/all_sub_ips/scamble_sequence_8bits/scamble_sequence.srcs/sim_1/new/tb.v' is not found in the project sources. It will be removed from the packaged IP when the sources are merged. If still required, please add this file to the project and re-package.
WARNING: [IP_Flow 19-3898] File Group 'xilinx_testbench (Test Bench)': File 'd:/fpga/vivaldo project/pucch-format-0/all_sub_ips/scamble_sequence_8bits/tb_behav.wcfg' is not found in the project sources. It will be removed from the packaged IP when the sources are merged. If still required, please add this file to the project and re-package.
WARNING: [IP_Flow 19-4308] Project file 'd:/FPGA/Vivaldo Project/PUCCH-FORMAT-1/all_sub_ips/scamble_sequence_8bits/scamble_sequence.srcs/sim_1/new/tb.v' is not found in the component files. It will be added automatically when merging sources and repackaging. Please remove the file from the source project if this is not desired.
WARNING: [IP_Flow 19-4308] Project file 'd:/FPGA/Vivaldo Project/PUCCH-FORMAT-1/all_sub_ips/scamble_sequence_8bits/tb_behav.wcfg' is not found in the component files. It will be added automatically when merging sources and repackaging. Please remove the file from the source project if this is not desired.
ipx::merge_project_changes ports [ipx::current_core]
WARNING: [IP_Flow 19-5226] Project source file 'd:/fpga/vivaldo project/pucch-format-0/all_sub_ips/scamble_sequence_8bits/component.xml' ignored by IP packager.
WARNING: [IP_Flow 19-5109] File Group 'xilinx_anylanguagesynthesis (Synthesis)': File 'd:/fpga/vivaldo project/pucch-format-0/all_sub_ips/scamble_sequence_8bits/scamble_sequence.srcs/sources_1/new/scramble_sequence.v' does not exist in the project sources. It has been removed from the packaged IP. If still required, please add this file to the project, merge sources and re-package.
WARNING: [IP_Flow 19-5109] File Group 'xilinx_anylanguagebehavioralsimulation (Simulation)': File 'd:/fpga/vivaldo project/pucch-format-0/all_sub_ips/scamble_sequence_8bits/scamble_sequence.srcs/sources_1/new/scramble_sequence.v' does not exist in the project sources. It has been removed from the packaged IP. If still required, please add this file to the project, merge sources and re-package.
WARNING: [IP_Flow 19-5109] File Group 'xilinx_testbench (Test Bench)': File 'd:/fpga/vivaldo project/pucch-format-0/all_sub_ips/scamble_sequence_8bits/scamble_sequence.srcs/sim_1/new/tb.v' does not exist in the project sources. It has been removed from the packaged IP. If still required, please add this file to the project, merge sources and re-package.
WARNING: [IP_Flow 19-5109] File Group 'xilinx_testbench (Test Bench)': File 'd:/fpga/vivaldo project/pucch-format-0/all_sub_ips/scamble_sequence_8bits/tb_behav.wcfg' does not exist in the project sources. It has been removed from the packaged IP. If still required, please add this file to the project, merge sources and re-package.
INFO: [IP_Flow 19-5107] Inferred bus interface 'rst' of definition 'xilinx.com:signal:reset:1.0' (from Xilinx Repository).
INFO: [IP_Flow 19-5107] Inferred bus interface 'clk' of definition 'xilinx.com:signal:clock:1.0' (from Xilinx Repository).
INFO: [IP_Flow 19-4728] Bus Interface 'clk': Added interface parameter 'ASSOCIATED_RESET' with value 'rst'.
set_property core_revision 4 [ipx::current_core]
ipx::create_xgui_files [ipx::current_core]
ipx::update_checksums [ipx::current_core]
ipx::save_core [ipx::current_core]
update_ip_catalog -rebuild -repo_path {d:/fpga/vivaldo project/pucch-format-0/all_sub_ips/scamble_sequence_8bits}
INFO: [IP_Flow 19-725] Reloaded user IP repository 'd:/fpga/vivaldo project/pucch-format-0/all_sub_ips/scamble_sequence_8bits'
ipx::remove_bus_interface rst [ipx::current_core]
ipx::remove_bus_interface clk [ipx::current_core]
set_property core_revision 5 [ipx::current_core]
ipx::create_xgui_files [ipx::current_core]
ipx::update_checksums [ipx::current_core]
ipx::save_core [ipx::current_core]
update_ip_catalog -rebuild -repo_path {d:/fpga/vivaldo project/pucch-format-0/all_sub_ips/scamble_sequence_8bits}
INFO: [IP_Flow 19-725] Reloaded user IP repository 'd:/fpga/vivaldo project/pucch-format-0/all_sub_ips/scamble_sequence_8bits'
set_property core_revision 6 [ipx::current_core]
ipx::create_xgui_files [ipx::current_core]
ipx::update_checksums [ipx::current_core]
ipx::save_core [ipx::current_core]
update_ip_catalog -rebuild -repo_path {d:/fpga/vivaldo project/pucch-format-0/all_sub_ips/scamble_sequence_8bits}
INFO: [IP_Flow 19-725] Reloaded user IP repository 'd:/fpga/vivaldo project/pucch-format-0/all_sub_ips/scamble_sequence_8bits'
close_sim
INFO: [Simtcl 6-16] Simulation closed
exit
INFO: [Common 17-206] Exiting Vivado at Mon Mar 16 19:14:51 2026...
