Vivado Simulator 2019.2
Copyright 1986-1999, 2001-2019 Xilinx, Inc. All Rights Reserved.
Running: D:/Xilinx/Vivado/2019.2/bin/unwrapped/win64.o/xelab.exe -wto e8e69dff55a64e81a63a8ec045d0f0b4 --incr --debug typical --relax --mt 2 -L xil_defaultlib -L xbip_utils_v3_0_10 -L axi_utils_v2_0_6 -L c_reg_fd_v12_0_6 -L xbip_dsp48_wrapper_v3_0_4 -L xbip_pipe_v3_0_6 -L xbip_dsp48_addsub_v3_0_6 -L xbip_addsub_v3_0_6 -L c_addsub_v12_0_14 -L c_mux_bit_v12_0_6 -L c_shift_ram_v12_0_14 -L xbip_bram18k_v3_0_6 -L mult_gen_v12_0_16 -L cmpy_v6_0_18 -L floating_point_v7_0_17 -L xfft_v9_1_3 -L xlconstant_v1_1_6 -L xlslice_v1_0_2 -L fifo_generator_v13_2_5 -L blk_mem_gen_v8_4_4 -L xbip_dsp48_mult_v3_0_6 -L xbip_dsp48_multadd_v3_0_6 -L div_gen_v5_1_16 -L xlconcat_v2_1_3 -L unisims_ver -L unimacro_ver -L secureip -L xpm --snapshot tb_behav xil_defaultlib.tb xil_defaultlib.glbl -log elaborate.log 
Using 2 slave threads.
Starting static elaboration
Pass Through NonSizing Optimizer
WARNING: [VRFC 10-3715] size mismatch in mixed language port association, vhdl port 's_axis_dividend_tdata' [D:/FPGA/Vivaldo Project/PUCCH-FORMAT-1/pucch1_integration/pucch1_integration.ip_user_files/bd/pucch1/ipshared/ff26/mean_data.srcs/sources_1/new/mean_data.v:327]
Completed static elaboration
Starting simulation data flow analysis
Completed simulation data flow analysis
Time Resolution for simulation is 1ps
Compiling package std.standard
Compiling package std.textio
Compiling package ieee.std_logic_1164
Compiling package ieee.numeric_std
Compiling package xbip_utils_v3_0_10.xbip_utils_v3_0_10_pkg
Compiling package cmpy_v6_0_18.cmpy_v6_0_18_viv_comp
Compiling package axi_utils_v2_0_6.axi_utils_v2_0_6_pkg
Compiling package mult_gen_v12_0_16.mult_gen_v12_0_16_pkg
Compiling package ieee.std_logic_arith
Compiling package ieee.std_logic_signed
Compiling package cmpy_v6_0_18.cmpy_v6_0_18_pkg
Compiling package unisim.vcomponents
Compiling package mult_gen_v12_0_16.dsp_pkg
Compiling package ieee.vital_timing
Compiling package ieee.vital_primitives
Compiling package unisim.vpkg
Compiling package mult_gen_v12_0_16.mult_gen_v12_0_16_viv_comp
Compiling package ieee.std_logic_unsigned
Compiling package synopsys.attributes
Compiling package ieee.std_logic_misc
Compiling package fifo_generator_v13_2_5.fifo_generator_v13_2_5_pkg
Compiling package xpm.vcomponents
Compiling package div_gen_v5_1_16.div_gen_v5_1_16_viv_comp
Compiling package xbip_pipe_v3_0_6.xbip_pipe_v3_0_6_viv_comp
Compiling package ieee.math_real
Compiling package axi_utils_v2_0_6.global_util_pkg
Compiling package axi_utils_v2_0_6.axi_utils_comps
Compiling package xbip_bram18k_v3_0_6.xbip_bram18k_v3_0_6_pkg
Compiling package div_gen_v5_1_16.div_gen_pkg
Compiling package div_gen_v5_1_16.pkg_addsub
Compiling package xfft_v9_1_3.xfft_v9_1_3_viv_comp
Compiling package floating_point_v7_0_17.floating_point_v7_0_17_consts
Compiling package floating_point_v7_0_17.floating_point_v7_0_17_exp_table...
Compiling package floating_point_v7_0_17.floating_point_v7_0_17_pkg
Compiling package xfft_v9_1_3.pkg
Compiling package xfft_v9_1_3.xfft_v9_1_3_axi_pkg
Compiling package xbip_addsub_v3_0_6.xbip_addsub_v3_0_6_viv_comp
Compiling package c_addsub_v12_0_14.c_addsub_v12_0_14_pkg
Compiling package c_addsub_v12_0_14.c_addsub_v12_0_14_pkg_legacy
Compiling package c_reg_fd_v12_0_6.c_reg_fd_v12_0_6_viv_comp
Compiling package c_shift_ram_v12_0_14.c_shift_ram_v12_0_14_pkg
Compiling package c_mux_bit_v12_0_6.c_mux_bit_v12_0_6_viv_comp
Compiling package ieee.std_logic_textio
Compiling package xfft_v9_1_3.quarter_sin_tw_table
Compiling package xfft_v9_1_3.quarter2_sin_tw_table
Compiling architecture xilinx of entity cmpy_v6_0_18.delay_line [\delay_line(c_xdevicefamily="vir...]
Compiling architecture xilinx of entity cmpy_v6_0_18.delay_line [\delay_line(c_xdevicefamily="vir...]
Compiling architecture xilinx of entity cmpy_v6_0_18.delay_line [\delay_line(c_xdevicefamily="vir...]
Compiling architecture xilinx of entity cmpy_v6_0_18.delay_line [\delay_line(c_xdevicefamily="vir...]
Compiling architecture xilinx of entity mult_gen_v12_0_16.delay_line [\delay_line(c_xdevicefamily="vir...]
Compiling architecture xilinx of entity mult_gen_v12_0_16.delay_line [\delay_line(c_xdevicefamily="vir...]
Compiling architecture dsp48e2_v of entity unisim.DSP48E2 [\DSP48E2(acascreg=2,alumodereg=0...]
Compiling architecture xilinx of entity mult_gen_v12_0_16.delay_line [\delay_line(c_xdevicefamily="vir...]
Compiling architecture xilinx of entity mult_gen_v12_0_16.op_resize [\op_resize(ai_width=17,ao_width=...]
Compiling architecture xilinx of entity mult_gen_v12_0_16.dsp [\dsp(c_xdevicefamily="virtexuplu...]
Compiling architecture xilinx of entity cmpy_v6_0_18.cmpy_3_dsp48_mult [\cmpy_3_dsp48_mult(c_xdevicefami...]
Compiling architecture xilinx of entity mult_gen_v12_0_16.delay_line [\delay_line(c_xdevicefamily="vir...]
Compiling architecture xilinx of entity mult_gen_v12_0_16.delay_line [\delay_line(c_xdevicefamily="vir...]
Compiling architecture dsp48e2_v of entity unisim.DSP48E2 [\DSP48E2(alumodereg=0,amultsel="...]
Compiling architecture xilinx of entity mult_gen_v12_0_16.dsp [\dsp(c_xdevicefamily="virtexuplu...]
Compiling architecture xilinx of entity cmpy_v6_0_18.cmpy_3_dsp48_mult [\cmpy_3_dsp48_mult(c_xdevicefami...]
Compiling architecture xilinx of entity mult_gen_v12_0_16.dsp [\dsp(c_xdevicefamily="virtexuplu...]
Compiling architecture xilinx of entity cmpy_v6_0_18.cmpy_3_dsp48_mult [\cmpy_3_dsp48_mult(c_xdevicefami...]
Compiling architecture xilinx of entity cmpy_v6_0_18.input_negation [\input_negation(c_xdevicefamily=...]
Compiling architecture xilinx of entity cmpy_v6_0_18.delay_line [\delay_line(c_xdevicefamily="vir...]
Compiling architecture xilinx of entity cmpy_v6_0_18.delay_line [\delay_line(c_xdevicefamily="vir...]
Compiling architecture xilinx of entity cmpy_v6_0_18.cmpy_3_dsp48 [\cmpy_3_dsp48(c_xdevicefamily="v...]
Compiling architecture xilinx of entity cmpy_v6_0_18.cmpy_v6_0_18_synth [\cmpy_v6_0_18_synth(c_xdevicefam...]
Compiling architecture xilinx of entity cmpy_v6_0_18.cmpy_v6_0_18_viv [\cmpy_v6_0_18_viv(c_xdevicefamil...]
Compiling architecture xilinx of entity cmpy_v6_0_18.cmpy_v6_0_18 [\cmpy_v6_0_18(c_xdevicefamily="v...]
Compiling architecture spreading_cmpy_0_arch of entity xil_defaultlib.spreading_cmpy_0 [spreading_cmpy_0_default]
Compiling module xil_defaultlib.block_wise_spreading
Compiling module xil_defaultlib.pucch1_block_wise_spreading_dmrs...
Compiling module xil_defaultlib.pucch1_block_wise_spreading_0_0
Compiling module blk_mem_gen_v8_4_4.blk_mem_gen_v8_4_4_output_stage(...
Compiling module blk_mem_gen_v8_4_4.blk_mem_gen_v8_4_4_output_stage(...
Compiling module blk_mem_gen_v8_4_4.blk_mem_gen_v8_4_4_softecc_outpu...
Compiling module blk_mem_gen_v8_4_4.blk_mem_gen_v8_4_4_mem_module(C_...
Compiling module blk_mem_gen_v8_4_4.blk_mem_gen_v8_4_4(C_FAMILY="vir...
Compiling module xil_defaultlib.ba_seq_control_blk_0
Compiling module blk_mem_gen_v8_4_4.blk_mem_gen_v8_4_4_mem_module(C_...
Compiling module blk_mem_gen_v8_4_4.blk_mem_gen_v8_4_4(C_FAMILY="vir...
Compiling module xil_defaultlib.base_se_control_blk_1
Compiling module xil_defaultlib.ba_seq_control
Compiling module xil_defaultlib.pucch1_ba_seq_control_0_0
Compiling architecture lut2_v of entity unisim.LUT2 [\LUT2(init="1000")(0,3)\]
Compiling architecture mult_and_v of entity unisim.MULT_AND [mult_and_default]
Compiling architecture muxcy_v of entity unisim.MUXCY [muxcy_default]
Compiling architecture xorcy_v of entity unisim.XORCY [xorcy_default]
Compiling architecture xilinx of entity mult_gen_v12_0_16.op_resize [\op_resize(ai_width=11,ai_type=1...]
Compiling architecture xilinx of entity mult_gen_v12_0_16.luts [\luts(c_xdevicefamily="virtexupl...]
Compiling architecture xilinx of entity mult_gen_v12_0_16.mult_gen_v12_0_16_viv [\mult_gen_v12_0_16_viv(c_verbosi...]
Compiling architecture xilinx of entity mult_gen_v12_0_16.mult_gen_v12_0_16 [\mult_gen_v12_0_16(c_xdevicefami...]
Compiling architecture m30_mul0_arch of entity xil_defaultlib.m30_mul0 [m30_mul0_default]
Compiling architecture xilinx of entity mult_gen_v12_0_16.op_resize [\op_resize(ai_width=6,bi_width=5...]
Compiling architecture xilinx of entity mult_gen_v12_0_16.luts [\luts(c_xdevicefamily="virtexupl...]
Compiling architecture xilinx of entity mult_gen_v12_0_16.mult_gen_v12_0_16_viv [\mult_gen_v12_0_16_viv(c_verbosi...]
Compiling architecture xilinx of entity mult_gen_v12_0_16.mult_gen_v12_0_16 [\mult_gen_v12_0_16(c_xdevicefami...]
Compiling architecture m30_mul1_arch of entity xil_defaultlib.m30_mul1 [m30_mul1_default]
Compiling module xil_defaultlib.modulo_30
Compiling module xil_defaultlib.modulo_30_0
Compiling module xil_defaultlib.x1_x2_init
Compiling module xil_defaultlib.scramble_sequence_8bits
Compiling module xil_defaultlib.scramble_sequence_8bits_0
Compiling module xil_defaultlib.modulo_30_1
Compiling module xil_defaultlib.scramble_sequence_1bit
Compiling module xil_defaultlib.scramble_sequence_1bit_0
Compiling module xil_defaultlib.modulo_30_2
Compiling module blk_mem_gen_v8_4_4.blk_mem_gen_v8_4_4_output_stage(...
Compiling module blk_mem_gen_v8_4_4.blk_mem_gen_v8_4_4_softecc_outpu...
Compiling module blk_mem_gen_v8_4_4.blk_mem_gen_v8_4_4_mem_module(C_...
Compiling module blk_mem_gen_v8_4_4.blk_mem_gen_v8_4_4(C_FAMILY="vir...
Compiling module xil_defaultlib.blk_mem_gen_0
Compiling module xil_defaultlib.extend_valid_new(number_cycles=1...
Compiling module xil_defaultlib.phi_matrix
Compiling module xil_defaultlib.phi_matrix_0
Compiling module xil_defaultlib.base_sequence
Compiling module xil_defaultlib.pucch1_base_sequence_0_0
Compiling module xil_defaultlib.pucch1_base_sequence_1_0
Compiling architecture cyclic_cmpy_0_arch of entity xil_defaultlib.cyclic_cmpy_0 [cyclic_cmpy_0_default]
Compiling module xil_defaultlib.com_mul_cyclic
Compiling module xil_defaultlib.pucch1_com_mul_cyclic_0_0
Compiling module xlconstant_v1_1_6.xlconstant_v1_1_6_xlconstant(CON...
Compiling module xil_defaultlib.pucch1_xlconstant_0_1
Compiling module xil_defaultlib.ncs_scra_seq_8
Compiling module fifo_generator_v13_2_5.fifo_generator_v13_2_5_bhv_ver_s...
Compiling module fifo_generator_v13_2_5.fifo_generator_v13_2_5_CONV_VER(...
Compiling module fifo_generator_v13_2_5.fifo_generator_vlog_beh(C_COMMON...
Compiling module xil_defaultlib.ncs_gen_fifo
Compiling module xil_defaultlib.n_cs_gen
Compiling module xil_defaultlib.pucch1_n_cs_gen_0_0
Compiling module xil_defaultlib.nfs_gen
Compiling module xil_defaultlib.pucch1_nfs_gen_0_0
Compiling architecture xilinx of entity mult_gen_v12_0_16.op_resize [\op_resize(ai_width=9,ai_type=1,...]
Compiling architecture xilinx of entity mult_gen_v12_0_16.luts [\luts(c_xdevicefamily="virtexupl...]
Compiling architecture xilinx of entity mult_gen_v12_0_16.mult_gen_v12_0_16_viv [\mult_gen_v12_0_16_viv(c_verbosi...]
Compiling architecture xilinx of entity mult_gen_v12_0_16.mult_gen_v12_0_16 [\mult_gen_v12_0_16(c_xdevicefami...]
Compiling architecture modulo12_mult_gen_2_arch of entity xil_defaultlib.modulo12_mult_gen_2 [modulo12_mult_gen_2_default]
Compiling architecture xilinx of entity mult_gen_v12_0_16.op_resize [\op_resize(ai_width=6,bi_width=4...]
Compiling architecture xilinx of entity mult_gen_v12_0_16.luts [\luts(c_xdevicefamily="virtexupl...]
Compiling architecture xilinx of entity mult_gen_v12_0_16.mult_gen_v12_0_16_viv [\mult_gen_v12_0_16_viv(c_verbosi...]
Compiling architecture xilinx of entity mult_gen_v12_0_16.mult_gen_v12_0_16 [\mult_gen_v12_0_16(c_xdevicefami...]
Compiling architecture modulo12_mult_gen_1_arch of entity xil_defaultlib.modulo12_mult_gen_1 [modulo12_mult_gen_1_default]
Compiling module xil_defaultlib.modulo_12
Compiling module xil_defaultlib.alpha_modulo_12_0
Compiling architecture xilinx of entity mult_gen_v12_0_16.op_resize [\op_resize(ai_width=4,bi_width=4...]
Compiling architecture xilinx of entity mult_gen_v12_0_16.luts [\luts(c_xdevicefamily="virtexupl...]
Compiling architecture xilinx of entity mult_gen_v12_0_16.mult_gen_v12_0_16_viv [\mult_gen_v12_0_16_viv(c_verbosi...]
Compiling architecture xilinx of entity mult_gen_v12_0_16.mult_gen_v12_0_16 [\mult_gen_v12_0_16(c_xdevicefami...]
Compiling architecture mult_gen_dis_alpha_arch of entity xil_defaultlib.mult_gen_dis_alpha [mult_gen_dis_alpha_default]
Compiling module xil_defaultlib.dis_alpha_gen
Compiling module xil_defaultlib.dis_alpha_gen_0
Compiling module xil_defaultlib.modulo_12_1_nomalize
Compiling module xil_defaultlib.phase_gen
Compiling module xil_defaultlib.pucch1_phase_gen_0_0
Compiling module fifo_generator_v13_2_5.fifo_generator_v13_2_5_bhv_ver_s...
Compiling module fifo_generator_v13_2_5.fifo_generator_v13_2_5_CONV_VER(...
Compiling module fifo_generator_v13_2_5.fifo_generator_vlog_beh(C_COMMON...
Compiling module xil_defaultlib.phase_fifo_0
Compiling module xil_defaultlib.phase_gen_control
Compiling module xil_defaultlib.pucch1_phase_gen_control_0_0
Compiling module xlconstant_v1_1_6.xlconstant_v1_1_6_xlconstant
Compiling module xil_defaultlib.pucch1_xlconstant_0_2
Compiling module xil_defaultlib.pucch1_xlconstant_1_0
Compiling module xil_defaultlib.cyclic_dmrs_imp_1IXJDMF
Compiling module xil_defaultlib.pucch1_ba_seq_control_0_1
Compiling module xil_defaultlib.pucch1_base_sequence_0_1
Compiling module xil_defaultlib.pucch1_base_sequence_1_1
Compiling module xil_defaultlib.pucch1_com_mul_cyclic_0_1
Compiling module xil_defaultlib.pucch1_xlconstant_0_3
Compiling module xil_defaultlib.pucch1_n_cs_gen_0_1
Compiling module xil_defaultlib.pucch1_nfs_gen_0_1
Compiling module xil_defaultlib.pucch1_phase_gen_0_1
Compiling module xil_defaultlib.pucch1_phase_gen_control_0_1
Compiling module xil_defaultlib.pucch1_xlconstant_1_1
Compiling module xil_defaultlib.pucch1_xlconstant_2_0
Compiling module xil_defaultlib.cyclic_uci_imp_LVK04D
Compiling architecture fifo18e2_v of entity unisim.FIFO18E2 [\FIFO18E2(clock_domains="COMMON"...]
Compiling architecture xilinx of entity fifo_generator_v13_2_5.builtin_prim [\builtin_prim(c_din_width=32,c_d...]
Compiling architecture xilinx of entity fifo_generator_v13_2_5.builtin_extdepth [\builtin_extdepth(c_family="8SER...]
Compiling architecture xilinx of entity fifo_generator_v13_2_5.builtin_top [\builtin_top(c_family="8SERIES",...]
Compiling architecture xilinx of entity fifo_generator_v13_2_5.input_blk [\input_blk(c_din_width=32,c_pktf...]
Compiling architecture xilinx of entity fifo_generator_v13_2_5.output_blk [\output_blk(c_dout_width=32,c_pk...]
Compiling architecture xilinx of entity fifo_generator_v13_2_5.fifo_generator_v13_2_5_builtin [\fifo_generator_v13_2_5_builtin(...]
Compiling architecture xilinx of entity fifo_generator_v13_2_5.fifo_generator_top [\fifo_generator_top(c_family="vi...]
Compiling architecture xilinx of entity fifo_generator_v13_2_5.fifo_generator_v13_2_5_synth [\fifo_generator_v13_2_5_synth(c_...]
Compiling module xil_defaultlib.data_dmrs_fifo_0
Compiling module xil_defaultlib.data_dmrs_fifo_1
Compiling module xil_defaultlib.data_dmrs_selection
Compiling module xil_defaultlib.pucch1_data_dmrs_selection_0_0
Compiling module xil_defaultlib.de_spread_fifo_0
Compiling architecture de_spread_cmpy_0_arch of entity xil_defaultlib.de_spread_cmpy_0 [de_spread_cmpy_0_default]
Compiling module xil_defaultlib.de_spread
Compiling module xil_defaultlib.pucch1_de_spread_0_0
Compiling module xil_defaultlib.pucch1_de_spread_1_0
Compiling module xil_defaultlib.extend_valid_new(number_cycles=3...
Compiling module xil_defaultlib.rasing_edge
Compiling module xil_defaultlib.delay_N(N=403,WIDTH=1)
Compiling module xil_defaultlib.demapping
Compiling module xil_defaultlib.pucch1_demapping_0_1
Compiling module blk_mem_gen_v8_4_4.blk_mem_gen_v8_4_4_output_stage(...
Compiling module blk_mem_gen_v8_4_4.blk_mem_gen_v8_4_4_output_stage(...
Compiling module blk_mem_gen_v8_4_4.blk_mem_gen_v8_4_4_softecc_outpu...
Compiling module blk_mem_gen_v8_4_4.blk_mem_gen_v8_4_4_mem_module(C_...
Compiling module blk_mem_gen_v8_4_4.blk_mem_gen_v8_4_4(C_FAMILY="vir...
Compiling module xil_defaultlib.wise_rom_3
Compiling module blk_mem_gen_v8_4_4.blk_mem_gen_v8_4_4_mem_module(C_...
Compiling module blk_mem_gen_v8_4_4.blk_mem_gen_v8_4_4(C_FAMILY="vir...
Compiling module xil_defaultlib.wise_rom_4
Compiling module blk_mem_gen_v8_4_4.blk_mem_gen_v8_4_4_mem_module(C_...
Compiling module blk_mem_gen_v8_4_4.blk_mem_gen_v8_4_4(C_FAMILY="vir...
Compiling module xil_defaultlib.wise_rom_5
Compiling module blk_mem_gen_v8_4_4.blk_mem_gen_v8_4_4_mem_module(C_...
Compiling module blk_mem_gen_v8_4_4.blk_mem_gen_v8_4_4(C_FAMILY="vir...
Compiling module xil_defaultlib.wise_rom_6
Compiling module blk_mem_gen_v8_4_4.blk_mem_gen_v8_4_4_mem_module(C_...
Compiling module blk_mem_gen_v8_4_4.blk_mem_gen_v8_4_4(C_FAMILY="vir...
Compiling module xil_defaultlib.wise_rom_7
Compiling module xil_defaultlib.wise_spreading
Compiling module xil_defaultlib.pucch1_dmrs_wise_spreading_1_0
Compiling module xil_defaultlib.pucch1_dmrs_wise_spreading_0_0
Compiling module xil_defaultlib.extend_valid
Compiling module xil_defaultlib.delay_N(N=6,WIDTH=1)
Compiling module xil_defaultlib.des_cnt(WIDTH=4)
Compiling module xil_defaultlib.delay_N(N=5,WIDTH=4)
Compiling module xil_defaultlib.des_cnt(WIDTH=9)
Compiling module xil_defaultlib.delay_N(N=5,WIDTH=9)
Compiling module xil_defaultlib.des_cnt(WIDTH=5)
Compiling module xil_defaultlib.delay_N(N=5,WIDTH=5)
Compiling module xil_defaultlib.des_cnt
Compiling module xil_defaultlib.delay_N(N=5,WIDTH=8)
Compiling module xil_defaultlib.frame_sync
Compiling module xil_defaultlib.pucch1_frame_sync_0_0
Compiling module xil_defaultlib.pucch1_frame_sync_1_0
Compiling architecture xilinx of entity cmpy_v6_0_18.delay_line [\delay_line(c_xdevicefamily="vir...]
Compiling architecture xilinx of entity cmpy_v6_0_18.delay_line [\delay_line(c_xdevicefamily="vir...]
Compiling architecture xilinx of entity cmpy_v6_0_18.delay_line [\delay_line(c_xdevicefamily="vir...]
Compiling architecture xilinx of entity cmpy_v6_0_18.delay_line [\delay_line(c_xdevicefamily="vir...]
Compiling architecture xilinx of entity mult_gen_v12_0_16.delay_line [\delay_line(c_xdevicefamily="vir...]
Compiling architecture xilinx of entity mult_gen_v12_0_16.delay_line [\delay_line(c_xdevicefamily="vir...]
Compiling architecture xilinx of entity mult_gen_v12_0_16.delay_line [\delay_line(c_xdevicefamily="vir...]
Compiling architecture xilinx of entity mult_gen_v12_0_16.delay_line [\delay_line(c_xdevicefamily="vir...]
Compiling architecture xilinx of entity mult_gen_v12_0_16.delay_line [\delay_line(c_xdevicefamily="vir...]
Compiling architecture xilinx of entity mult_gen_v12_0_16.delay_line [\delay_line(c_xdevicefamily="vir...]
Compiling architecture dsp48e2_v of entity unisim.DSP48E2 [\DSP48E2(alumodereg=0,amultsel="...]
Compiling architecture xilinx of entity mult_gen_v12_0_16.op_resize [\op_resize(ai_width=23,bi_width=...]
Compiling architecture xilinx of entity mult_gen_v12_0_16.dsp [\dsp(c_xdevicefamily="virtexuplu...]
Compiling architecture xilinx of entity cmpy_v6_0_18.cmpy_3_dsp48_mult [\cmpy_3_dsp48_mult(c_xdevicefami...]
Compiling architecture xilinx of entity mult_gen_v12_0_16.delay_line [\delay_line(c_xdevicefamily="vir...]
Compiling architecture xilinx of entity mult_gen_v12_0_16.dsp [\dsp(c_xdevicefamily="virtexuplu...]
Compiling architecture xilinx of entity cmpy_v6_0_18.cmpy_3_dsp48_mult [\cmpy_3_dsp48_mult(c_xdevicefami...]
Compiling architecture xilinx of entity mult_gen_v12_0_16.dsp [\dsp(c_xdevicefamily="virtexuplu...]
Compiling architecture xilinx of entity cmpy_v6_0_18.cmpy_3_dsp48_mult [\cmpy_3_dsp48_mult(c_xdevicefami...]
Compiling architecture xilinx of entity cmpy_v6_0_18.input_negation [\input_negation(c_xdevicefamily=...]
Compiling architecture xilinx of entity cmpy_v6_0_18.cmpy_3_dsp48 [\cmpy_3_dsp48(c_xdevicefamily="v...]
Compiling architecture xilinx of entity cmpy_v6_0_18.cmpy_v6_0_18_synth [\cmpy_v6_0_18_synth(c_xdevicefam...]
Compiling architecture xilinx of entity cmpy_v6_0_18.cmpy_v6_0_18_viv [\cmpy_v6_0_18_viv(c_xdevicefamil...]
Compiling architecture xilinx of entity cmpy_v6_0_18.cmpy_v6_0_18 [\cmpy_v6_0_18(c_xdevicefamily="v...]
Compiling architecture sig_power_cmpy_1_arch of entity xil_defaultlib.sig_power_cmpy_1 [sig_power_cmpy_1_default]
Compiling architecture sig_power_cmpy_2_arch of entity xil_defaultlib.sig_power_cmpy_2 [sig_power_cmpy_2_default]
Compiling architecture sig_power_cmpy_3_arch of entity xil_defaultlib.sig_power_cmpy_3 [sig_power_cmpy_3_default]
Compiling architecture sig_power_cmpy_4_arch of entity xil_defaultlib.sig_power_cmpy_4 [sig_power_cmpy_4_default]
Compiling module xil_defaultlib.mean_data_fifo0
Compiling architecture xilinx of entity cmpy_v6_0_18.delay_line [\delay_line(c_xdevicefamily="vir...]
Compiling architecture xilinx of entity cmpy_v6_0_18.delay_line [\delay_line(c_xdevicefamily="vir...]
Compiling architecture xilinx of entity cmpy_v6_0_18.delay_line [\delay_line(c_xdevicefamily="vir...]
Compiling architecture xilinx of entity cmpy_v6_0_18.delay_line [\delay_line(c_xdevicefamily="vir...]
Compiling architecture xilinx of entity mult_gen_v12_0_16.delay_line [\delay_line(c_xdevicefamily="vir...]
Compiling architecture xilinx of entity mult_gen_v12_0_16.delay_line [\delay_line(c_xdevicefamily="vir...]
Compiling architecture xilinx of entity mult_gen_v12_0_16.delay_line [\delay_line(c_xdevicefamily="vir...]
Compiling architecture xilinx of entity mult_gen_v12_0_16.delay_line [\delay_line(c_xdevicefamily="vir...]
Compiling architecture xilinx of entity mult_gen_v12_0_16.delay_line [\delay_line(c_xdevicefamily="vir...]
Compiling architecture dsp48e2_v of entity unisim.DSP48E2 [\DSP48E2(acascreg=2,alumodereg=0...]
Compiling architecture xilinx of entity mult_gen_v12_0_16.delay_line [\delay_line(c_xdevicefamily="vir...]
Compiling architecture dsp48e2_v of entity unisim.DSP48E2 [\DSP48E2(alumodereg=0,a_input="C...]
Compiling architecture dsp48e2_v of entity unisim.DSP48E2 [\DSP48E2(acascreg=2,alumodereg=0...]
Compiling architecture xilinx of entity mult_gen_v12_0_16.op_resize [\op_resize(ai_width=32,bi_width=...]
Compiling architecture xilinx of entity mult_gen_v12_0_16.dsp [\dsp(c_xdevicefamily="virtexuplu...]
Compiling architecture xilinx of entity cmpy_v6_0_18.cmpy_3_dsp48_mult [\cmpy_3_dsp48_mult(c_xdevicefami...]
Compiling architecture xilinx of entity mult_gen_v12_0_16.delay_line [\delay_line(c_xdevicefamily="vir...]
Compiling architecture xilinx of entity mult_gen_v12_0_16.delay_line [\delay_line(c_xdevicefamily="vir...]
Compiling architecture xilinx of entity mult_gen_v12_0_16.delay_line [\delay_line(c_xdevicefamily="vir...]
Compiling architecture dsp48e2_v of entity unisim.DSP48E2 [\DSP48E2(acascreg=2,alumodereg=0...]
Compiling architecture dsp48e2_v of entity unisim.DSP48E2 [\DSP48E2(acascreg=2,alumodereg=0...]
Compiling architecture dsp48e2_v of entity unisim.DSP48E2 [\DSP48E2(acascreg=2,alumodereg=0...]
Compiling architecture xilinx of entity mult_gen_v12_0_16.dsp [\dsp(c_xdevicefamily="virtexuplu...]
Compiling architecture xilinx of entity cmpy_v6_0_18.cmpy_3_dsp48_mult [\cmpy_3_dsp48_mult(c_xdevicefami...]
Compiling architecture xilinx of entity mult_gen_v12_0_16.dsp [\dsp(c_xdevicefamily="virtexuplu...]
Compiling architecture xilinx of entity cmpy_v6_0_18.cmpy_3_dsp48_mult [\cmpy_3_dsp48_mult(c_xdevicefami...]
Compiling architecture xilinx of entity cmpy_v6_0_18.input_negation [\input_negation(c_xdevicefamily=...]
Compiling architecture xilinx of entity cmpy_v6_0_18.delay_line [\delay_line(c_xdevicefamily="vir...]
Compiling architecture xilinx of entity cmpy_v6_0_18.cmpy_3_dsp48 [\cmpy_3_dsp48(c_xdevicefamily="v...]
Compiling architecture xilinx of entity cmpy_v6_0_18.cmpy_v6_0_18_synth [\cmpy_v6_0_18_synth(c_xdevicefam...]
Compiling architecture xilinx of entity cmpy_v6_0_18.cmpy_v6_0_18_viv [\cmpy_v6_0_18_viv(c_xdevicefamil...]
Compiling architecture xilinx of entity cmpy_v6_0_18.cmpy_v6_0_18 [\cmpy_v6_0_18(c_xdevicefamily="v...]
Compiling architecture power_cmpy_0_arch of entity xil_defaultlib.power_cmpy_0 [power_cmpy_0_default]
Compiling architecture xilinx of entity mult_gen_v12_0_16.op_resize [\op_resize(ai_width=38,bi_width=...]
Compiling architecture xilinx of entity mult_gen_v12_0_16.luts [\luts(c_xdevicefamily="virtexupl...]
Compiling architecture xilinx of entity mult_gen_v12_0_16.mult_gen_v12_0_16_viv [\mult_gen_v12_0_16_viv(c_verbosi...]
Compiling architecture xilinx of entity mult_gen_v12_0_16.mult_gen_v12_0_16 [\mult_gen_v12_0_16(c_xdevicefami...]
Compiling architecture mean_noise_mult_0_arch of entity xil_defaultlib.mean_noise_mult_0 [mean_noise_mult_0_default]
Compiling architecture synth of entity xbip_pipe_v3_0_6.xbip_pipe_v3_0_6_viv [\xbip_pipe_v3_0_6_viv(c_latency=...]
Compiling architecture synth of entity xbip_pipe_v3_0_6.xbip_pipe_v3_0_6_viv [\xbip_pipe_v3_0_6_viv(c_latency=...]
Compiling architecture synth of entity xbip_pipe_v3_0_6.xbip_pipe_v3_0_6_viv [\xbip_pipe_v3_0_6_viv(c_latency=...]
Compiling architecture synth of entity xbip_pipe_v3_0_6.xbip_pipe_v3_0_6_viv [\xbip_pipe_v3_0_6_viv(c_latency=...]
Compiling architecture rtl of entity div_gen_v5_1_16.c_addsub_lut6 [\c_addsub_lut6(c_width=31,c_add_...]
Compiling architecture synth of entity div_gen_v5_1_16.c_addsub_viv [\c_addsub_viv(c_a_width=31,c_b_w...]
Compiling architecture virtex of entity div_gen_v5_1_16.addsubreg_v [\addsubreg_v(c_bus_width=31,c_ai...]
Compiling architecture synth of entity xbip_pipe_v3_0_6.xbip_pipe_v3_0_6_viv [\xbip_pipe_v3_0_6_viv(c_latency=...]
Compiling architecture synth of entity xbip_pipe_v3_0_6.xbip_pipe_v3_0_6_viv [\xbip_pipe_v3_0_6_viv(c_latency=...]
Compiling architecture synth of entity xbip_pipe_v3_0_6.xbip_pipe_v3_0_6_viv [\xbip_pipe_v3_0_6_viv(c_latency=...]
Compiling architecture synth of entity xbip_pipe_v3_0_6.xbip_pipe_v3_0_6_viv [\xbip_pipe_v3_0_6_viv(c_latency=...]
Compiling architecture synth of entity xbip_pipe_v3_0_6.xbip_pipe_v3_0_6_viv [\xbip_pipe_v3_0_6_viv(c_latency=...]
Compiling architecture synth of entity xbip_pipe_v3_0_6.xbip_pipe_v3_0_6_viv [\xbip_pipe_v3_0_6_viv(c_latency=...]
Compiling architecture synth of entity xbip_pipe_v3_0_6.xbip_pipe_v3_0_6_viv [\xbip_pipe_v3_0_6_viv(c_latency=...]
Compiling architecture synth of entity xbip_pipe_v3_0_6.xbip_pipe_v3_0_6_viv [\xbip_pipe_v3_0_6_viv(c_latency=...]
Compiling architecture synth of entity xbip_pipe_v3_0_6.xbip_pipe_v3_0_6_viv [\xbip_pipe_v3_0_6_viv(c_latency=...]
Compiling architecture synth of entity xbip_pipe_v3_0_6.xbip_pipe_v3_0_6_viv [\xbip_pipe_v3_0_6_viv(c_latency=...]
Compiling architecture synth of entity xbip_pipe_v3_0_6.xbip_pipe_v3_0_6_viv [\xbip_pipe_v3_0_6_viv(c_latency=...]
Compiling architecture synth of entity xbip_pipe_v3_0_6.xbip_pipe_v3_0_6_viv [\xbip_pipe_v3_0_6_viv(c_latency=...]
Compiling architecture synth of entity xbip_pipe_v3_0_6.xbip_pipe_v3_0_6_viv [\xbip_pipe_v3_0_6_viv(c_latency=...]
Compiling architecture synth of entity xbip_pipe_v3_0_6.xbip_pipe_v3_0_6_viv [\xbip_pipe_v3_0_6_viv(c_latency=...]
Compiling architecture synth of entity xbip_pipe_v3_0_6.xbip_pipe_v3_0_6_viv [\xbip_pipe_v3_0_6_viv(c_latency=...]
Compiling architecture synth of entity xbip_pipe_v3_0_6.xbip_pipe_v3_0_6_viv [\xbip_pipe_v3_0_6_viv(c_latency=...]
Compiling architecture synth of entity xbip_pipe_v3_0_6.xbip_pipe_v3_0_6_viv [\xbip_pipe_v3_0_6_viv(c_latency=...]
Compiling architecture synth of entity xbip_pipe_v3_0_6.xbip_pipe_v3_0_6_viv [\xbip_pipe_v3_0_6_viv(c_latency=...]
Compiling architecture synth of entity xbip_pipe_v3_0_6.xbip_pipe_v3_0_6_viv [\xbip_pipe_v3_0_6_viv(c_latency=...]
Compiling architecture synth of entity xbip_pipe_v3_0_6.xbip_pipe_v3_0_6_viv [\xbip_pipe_v3_0_6_viv(c_latency=...]
Compiling architecture synth of entity xbip_pipe_v3_0_6.xbip_pipe_v3_0_6_viv [\xbip_pipe_v3_0_6_viv(c_latency=...]
Compiling architecture synth of entity xbip_pipe_v3_0_6.xbip_pipe_v3_0_6_viv [\xbip_pipe_v3_0_6_viv(c_latency=...]
Compiling architecture synth of entity xbip_pipe_v3_0_6.xbip_pipe_v3_0_6_viv [\xbip_pipe_v3_0_6_viv(c_latency=...]
Compiling architecture synth of entity xbip_pipe_v3_0_6.xbip_pipe_v3_0_6_viv [\xbip_pipe_v3_0_6_viv(c_latency=...]
Compiling architecture synth of entity xbip_pipe_v3_0_6.xbip_pipe_v3_0_6_viv [\xbip_pipe_v3_0_6_viv(c_latency=...]
Compiling architecture synth of entity xbip_pipe_v3_0_6.xbip_pipe_v3_0_6_viv [\xbip_pipe_v3_0_6_viv(c_latency=...]
Compiling architecture synth of entity xbip_pipe_v3_0_6.xbip_pipe_v3_0_6_viv [\xbip_pipe_v3_0_6_viv(c_latency=...]
Compiling architecture synth of entity xbip_pipe_v3_0_6.xbip_pipe_v3_0_6_viv [\xbip_pipe_v3_0_6_viv(c_latency=...]
Compiling architecture synth of entity xbip_pipe_v3_0_6.xbip_pipe_v3_0_6_viv [\xbip_pipe_v3_0_6_viv(c_latency=...]
Compiling architecture synth of entity xbip_pipe_v3_0_6.xbip_pipe_v3_0_6_viv [\xbip_pipe_v3_0_6_viv(c_latency=...]
Compiling architecture synth of entity xbip_pipe_v3_0_6.xbip_pipe_v3_0_6_viv [\xbip_pipe_v3_0_6_viv(c_latency=...]
Compiling architecture synth of entity xbip_pipe_v3_0_6.xbip_pipe_v3_0_6_viv [\xbip_pipe_v3_0_6_viv(c_latency=...]
Compiling architecture synth of entity xbip_pipe_v3_0_6.xbip_pipe_v3_0_6_viv [\xbip_pipe_v3_0_6_viv(c_latency=...]
Compiling architecture synth of entity xbip_pipe_v3_0_6.xbip_pipe_v3_0_6_viv [\xbip_pipe_v3_0_6_viv(c_latency=...]
Compiling architecture synth of entity xbip_pipe_v3_0_6.xbip_pipe_v3_0_6_viv [\xbip_pipe_v3_0_6_viv(c_latency=...]
Compiling architecture synth of entity xbip_pipe_v3_0_6.xbip_pipe_v3_0_6_viv [\xbip_pipe_v3_0_6_viv(c_latency=...]
Compiling architecture synth of entity xbip_pipe_v3_0_6.xbip_pipe_v3_0_6_viv [\xbip_pipe_v3_0_6_viv(c_latency=...]
Compiling architecture synth of entity xbip_pipe_v3_0_6.xbip_pipe_v3_0_6_viv [\xbip_pipe_v3_0_6_viv(c_latency=...]
Compiling architecture synth of entity xbip_pipe_v3_0_6.xbip_pipe_v3_0_6_viv [\xbip_pipe_v3_0_6_viv(c_latency=...]
Compiling architecture synth of entity xbip_pipe_v3_0_6.xbip_pipe_v3_0_6_viv [\xbip_pipe_v3_0_6_viv(c_latency=...]
Compiling architecture synth of entity xbip_pipe_v3_0_6.xbip_pipe_v3_0_6_viv [\xbip_pipe_v3_0_6_viv(c_latency=...]
Compiling architecture synth of entity xbip_pipe_v3_0_6.xbip_pipe_v3_0_6_viv [\xbip_pipe_v3_0_6_viv(c_latency=...]
Compiling architecture synth of entity xbip_pipe_v3_0_6.xbip_pipe_v3_0_6_viv [\xbip_pipe_v3_0_6_viv(c_latency=...]
Compiling architecture synth of entity xbip_pipe_v3_0_6.xbip_pipe_v3_0_6_viv [\xbip_pipe_v3_0_6_viv(c_latency=...]
Compiling architecture synth of entity xbip_pipe_v3_0_6.xbip_pipe_v3_0_6_viv [\xbip_pipe_v3_0_6_viv(c_latency=...]
Compiling architecture synth of entity xbip_pipe_v3_0_6.xbip_pipe_v3_0_6_viv [\xbip_pipe_v3_0_6_viv(c_latency=...]
Compiling architecture synth of entity xbip_pipe_v3_0_6.xbip_pipe_v3_0_6_viv [\xbip_pipe_v3_0_6_viv(c_latency=...]
Compiling architecture synth of entity xbip_pipe_v3_0_6.xbip_pipe_v3_0_6_viv [\xbip_pipe_v3_0_6_viv(c_latency=...]
Compiling architecture synth of entity xbip_pipe_v3_0_6.xbip_pipe_v3_0_6_viv [\xbip_pipe_v3_0_6_viv(c_latency=...]
Compiling architecture synth of entity xbip_pipe_v3_0_6.xbip_pipe_v3_0_6_viv [\xbip_pipe_v3_0_6_viv(c_latency=...]
Compiling architecture synth of entity xbip_pipe_v3_0_6.xbip_pipe_v3_0_6_viv [\xbip_pipe_v3_0_6_viv(c_latency=...]
Compiling architecture synth of entity xbip_pipe_v3_0_6.xbip_pipe_v3_0_6_viv [\xbip_pipe_v3_0_6_viv(c_latency=...]
Compiling architecture synth of entity xbip_pipe_v3_0_6.xbip_pipe_v3_0_6_viv [\xbip_pipe_v3_0_6_viv(c_latency=...]
Compiling architecture synth of entity xbip_pipe_v3_0_6.xbip_pipe_v3_0_6_viv [\xbip_pipe_v3_0_6_viv(c_latency=...]
Compiling architecture synth of entity xbip_pipe_v3_0_6.xbip_pipe_v3_0_6_viv [\xbip_pipe_v3_0_6_viv(c_latency=...]
Compiling architecture synth of entity xbip_pipe_v3_0_6.xbip_pipe_v3_0_6_viv [\xbip_pipe_v3_0_6_viv(c_latency=...]
Compiling architecture synth of entity xbip_pipe_v3_0_6.xbip_pipe_v3_0_6_viv [\xbip_pipe_v3_0_6_viv(c_latency=...]
Compiling architecture synth of entity xbip_pipe_v3_0_6.xbip_pipe_v3_0_6_viv [\xbip_pipe_v3_0_6_viv(c_latency=...]
Compiling architecture synth of entity xbip_pipe_v3_0_6.xbip_pipe_v3_0_6_viv [\xbip_pipe_v3_0_6_viv(c_latency=...]
Compiling architecture synth of entity xbip_pipe_v3_0_6.xbip_pipe_v3_0_6_viv [\xbip_pipe_v3_0_6_viv(c_latency=...]
Compiling architecture synth of entity xbip_pipe_v3_0_6.xbip_pipe_v3_0_6_viv [\xbip_pipe_v3_0_6_viv(c_latency=...]
Compiling architecture synth of entity xbip_pipe_v3_0_6.xbip_pipe_v3_0_6_viv [\xbip_pipe_v3_0_6_viv(c_latency=...]
Compiling architecture synth of entity xbip_pipe_v3_0_6.xbip_pipe_v3_0_6_viv [\xbip_pipe_v3_0_6_viv(c_latency=...]
Compiling architecture synth of entity xbip_pipe_v3_0_6.xbip_pipe_v3_0_6_viv [\xbip_pipe_v3_0_6_viv(c_latency=...]
Compiling architecture synth of entity xbip_pipe_v3_0_6.xbip_pipe_v3_0_6_viv [\xbip_pipe_v3_0_6_viv(c_latency=...]
Compiling architecture synth of entity xbip_pipe_v3_0_6.xbip_pipe_v3_0_6_viv [\xbip_pipe_v3_0_6_viv(c_latency=...]
Compiling architecture synth of entity xbip_pipe_v3_0_6.xbip_pipe_v3_0_6_viv [\xbip_pipe_v3_0_6_viv(c_latency=...]
Compiling architecture synth of entity xbip_pipe_v3_0_6.xbip_pipe_v3_0_6_viv [\xbip_pipe_v3_0_6_viv(c_latency=...]
Compiling architecture synth of entity xbip_pipe_v3_0_6.xbip_pipe_v3_0_6_viv [\xbip_pipe_v3_0_6_viv(c_latency=...]
Compiling architecture synth of entity xbip_pipe_v3_0_6.xbip_pipe_v3_0_6_viv [\xbip_pipe_v3_0_6_viv(c_latency=...]
Compiling architecture synth of entity xbip_pipe_v3_0_6.xbip_pipe_v3_0_6_viv [\xbip_pipe_v3_0_6_viv(c_latency=...]
Compiling architecture synth of entity xbip_pipe_v3_0_6.xbip_pipe_v3_0_6_viv [\xbip_pipe_v3_0_6_viv(c_latency=...]
Compiling architecture synth of entity xbip_pipe_v3_0_6.xbip_pipe_v3_0_6_viv [\xbip_pipe_v3_0_6_viv(c_latency=...]
Compiling architecture synth of entity xbip_pipe_v3_0_6.xbip_pipe_v3_0_6_viv [\xbip_pipe_v3_0_6_viv(c_latency=...]
Compiling architecture synth of entity xbip_pipe_v3_0_6.xbip_pipe_v3_0_6_viv [\xbip_pipe_v3_0_6_viv(c_latency=...]
Compiling architecture synth of entity xbip_pipe_v3_0_6.xbip_pipe_v3_0_6_viv [\xbip_pipe_v3_0_6_viv(c_latency=...]
Compiling architecture synth of entity xbip_pipe_v3_0_6.xbip_pipe_v3_0_6_viv [\xbip_pipe_v3_0_6_viv(c_latency=...]
Compiling architecture synth of entity xbip_pipe_v3_0_6.xbip_pipe_v3_0_6_viv [\xbip_pipe_v3_0_6_viv(c_latency=...]
Compiling architecture synth of entity xbip_pipe_v3_0_6.xbip_pipe_v3_0_6_viv [\xbip_pipe_v3_0_6_viv(c_latency=...]
Compiling architecture synth of entity xbip_pipe_v3_0_6.xbip_pipe_v3_0_6_viv [\xbip_pipe_v3_0_6_viv(c_latency=...]
Compiling architecture synth of entity xbip_pipe_v3_0_6.xbip_pipe_v3_0_6_viv [\xbip_pipe_v3_0_6_viv(c_latency=...]
Compiling architecture synth of entity xbip_pipe_v3_0_6.xbip_pipe_v3_0_6_viv [\xbip_pipe_v3_0_6_viv(c_latency=...]
Compiling architecture synth of entity xbip_pipe_v3_0_6.xbip_pipe_v3_0_6_viv [\xbip_pipe_v3_0_6_viv(c_latency=...]
Compiling architecture synth of entity xbip_pipe_v3_0_6.xbip_pipe_v3_0_6_viv [\xbip_pipe_v3_0_6_viv(c_latency=...]
Compiling architecture synth of entity xbip_pipe_v3_0_6.xbip_pipe_v3_0_6_viv [\xbip_pipe_v3_0_6_viv(c_latency=...]
Compiling architecture synth of entity xbip_pipe_v3_0_6.xbip_pipe_v3_0_6_viv [\xbip_pipe_v3_0_6_viv(c_latency=...]
Compiling architecture synth of entity xbip_pipe_v3_0_6.xbip_pipe_v3_0_6_viv [\xbip_pipe_v3_0_6_viv(c_latency=...]
Compiling architecture synth of entity xbip_pipe_v3_0_6.xbip_pipe_v3_0_6_viv [\xbip_pipe_v3_0_6_viv(c_latency=...]
Compiling architecture synth of entity xbip_pipe_v3_0_6.xbip_pipe_v3_0_6_viv [\xbip_pipe_v3_0_6_viv(c_latency=...]
Compiling architecture synth of entity xbip_pipe_v3_0_6.xbip_pipe_v3_0_6_viv [\xbip_pipe_v3_0_6_viv(c_latency=...]
Compiling architecture synth of entity xbip_pipe_v3_0_6.xbip_pipe_v3_0_6_viv [\xbip_pipe_v3_0_6_viv(c_latency=...]
Compiling architecture synth of entity xbip_pipe_v3_0_6.xbip_pipe_v3_0_6_viv [\xbip_pipe_v3_0_6_viv(c_latency=...]
Compiling architecture synth of entity xbip_pipe_v3_0_6.xbip_pipe_v3_0_6_viv [\xbip_pipe_v3_0_6_viv(c_latency=...]
Compiling architecture synth of entity xbip_pipe_v3_0_6.xbip_pipe_v3_0_6_viv [\xbip_pipe_v3_0_6_viv(c_latency=...]
Compiling architecture synth of entity xbip_pipe_v3_0_6.xbip_pipe_v3_0_6_viv [\xbip_pipe_v3_0_6_viv(c_latency=...]
Compiling architecture synth of entity xbip_pipe_v3_0_6.xbip_pipe_v3_0_6_viv [\xbip_pipe_v3_0_6_viv(c_latency=...]
Compiling architecture synth of entity xbip_pipe_v3_0_6.xbip_pipe_v3_0_6_viv [\xbip_pipe_v3_0_6_viv(c_latency=...]
Compiling architecture synth of entity xbip_pipe_v3_0_6.xbip_pipe_v3_0_6_viv [\xbip_pipe_v3_0_6_viv(c_latency=...]
Compiling architecture synth of entity xbip_pipe_v3_0_6.xbip_pipe_v3_0_6_viv [\xbip_pipe_v3_0_6_viv(c_latency=...]
Compiling architecture synth of entity xbip_pipe_v3_0_6.xbip_pipe_v3_0_6_viv [\xbip_pipe_v3_0_6_viv(c_latency=...]
Compiling architecture synth of entity xbip_pipe_v3_0_6.xbip_pipe_v3_0_6_viv [\xbip_pipe_v3_0_6_viv(c_latency=...]
Compiling architecture synth of entity xbip_pipe_v3_0_6.xbip_pipe_v3_0_6_viv [\xbip_pipe_v3_0_6_viv(c_latency=...]
Compiling architecture virtex of entity div_gen_v5_1_16.dividervdc_v [\dividervdc_v(bus_num=45,bus_div...]
Compiling architecture synth of entity div_gen_v5_1_16.bip_sdivider_synth [\bip_sdivider_synth(c_xdevicefam...]
Compiling architecture synth of entity div_gen_v5_1_16.div_gen_synth [\div_gen_synth(c_xdevicefamily="...]
Compiling architecture synth of entity xbip_pipe_v3_0_6.xbip_pipe_v3_0_6_viv [\xbip_pipe_v3_0_6_viv(c_latency=...]
Compiling architecture synth of entity div_gen_v5_1_16.div_gen_v5_1_16_viv [\div_gen_v5_1_16_viv(c_xdevicefa...]
Compiling architecture xilinx of entity div_gen_v5_1_16.div_gen_v5_1_16 [\div_gen_v5_1_16(c_xdevicefamily...]
Compiling architecture mean_data_div_gen_0_arch of entity xil_defaultlib.mean_data_div_gen_0 [mean_data_div_gen_0_default]
Compiling architecture xilinx of entity cmpy_v6_0_18.delay_line [\delay_line(c_xdevicefamily="vir...]
Compiling architecture xilinx of entity cmpy_v6_0_18.delay_line [\delay_line(c_xdevicefamily="vir...]
Compiling architecture xilinx of entity mult_gen_v12_0_16.delay_line [\delay_line(c_xdevicefamily="vir...]
Compiling architecture xilinx of entity mult_gen_v12_0_16.op_resize [\op_resize(ai_width=23,bi_width=...]
Compiling architecture xilinx of entity mult_gen_v12_0_16.dsp [\dsp(c_xdevicefamily="virtexuplu...]
Compiling architecture xilinx of entity cmpy_v6_0_18.cmpy_3_dsp48_mult [\cmpy_3_dsp48_mult(c_xdevicefami...]
Compiling architecture xilinx of entity mult_gen_v12_0_16.delay_line [\delay_line(c_xdevicefamily="vir...]
Compiling architecture xilinx of entity mult_gen_v12_0_16.op_resize [\op_resize(ai_width=22,bi_width=...]
Compiling architecture xilinx of entity mult_gen_v12_0_16.dsp [\dsp(c_xdevicefamily="virtexuplu...]
Compiling architecture xilinx of entity cmpy_v6_0_18.cmpy_3_dsp48_mult [\cmpy_3_dsp48_mult(c_xdevicefami...]
Compiling architecture xilinx of entity mult_gen_v12_0_16.dsp [\dsp(c_xdevicefamily="virtexuplu...]
Compiling architecture xilinx of entity cmpy_v6_0_18.cmpy_3_dsp48_mult [\cmpy_3_dsp48_mult(c_xdevicefami...]
Compiling architecture xilinx of entity cmpy_v6_0_18.input_negation [\input_negation(c_xdevicefamily=...]
Compiling architecture xilinx of entity cmpy_v6_0_18.cmpy_3_dsp48 [\cmpy_3_dsp48(c_xdevicefamily="v...]
Compiling architecture xilinx of entity cmpy_v6_0_18.cmpy_v6_0_18_synth [\cmpy_v6_0_18_synth(c_xdevicefam...]
Compiling architecture xilinx of entity cmpy_v6_0_18.cmpy_v6_0_18_viv [\cmpy_v6_0_18_viv(c_xdevicefamil...]
Compiling architecture xilinx of entity cmpy_v6_0_18.cmpy_v6_0_18 [\cmpy_v6_0_18(c_xdevicefamily="v...]
Compiling architecture mean_data_cmpy_1_arch of entity xil_defaultlib.mean_data_cmpy_1 [mean_data_cmpy_1_default]
Compiling architecture mean_data_cmpy_2_arch of entity xil_defaultlib.mean_data_cmpy_2 [mean_data_cmpy_2_default]
Compiling architecture mean_data_cmpy_3_arch of entity xil_defaultlib.mean_data_cmpy_3 [mean_data_cmpy_3_default]
Compiling architecture mean_data_cmpy_4_arch of entity xil_defaultlib.mean_data_cmpy_4 [mean_data_cmpy_4_default]
Compiling architecture c1_cmpy_arch of entity xil_defaultlib.c1_cmpy [c1_cmpy_default]
Compiling module xil_defaultlib.mean_data
Compiling module xil_defaultlib.pucch1_mean_data_0_0
Compiling module xil_defaultlib.extend_valid_4096
Compiling module xil_defaultlib.ctr_pre_fft
Compiling module xil_defaultlib.ctr_pre_fft_0
Compiling architecture xilinx of entity axi_utils_v2_0_6.glb_srl_fifo [\glb_srl_fifo(width=1,has_uvprot...]
Compiling architecture xilinx of entity axi_utils_v2_0_6.glb_ifx_slave [\glb_ifx_slave(width=1,has_uvpro...]
Compiling architecture synth of entity xfft_v9_1_3.axi_wrapper_input_fifo [\axi_wrapper_input_fifo(c_fifo_w...]
Compiling architecture xilinx of entity axi_utils_v2_0_6.glb_srl_fifo [\glb_srl_fifo(width=33,has_uvpro...]
Compiling architecture xilinx of entity axi_utils_v2_0_6.glb_ifx_slave [\glb_ifx_slave(width=33,has_uvpr...]
Compiling architecture synth of entity xfft_v9_1_3.axi_wrapper_input_fifo [\axi_wrapper_input_fifo(c_fifo_w...]
Compiling architecture xilinx of entity axi_utils_v2_0_6.glb_srl_fifo [\glb_srl_fifo(width=59,has_uvpro...]
Compiling architecture xilinx of entity axi_utils_v2_0_6.glb_ifx_master [\glb_ifx_master(width=59,afull_t...]
Compiling architecture synth of entity xfft_v9_1_3.axi_wrapper_output_fifo [\axi_wrapper_output_fifo(c_fifo_...]
Compiling architecture synth of entity xfft_v9_1_3.axi_wrapper [\axi_wrapper(c_nfft_max=12,c_arc...]
Compiling architecture xilinx of entity xfft_v9_1_3.equ_rtl [\equ_rtl(c_xdevicefamily="virtex...]
Compiling architecture xilinx of entity xfft_v9_1_3.r22_cnt_ctrl [\r22_cnt_ctrl(c_xdevicefamily="v...]
Compiling architecture xilinx of entity xfft_v9_1_3.r22_cnt_ctrl [\r22_cnt_ctrl(c_xdevicefamily="v...]
Compiling architecture struct of entity c_shift_ram_v12_0_14.c_shift_ram_v12_0_14_legacy [\c_shift_ram_v12_0_14_legacy(c_x...]
Compiling architecture synth of entity c_shift_ram_v12_0_14.c_shift_ram_v12_0_14_viv [\c_shift_ram_v12_0_14_viv(c_xdev...]
Compiling architecture xilinx of entity xfft_v9_1_3.shift_ram [\shift_ram(c_xdevicefamily="virt...]
Compiling architecture struct of entity c_shift_ram_v12_0_14.c_shift_ram_v12_0_14_legacy [\c_shift_ram_v12_0_14_legacy(c_x...]
Compiling architecture synth of entity c_shift_ram_v12_0_14.c_shift_ram_v12_0_14_viv [\c_shift_ram_v12_0_14_viv(c_xdev...]
Compiling architecture xilinx of entity xfft_v9_1_3.shift_ram [\shift_ram(c_xdevicefamily="virt...]
Compiling architecture fd_v of entity unisim.FD [fd_default]
Compiling architecture struct of entity c_shift_ram_v12_0_14.c_shift_ram_v12_0_14_legacy [\c_shift_ram_v12_0_14_legacy(c_x...]
Compiling architecture synth of entity c_shift_ram_v12_0_14.c_shift_ram_v12_0_14_viv [\c_shift_ram_v12_0_14_viv(c_xdev...]
Compiling architecture xilinx of entity xfft_v9_1_3.shift_ram [\shift_ram(c_xdevicefamily="virt...]
Compiling architecture struct of entity c_shift_ram_v12_0_14.c_shift_ram_v12_0_14_legacy [\c_shift_ram_v12_0_14_legacy(c_x...]
Compiling architecture synth of entity c_shift_ram_v12_0_14.c_shift_ram_v12_0_14_viv [\c_shift_ram_v12_0_14_viv(c_xdev...]
Compiling architecture xilinx of entity xfft_v9_1_3.shift_ram [\shift_ram(c_xdevicefamily="virt...]
Compiling architecture struct of entity c_shift_ram_v12_0_14.c_shift_ram_v12_0_14_legacy [\c_shift_ram_v12_0_14_legacy(c_x...]
Compiling architecture synth of entity c_shift_ram_v12_0_14.c_shift_ram_v12_0_14_viv [\c_shift_ram_v12_0_14_viv(c_xdev...]
Compiling architecture xilinx of entity xfft_v9_1_3.shift_ram [\shift_ram(c_xdevicefamily="virt...]
Compiling architecture struct of entity c_shift_ram_v12_0_14.c_shift_ram_v12_0_14_legacy [\c_shift_ram_v12_0_14_legacy(c_x...]
Compiling architecture synth of entity c_shift_ram_v12_0_14.c_shift_ram_v12_0_14_viv [\c_shift_ram_v12_0_14_viv(c_xdev...]
Compiling architecture xilinx of entity xfft_v9_1_3.shift_ram [\shift_ram(c_xdevicefamily="virt...]
Compiling architecture xilinx of entity xfft_v9_1_3.shift_ram [\shift_ram(c_xdevicefamily="virt...]
Compiling architecture lut3_v of entity unisim.LUT3 [\LUT3(init="11001010")(0,7)\]
Compiling architecture xilinx of entity xfft_v9_1_3.mux_bus2 [\mux_bus2(c_xdevicefamily="virte...]
Compiling architecture xilinx of entity xfft_v9_1_3.r22_delay_mux [\r22_delay_mux(c_xdevicefamily="...]
Compiling architecture xilinx of entity xfft_v9_1_3.r22_delay_mux [\r22_delay_mux(c_xdevicefamily="...]
Compiling architecture xilinx of entity xfft_v9_1_3.shift_ram [\shift_ram(c_xdevicefamily="virt...]
Compiling architecture xilinx of entity xfft_v9_1_3.shift_ram [\shift_ram(c_xdevicefamily="virt...]
Compiling architecture rb18_internal_vhdl_v of entity unisim.RB18_INTERNAL_VHDL [\RB18_INTERNAL_VHDL(bram_size=18...]
Compiling architecture ramb18e1_v of entity unisim.RAMB18E1 [\RAMB18E1(dob_reg=1,read_width_b...]
Compiling architecture ramb18_v of entity unisim.RAMB18 [\RAMB18(dob_reg=1,read_width_b=9...]
Compiling architecture xilinx of entity xfft_v9_1_3.dpm [\dpm(c_xdevicefamily="virtexuplu...]
Compiling architecture xilinx of entity xfft_v9_1_3.r22_memory [\r22_memory(c_xdevicefamily="vir...]
Compiling architecture dsp48e1_v of entity unisim.DSP48E1 [\DSP48E1(adreg=0,carryinreg=0,ca...]
Compiling architecture dsp48e_v of entity unisim.DSP48E [\DSP48E(carryinreg=0,carryinselr...]
Compiling architecture xilinx of entity xfft_v9_1_3.butterfly_DSP48E_SIMD_bypass [\butterfly_DSP48E_SIMD_bypass(da...]
Compiling architecture xilinx of entity xfft_v9_1_3.bf_dsp_bypass [\bf_dsp_bypass(c_xdevicefamily="...]
Compiling architecture xilinx of entity xfft_v9_1_3.r22_bfly_byp [\r22_bfly_byp(c_xdevicefamily="v...]
Compiling architecture xilinx of entity xfft_v9_1_3.r22_bf [\r22_bf(c_xdevicefamily="virtexu...]
Compiling architecture xilinx of entity xfft_v9_1_3.shift_ram [\shift_ram(c_xdevicefamily="virt...]
Compiling architecture xilinx of entity xfft_v9_1_3.shift_ram [\shift_ram(c_xdevicefamily="virt...]
Compiling architecture xilinx of entity xfft_v9_1_3.shift_ram [\shift_ram(c_xdevicefamily="virt...]
Compiling architecture xilinx of entity xfft_v9_1_3.shift_ram [\shift_ram(c_xdevicefamily="virt...]
Compiling architecture xilinx of entity xfft_v9_1_3.mux_bus2 [\mux_bus2(c_xdevicefamily="virte...]
Compiling architecture xilinx of entity xfft_v9_1_3.r22_delay_mux [\r22_delay_mux(c_xdevicefamily="...]
Compiling architecture xilinx of entity xfft_v9_1_3.r22_delay_mux [\r22_delay_mux(c_xdevicefamily="...]
Compiling architecture xilinx of entity xfft_v9_1_3.shift_ram [\shift_ram(c_xdevicefamily="virt...]
Compiling architecture xilinx of entity xfft_v9_1_3.shift_ram [\shift_ram(c_xdevicefamily="virt...]
Compiling architecture rb18_internal_vhdl_v of entity unisim.RB18_INTERNAL_VHDL [\RB18_INTERNAL_VHDL(bram_size=18...]
Compiling architecture ramb18e1_v of entity unisim.RAMB18E1 [\RAMB18E1(dob_reg=1,read_width_b...]
Compiling architecture ramb18_v of entity unisim.RAMB18 [\RAMB18(dob_reg=1,read_width_b=1...]
Compiling architecture xilinx of entity xfft_v9_1_3.dpm [\dpm(c_xdevicefamily="virtexuplu...]
Compiling architecture xilinx of entity xfft_v9_1_3.r22_memory [\r22_memory(c_xdevicefamily="vir...]
Compiling architecture lut2_v of entity unisim.LUT2 [\LUT2(init="10001000")(0,7)\]
Compiling architecture dsp48e1_v of entity unisim.DSP48E1 [\DSP48E1(adreg=0,carryinreg=0,ca...]
Compiling architecture dsp48e_v of entity unisim.DSP48E [\DSP48E(carryinreg=0,carryinselr...]
Compiling architecture xilinx of entity xfft_v9_1_3.butterfly_DSP48E_bypass [\butterfly_DSP48E_bypass(data_wi...]
Compiling architecture xilinx of entity xfft_v9_1_3.bf_dsp_bypass [\bf_dsp_bypass(c_xdevicefamily="...]
Compiling architecture xilinx of entity xfft_v9_1_3.r22_bfly_byp [\r22_bfly_byp(c_xdevicefamily="v...]
Compiling architecture xilinx of entity xfft_v9_1_3.r22_bf [\r22_bf(c_xdevicefamily="virtexu...]
Compiling architecture structural of entity c_reg_fd_v12_0_6.c_reg_fd_v12_0_6_viv [\c_reg_fd_v12_0_6_viv(c_width=12...]
Compiling architecture rtl of entity c_addsub_v12_0_14.c_addsub_v12_0_14_lut6_legacy [\c_addsub_v12_0_14_lut6_legacy(c...]
Compiling architecture synth of entity c_addsub_v12_0_14.c_addsub_v12_0_14_fabric_legacy [\c_addsub_v12_0_14_fabric_legacy...]
Compiling architecture synth of entity c_addsub_v12_0_14.c_addsub_v12_0_14_legacy [\c_addsub_v12_0_14_legacy(c_fami...]
Compiling architecture synth of entity c_addsub_v12_0_14.c_addsub_v12_0_14_viv [\c_addsub_v12_0_14_viv(c_xdevice...]
Compiling architecture xilinx of entity xfft_v9_1_3.adder [\adder(c_xdevicefamily="virtexup...]
Compiling architecture lut6_v of entity unisim.LUT6 [\LUT6(init="11111111000000001111...]
Compiling architecture xilinx of entity xfft_v9_1_3.mux_bus4 [\mux_bus4(c_xdevicefamily="virte...]
Compiling architecture xilinx of entity xfft_v9_1_3.twos_comp [\twos_comp(c_data_width=10,c_has...]
Compiling architecture lut6_v of entity unisim.LUT6 [\LUT6(init="10000000000000000000...]
Compiling architecture fde_v of entity unisim.FDE [fde_default]
Compiling architecture xilinx of entity xfft_v9_1_3.logic_gate [\logic_gate(c_xdevicefamily="vir...]
Compiling architecture xilinx of entity xfft_v9_1_3.twgen_quarter_sin [\twgen_quarter_sin(c_xdevicefami...]
Compiling architecture xilinx of entity xfft_v9_1_3.twiddle_gen [\twiddle_gen(c_xdevicefamily="vi...]
Compiling architecture xilinx of entity xfft_v9_1_3.r22_tw_gen [\r22_tw_gen(c_xdevicefamily="vir...]
Compiling architecture xilinx of entity cmpy_v6_0_18.delay_line [\delay_line(c_xdevicefamily="vir...]
Compiling architecture xilinx of entity cmpy_v6_0_18.delay_line [\delay_line(c_xdevicefamily="vir...]
Compiling architecture xilinx of entity mult_gen_v12_0_16.delay_line [\delay_line(c_xdevicefamily="vir...]
Compiling architecture xilinx of entity mult_gen_v12_0_16.delay_line [\delay_line(c_xdevicefamily="vir...]
Compiling architecture xilinx of entity mult_gen_v12_0_16.delay_line [\delay_line(c_xdevicefamily="vir...]
Compiling architecture xilinx of entity mult_gen_v12_0_16.op_resize [\op_resize(ai_width=18,bi_width=...]
Compiling architecture xilinx of entity mult_gen_v12_0_16.dsp [\dsp(c_xdevicefamily="virtexuplu...]
Compiling architecture xilinx of entity cmpy_v6_0_18.cmpy_3_dsp48_mult [\cmpy_3_dsp48_mult(c_xdevicefami...]
Compiling architecture xilinx of entity mult_gen_v12_0_16.delay_line [\delay_line(c_xdevicefamily="vir...]
Compiling architecture xilinx of entity mult_gen_v12_0_16.delay_line [\delay_line(c_xdevicefamily="vir...]
Compiling architecture xilinx of entity mult_gen_v12_0_16.op_resize [\op_resize(ai_width=19,bi_width=...]
Compiling architecture xilinx of entity mult_gen_v12_0_16.dsp [\dsp(c_xdevicefamily="virtexuplu...]
Compiling architecture xilinx of entity cmpy_v6_0_18.cmpy_3_dsp48_mult [\cmpy_3_dsp48_mult(c_xdevicefami...]
Compiling architecture xilinx of entity mult_gen_v12_0_16.dsp [\dsp(c_xdevicefamily="virtexuplu...]
Compiling architecture xilinx of entity cmpy_v6_0_18.cmpy_3_dsp48_mult [\cmpy_3_dsp48_mult(c_xdevicefami...]
Compiling architecture xilinx of entity cmpy_v6_0_18.input_negation [\input_negation(c_xdevicefamily=...]
Compiling architecture xilinx of entity cmpy_v6_0_18.delay_line [\delay_line(c_xdevicefamily="vir...]
Compiling architecture xilinx of entity cmpy_v6_0_18.delay_line [\delay_line(c_xdevicefamily="vir...]
Compiling architecture xilinx of entity cmpy_v6_0_18.cmpy_3_dsp48 [\cmpy_3_dsp48(c_xdevicefamily="v...]
Compiling architecture xilinx of entity cmpy_v6_0_18.cmpy_v6_0_18_synth [\cmpy_v6_0_18_synth(c_xdevicefam...]
Compiling architecture xilinx of entity xfft_v9_1_3.cmpy [\cmpy(c_xdevicefamily="virtexupl...]
Compiling architecture xilinx of entity xfft_v9_1_3.logic_gate [\logic_gate(c_xdevicefamily="vir...]
Compiling architecture xilinx of entity xfft_v9_1_3.shift_ram [\shift_ram(c_xdevicefamily="virt...]
Compiling architecture xilinx of entity xfft_v9_1_3.logic_gate [\logic_gate(c_xdevicefamily="vir...]
Compiling architecture rtl of entity c_addsub_v12_0_14.c_addsub_v12_0_14_lut6_legacy [\c_addsub_v12_0_14_lut6_legacy(c...]
Compiling architecture synth of entity c_addsub_v12_0_14.c_addsub_v12_0_14_fabric_legacy [\c_addsub_v12_0_14_fabric_legacy...]
Compiling architecture synth of entity c_addsub_v12_0_14.c_addsub_v12_0_14_legacy [\c_addsub_v12_0_14_legacy(c_fami...]
Compiling architecture synth of entity c_addsub_v12_0_14.c_addsub_v12_0_14_viv [\c_addsub_v12_0_14_viv(c_xdevice...]
Compiling architecture xilinx of entity xfft_v9_1_3.unbiased_round [\unbiased_round(c_xdevicefamily=...]
Compiling architecture xilinx of entity xfft_v9_1_3.shift_ram [\shift_ram(c_xdevicefamily="virt...]
Compiling architecture xilinx of entity xfft_v9_1_3.shift_ram [\shift_ram(c_xdevicefamily="virt...]
Compiling architecture xilinx of entity xfft_v9_1_3.r22_pe [\r22_pe(c_xdevicefamily="virtexu...]
Compiling architecture synth of entity xfft_v9_1_3.srl_fifo [\srl_fifo(c_width=1)\]
Compiling architecture xilinx of entity xfft_v9_1_3.r22_cnt_ctrl [\r22_cnt_ctrl(c_xdevicefamily="v...]
Compiling architecture xilinx of entity xfft_v9_1_3.r22_cnt_ctrl [\r22_cnt_ctrl(c_xdevicefamily="v...]
Compiling architecture struct of entity c_shift_ram_v12_0_14.c_shift_ram_v12_0_14_legacy [\c_shift_ram_v12_0_14_legacy(c_x...]
Compiling architecture synth of entity c_shift_ram_v12_0_14.c_shift_ram_v12_0_14_viv [\c_shift_ram_v12_0_14_viv(c_xdev...]
Compiling architecture xilinx of entity xfft_v9_1_3.shift_ram [\shift_ram(c_xdevicefamily="virt...]
Compiling architecture xilinx of entity xfft_v9_1_3.shift_ram [\shift_ram(c_xdevicefamily="virt...]
Compiling architecture xilinx of entity xfft_v9_1_3.shift_ram [\shift_ram(c_xdevicefamily="virt...]
Compiling architecture xilinx of entity xfft_v9_1_3.mux_bus2 [\mux_bus2(c_xdevicefamily="virte...]
Compiling architecture xilinx of entity xfft_v9_1_3.r22_delay_mux [\r22_delay_mux(c_xdevicefamily="...]
Compiling architecture xilinx of entity xfft_v9_1_3.r22_delay_mux [\r22_delay_mux(c_xdevicefamily="...]
Compiling architecture xilinx of entity xfft_v9_1_3.shift_ram [\shift_ram(c_xdevicefamily="virt...]
Compiling architecture xilinx of entity xfft_v9_1_3.shift_ram [\shift_ram(c_xdevicefamily="virt...]
Compiling architecture rb18_internal_vhdl_v of entity unisim.RB18_INTERNAL_VHDL [\RB18_INTERNAL_VHDL(bram_size=18...]
Compiling architecture ramb18e1_v of entity unisim.RAMB18E1 [\RAMB18E1(doa_reg=1,dob_reg=1,ra...]
Compiling architecture xilinx of entity xfft_v9_1_3.dpm [\dpm(c_xdevicefamily="virtexuplu...]
Compiling architecture xilinx of entity xfft_v9_1_3.r22_memory [\r22_memory(c_xdevicefamily="vir...]
Compiling architecture xilinx of entity xfft_v9_1_3.butterfly_DSP48E_SIMD_bypass [\butterfly_DSP48E_SIMD_bypass(da...]
Compiling architecture xilinx of entity xfft_v9_1_3.bf_dsp_bypass [\bf_dsp_bypass(c_xdevicefamily="...]
Compiling architecture xilinx of entity xfft_v9_1_3.r22_bfly_byp [\r22_bfly_byp(c_xdevicefamily="v...]
Compiling architecture xilinx of entity xfft_v9_1_3.r22_bf [\r22_bf(c_xdevicefamily="virtexu...]
Compiling architecture xilinx of entity xfft_v9_1_3.shift_ram [\shift_ram(c_xdevicefamily="virt...]
Compiling architecture xilinx of entity xfft_v9_1_3.mux_bus2 [\mux_bus2(c_xdevicefamily="virte...]
Compiling architecture xilinx of entity xfft_v9_1_3.r22_delay_mux [\r22_delay_mux(c_xdevicefamily="...]
Compiling architecture xilinx of entity xfft_v9_1_3.r22_delay_mux [\r22_delay_mux(c_xdevicefamily="...]
Compiling architecture xilinx of entity xfft_v9_1_3.shift_ram [\shift_ram(c_xdevicefamily="virt...]
Compiling architecture xilinx of entity xfft_v9_1_3.shift_ram [\shift_ram(c_xdevicefamily="virt...]
Compiling architecture struct of entity c_shift_ram_v12_0_14.c_shift_ram_v12_0_14_legacy [\c_shift_ram_v12_0_14_legacy(c_x...]
Compiling architecture synth of entity c_shift_ram_v12_0_14.c_shift_ram_v12_0_14_viv [\c_shift_ram_v12_0_14_viv(c_xdev...]
Compiling architecture synth of entity xfft_v9_1_3.r22_srl_memory [\r22_srl_memory(c_xdevicefamily=...]
Compiling architecture xilinx of entity xfft_v9_1_3.r22_memory [\r22_memory(c_xdevicefamily="vir...]
Compiling architecture xilinx of entity xfft_v9_1_3.butterfly_DSP48E_bypass [\butterfly_DSP48E_bypass(data_wi...]
Compiling architecture xilinx of entity xfft_v9_1_3.bf_dsp_bypass [\bf_dsp_bypass(c_xdevicefamily="...]
Compiling architecture xilinx of entity xfft_v9_1_3.r22_bfly_byp [\r22_bfly_byp(c_xdevicefamily="v...]
Compiling architecture xilinx of entity xfft_v9_1_3.r22_bf [\r22_bf(c_xdevicefamily="virtexu...]
Compiling architecture xilinx of entity xfft_v9_1_3.shift_ram [\shift_ram(c_xdevicefamily="virt...]
Compiling architecture struct of entity c_shift_ram_v12_0_14.c_shift_ram_v12_0_14_legacy [\c_shift_ram_v12_0_14_legacy(c_x...]
Compiling architecture synth of entity c_shift_ram_v12_0_14.c_shift_ram_v12_0_14_viv [\c_shift_ram_v12_0_14_viv(c_xdev...]
Compiling architecture xilinx of entity xfft_v9_1_3.shift_ram [\shift_ram(c_xdevicefamily="virt...]
Compiling architecture structural of entity c_reg_fd_v12_0_6.c_reg_fd_v12_0_6_viv [\c_reg_fd_v12_0_6_viv(c_width=10...]
Compiling architecture rtl of entity c_addsub_v12_0_14.c_addsub_v12_0_14_lut6_legacy [\c_addsub_v12_0_14_lut6_legacy(c...]
Compiling architecture synth of entity c_addsub_v12_0_14.c_addsub_v12_0_14_fabric_legacy [\c_addsub_v12_0_14_fabric_legacy...]
Compiling architecture synth of entity c_addsub_v12_0_14.c_addsub_v12_0_14_legacy [\c_addsub_v12_0_14_legacy(c_fami...]
Compiling architecture synth of entity c_addsub_v12_0_14.c_addsub_v12_0_14_viv [\c_addsub_v12_0_14_viv(c_xdevice...]
Compiling architecture xilinx of entity xfft_v9_1_3.adder [\adder(c_xdevicefamily="virtexup...]
Compiling architecture xilinx of entity xfft_v9_1_3.mux_bus4 [\mux_bus4(c_xdevicefamily="virte...]
Compiling architecture xilinx of entity xfft_v9_1_3.twgen_distmem [\twgen_distmem(pipeline_fwd_inv=...]
Compiling architecture xilinx of entity xfft_v9_1_3.twiddle_gen [\twiddle_gen(c_xdevicefamily="vi...]
Compiling architecture xilinx of entity xfft_v9_1_3.r22_tw_gen [\r22_tw_gen(c_xdevicefamily="vir...]
Compiling architecture xilinx of entity cmpy_v6_0_18.delay_line [\delay_line(c_xdevicefamily="vir...]
Compiling architecture xilinx of entity cmpy_v6_0_18.delay_line [\delay_line(c_xdevicefamily="vir...]
Compiling architecture xilinx of entity mult_gen_v12_0_16.op_resize [\op_resize(ai_width=22,bi_width=...]
Compiling architecture xilinx of entity mult_gen_v12_0_16.dsp [\dsp(c_xdevicefamily="virtexuplu...]
Compiling architecture xilinx of entity cmpy_v6_0_18.cmpy_3_dsp48_mult [\cmpy_3_dsp48_mult(c_xdevicefami...]
Compiling architecture xilinx of entity cmpy_v6_0_18.delay_line [\delay_line(c_xdevicefamily="vir...]
Compiling architecture xilinx of entity mult_gen_v12_0_16.op_resize [\op_resize(ai_width=21,bi_width=...]
Compiling architecture xilinx of entity mult_gen_v12_0_16.dsp [\dsp(c_xdevicefamily="virtexuplu...]
Compiling architecture xilinx of entity cmpy_v6_0_18.cmpy_3_dsp48_mult [\cmpy_3_dsp48_mult(c_xdevicefami...]
Compiling architecture xilinx of entity mult_gen_v12_0_16.dsp [\dsp(c_xdevicefamily="virtexuplu...]
Compiling architecture xilinx of entity cmpy_v6_0_18.cmpy_3_dsp48_mult [\cmpy_3_dsp48_mult(c_xdevicefami...]
Compiling architecture xilinx of entity cmpy_v6_0_18.input_negation [\input_negation(c_xdevicefamily=...]
Compiling architecture xilinx of entity cmpy_v6_0_18.delay_line [\delay_line(c_xdevicefamily="vir...]
Compiling architecture xilinx of entity cmpy_v6_0_18.cmpy_3_dsp48 [\cmpy_3_dsp48(c_xdevicefamily="v...]
Compiling architecture xilinx of entity cmpy_v6_0_18.cmpy_v6_0_18_synth [\cmpy_v6_0_18_synth(c_xdevicefam...]
Compiling architecture xilinx of entity xfft_v9_1_3.cmpy [\cmpy(c_xdevicefamily="virtexupl...]
Compiling architecture xilinx of entity xfft_v9_1_3.shift_ram [\shift_ram(c_xdevicefamily="virt...]
Compiling architecture xilinx of entity xfft_v9_1_3.logic_gate [\logic_gate(c_xdevicefamily="vir...]
Compiling architecture rtl of entity c_addsub_v12_0_14.c_addsub_v12_0_14_lut6_legacy [\c_addsub_v12_0_14_lut6_legacy(c...]
Compiling architecture synth of entity c_addsub_v12_0_14.c_addsub_v12_0_14_fabric_legacy [\c_addsub_v12_0_14_fabric_legacy...]
Compiling architecture synth of entity c_addsub_v12_0_14.c_addsub_v12_0_14_legacy [\c_addsub_v12_0_14_legacy(c_fami...]
Compiling architecture synth of entity c_addsub_v12_0_14.c_addsub_v12_0_14_viv [\c_addsub_v12_0_14_viv(c_xdevice...]
Compiling architecture xilinx of entity xfft_v9_1_3.unbiased_round [\unbiased_round(c_xdevicefamily=...]
Compiling architecture xilinx of entity xfft_v9_1_3.shift_ram [\shift_ram(c_xdevicefamily="virt...]
Compiling architecture xilinx of entity xfft_v9_1_3.shift_ram [\shift_ram(c_xdevicefamily="virt...]
Compiling architecture xilinx of entity xfft_v9_1_3.r22_pe [\r22_pe(c_xdevicefamily="virtexu...]
Compiling architecture xilinx of entity xfft_v9_1_3.r22_cnt_ctrl [\r22_cnt_ctrl(c_xdevicefamily="v...]
Compiling architecture xilinx of entity xfft_v9_1_3.r22_cnt_ctrl [\r22_cnt_ctrl(c_xdevicefamily="v...]
Compiling architecture struct of entity c_shift_ram_v12_0_14.c_shift_ram_v12_0_14_legacy [\c_shift_ram_v12_0_14_legacy(c_x...]
Compiling architecture synth of entity c_shift_ram_v12_0_14.c_shift_ram_v12_0_14_viv [\c_shift_ram_v12_0_14_viv(c_xdev...]
Compiling architecture xilinx of entity xfft_v9_1_3.shift_ram [\shift_ram(c_xdevicefamily="virt...]
Compiling architecture xilinx of entity xfft_v9_1_3.shift_ram [\shift_ram(c_xdevicefamily="virt...]
Compiling architecture xilinx of entity xfft_v9_1_3.shift_ram [\shift_ram(c_xdevicefamily="virt...]
Compiling architecture xilinx of entity xfft_v9_1_3.mux_bus2 [\mux_bus2(c_xdevicefamily="virte...]
Compiling architecture xilinx of entity xfft_v9_1_3.r22_delay_mux [\r22_delay_mux(c_xdevicefamily="...]
Compiling architecture xilinx of entity xfft_v9_1_3.r22_delay_mux [\r22_delay_mux(c_xdevicefamily="...]
Compiling architecture xilinx of entity xfft_v9_1_3.shift_ram [\shift_ram(c_xdevicefamily="virt...]
Compiling architecture xilinx of entity xfft_v9_1_3.shift_ram [\shift_ram(c_xdevicefamily="virt...]
Compiling architecture struct of entity c_shift_ram_v12_0_14.c_shift_ram_v12_0_14_legacy [\c_shift_ram_v12_0_14_legacy(c_x...]
Compiling architecture synth of entity c_shift_ram_v12_0_14.c_shift_ram_v12_0_14_viv [\c_shift_ram_v12_0_14_viv(c_xdev...]
Compiling architecture synth of entity xfft_v9_1_3.r22_srl_memory [\r22_srl_memory(c_xdevicefamily=...]
Compiling architecture xilinx of entity xfft_v9_1_3.r22_memory [\r22_memory(c_xdevicefamily="vir...]
Compiling architecture xilinx of entity xfft_v9_1_3.butterfly_DSP48E_SIMD_bypass [\butterfly_DSP48E_SIMD_bypass(da...]
Compiling architecture xilinx of entity xfft_v9_1_3.bf_dsp_bypass [\bf_dsp_bypass(c_xdevicefamily="...]
Compiling architecture xilinx of entity xfft_v9_1_3.r22_bfly_byp [\r22_bfly_byp(c_xdevicefamily="v...]
Compiling architecture xilinx of entity xfft_v9_1_3.r22_bf [\r22_bf(c_xdevicefamily="virtexu...]
Compiling architecture xilinx of entity xfft_v9_1_3.shift_ram [\shift_ram(c_xdevicefamily="virt...]
Compiling architecture xilinx of entity xfft_v9_1_3.mux_bus2 [\mux_bus2(c_xdevicefamily="virte...]
Compiling architecture xilinx of entity xfft_v9_1_3.r22_delay_mux [\r22_delay_mux(c_xdevicefamily="...]
Compiling architecture xilinx of entity xfft_v9_1_3.r22_delay_mux [\r22_delay_mux(c_xdevicefamily="...]
Compiling architecture xilinx of entity xfft_v9_1_3.shift_ram [\shift_ram(c_xdevicefamily="virt...]
Compiling architecture xilinx of entity xfft_v9_1_3.shift_ram [\shift_ram(c_xdevicefamily="virt...]
Compiling architecture struct of entity c_shift_ram_v12_0_14.c_shift_ram_v12_0_14_legacy [\c_shift_ram_v12_0_14_legacy(c_x...]
Compiling architecture synth of entity c_shift_ram_v12_0_14.c_shift_ram_v12_0_14_viv [\c_shift_ram_v12_0_14_viv(c_xdev...]
Compiling architecture synth of entity xfft_v9_1_3.r22_srl_memory [\r22_srl_memory(c_xdevicefamily=...]
Compiling architecture xilinx of entity xfft_v9_1_3.r22_memory [\r22_memory(c_xdevicefamily="vir...]
Compiling architecture xilinx of entity xfft_v9_1_3.butterfly_DSP48E_bypass [\butterfly_DSP48E_bypass(data_wi...]
Compiling architecture xilinx of entity xfft_v9_1_3.bf_dsp_bypass [\bf_dsp_bypass(c_xdevicefamily="...]
Compiling architecture xilinx of entity xfft_v9_1_3.r22_bfly_byp [\r22_bfly_byp(c_xdevicefamily="v...]
Compiling architecture xilinx of entity xfft_v9_1_3.r22_bf [\r22_bf(c_xdevicefamily="virtexu...]
Compiling architecture xilinx of entity xfft_v9_1_3.shift_ram [\shift_ram(c_xdevicefamily="virt...]
Compiling architecture structural of entity c_reg_fd_v12_0_6.c_reg_fd_v12_0_6_viv [\c_reg_fd_v12_0_6_viv(c_width=8,...]
Compiling architecture rtl of entity c_addsub_v12_0_14.c_addsub_v12_0_14_lut6_legacy [\c_addsub_v12_0_14_lut6_legacy(c...]
Compiling architecture synth of entity c_addsub_v12_0_14.c_addsub_v12_0_14_fabric_legacy [\c_addsub_v12_0_14_fabric_legacy...]
Compiling architecture synth of entity c_addsub_v12_0_14.c_addsub_v12_0_14_legacy [\c_addsub_v12_0_14_legacy(c_fami...]
Compiling architecture synth of entity c_addsub_v12_0_14.c_addsub_v12_0_14_viv [\c_addsub_v12_0_14_viv(c_xdevice...]
Compiling architecture xilinx of entity xfft_v9_1_3.adder [\adder(c_xdevicefamily="virtexup...]
Compiling architecture xilinx of entity xfft_v9_1_3.mux_bus4 [\mux_bus4(c_xdevicefamily="virte...]
Compiling architecture xilinx of entity xfft_v9_1_3.twgen_distmem [\twgen_distmem(theta_width=7,pip...]
Compiling architecture xilinx of entity xfft_v9_1_3.twiddle_gen [\twiddle_gen(c_xdevicefamily="vi...]
Compiling architecture xilinx of entity xfft_v9_1_3.r22_tw_gen [\r22_tw_gen(c_xdevicefamily="vir...]
Compiling architecture xilinx of entity cmpy_v6_0_18.delay_line [\delay_line(c_xdevicefamily="vir...]
Compiling architecture xilinx of entity mult_gen_v12_0_16.op_resize [\op_resize(ai_width=24,bi_width=...]
Compiling architecture xilinx of entity mult_gen_v12_0_16.dsp [\dsp(c_xdevicefamily="virtexuplu...]
Compiling architecture xilinx of entity cmpy_v6_0_18.cmpy_3_dsp48_mult [\cmpy_3_dsp48_mult(c_xdevicefami...]
Compiling architecture xilinx of entity cmpy_v6_0_18.delay_line [\delay_line(c_xdevicefamily="vir...]
Compiling architecture xilinx of entity mult_gen_v12_0_16.op_resize [\op_resize(ai_width=23,bi_width=...]
Compiling architecture xilinx of entity mult_gen_v12_0_16.dsp [\dsp(c_xdevicefamily="virtexuplu...]
Compiling architecture xilinx of entity cmpy_v6_0_18.cmpy_3_dsp48_mult [\cmpy_3_dsp48_mult(c_xdevicefami...]
Compiling architecture xilinx of entity mult_gen_v12_0_16.dsp [\dsp(c_xdevicefamily="virtexuplu...]
Compiling architecture xilinx of entity cmpy_v6_0_18.cmpy_3_dsp48_mult [\cmpy_3_dsp48_mult(c_xdevicefami...]
Compiling architecture xilinx of entity cmpy_v6_0_18.input_negation [\input_negation(c_xdevicefamily=...]
Compiling architecture xilinx of entity cmpy_v6_0_18.delay_line [\delay_line(c_xdevicefamily="vir...]
Compiling architecture xilinx of entity cmpy_v6_0_18.cmpy_3_dsp48 [\cmpy_3_dsp48(c_xdevicefamily="v...]
Compiling architecture xilinx of entity cmpy_v6_0_18.cmpy_v6_0_18_synth [\cmpy_v6_0_18_synth(c_xdevicefam...]
Compiling architecture xilinx of entity xfft_v9_1_3.cmpy [\cmpy(c_xdevicefamily="virtexupl...]
Compiling architecture xilinx of entity xfft_v9_1_3.shift_ram [\shift_ram(c_xdevicefamily="virt...]
Compiling architecture xilinx of entity xfft_v9_1_3.logic_gate [\logic_gate(c_xdevicefamily="vir...]
Compiling architecture rtl of entity c_addsub_v12_0_14.c_addsub_v12_0_14_lut6_legacy [\c_addsub_v12_0_14_lut6_legacy(c...]
Compiling architecture synth of entity c_addsub_v12_0_14.c_addsub_v12_0_14_fabric_legacy [\c_addsub_v12_0_14_fabric_legacy...]
Compiling architecture synth of entity c_addsub_v12_0_14.c_addsub_v12_0_14_legacy [\c_addsub_v12_0_14_legacy(c_fami...]
Compiling architecture synth of entity c_addsub_v12_0_14.c_addsub_v12_0_14_viv [\c_addsub_v12_0_14_viv(c_xdevice...]
Compiling architecture xilinx of entity xfft_v9_1_3.unbiased_round [\unbiased_round(c_xdevicefamily=...]
Compiling architecture xilinx of entity xfft_v9_1_3.shift_ram [\shift_ram(c_xdevicefamily="virt...]
Compiling architecture xilinx of entity xfft_v9_1_3.shift_ram [\shift_ram(c_xdevicefamily="virt...]
Compiling architecture xilinx of entity xfft_v9_1_3.r22_pe [\r22_pe(c_xdevicefamily="virtexu...]
Compiling architecture xilinx of entity xfft_v9_1_3.r22_cnt_ctrl [\r22_cnt_ctrl(c_xdevicefamily="v...]
Compiling architecture xilinx of entity xfft_v9_1_3.r22_cnt_ctrl [\r22_cnt_ctrl(c_xdevicefamily="v...]
Compiling architecture struct of entity c_shift_ram_v12_0_14.c_shift_ram_v12_0_14_legacy [\c_shift_ram_v12_0_14_legacy(c_x...]
Compiling architecture synth of entity c_shift_ram_v12_0_14.c_shift_ram_v12_0_14_viv [\c_shift_ram_v12_0_14_viv(c_xdev...]
Compiling architecture xilinx of entity xfft_v9_1_3.shift_ram [\shift_ram(c_xdevicefamily="virt...]
Compiling architecture struct of entity c_shift_ram_v12_0_14.c_shift_ram_v12_0_14_legacy [\c_shift_ram_v12_0_14_legacy(c_x...]
Compiling architecture synth of entity c_shift_ram_v12_0_14.c_shift_ram_v12_0_14_viv [\c_shift_ram_v12_0_14_viv(c_xdev...]
Compiling architecture xilinx of entity xfft_v9_1_3.shift_ram [\shift_ram(c_xdevicefamily="virt...]
Compiling architecture struct of entity c_shift_ram_v12_0_14.c_shift_ram_v12_0_14_legacy [\c_shift_ram_v12_0_14_legacy(c_x...]
Compiling architecture synth of entity c_shift_ram_v12_0_14.c_shift_ram_v12_0_14_viv [\c_shift_ram_v12_0_14_viv(c_xdev...]
Compiling architecture xilinx of entity xfft_v9_1_3.shift_ram [\shift_ram(c_xdevicefamily="virt...]
Compiling architecture xilinx of entity xfft_v9_1_3.shift_ram [\shift_ram(c_xdevicefamily="virt...]
Compiling architecture xilinx of entity xfft_v9_1_3.shift_ram [\shift_ram(c_xdevicefamily="virt...]
Compiling architecture xilinx of entity xfft_v9_1_3.mux_bus2 [\mux_bus2(c_xdevicefamily="virte...]
Compiling architecture xilinx of entity xfft_v9_1_3.r22_delay_mux [\r22_delay_mux(c_xdevicefamily="...]
Compiling architecture xilinx of entity xfft_v9_1_3.r22_delay_mux [\r22_delay_mux(c_xdevicefamily="...]
Compiling architecture xilinx of entity xfft_v9_1_3.shift_ram [\shift_ram(c_xdevicefamily="virt...]
Compiling architecture xilinx of entity xfft_v9_1_3.shift_ram [\shift_ram(c_xdevicefamily="virt...]
Compiling architecture struct of entity c_shift_ram_v12_0_14.c_shift_ram_v12_0_14_legacy [\c_shift_ram_v12_0_14_legacy(c_x...]
Compiling architecture synth of entity c_shift_ram_v12_0_14.c_shift_ram_v12_0_14_viv [\c_shift_ram_v12_0_14_viv(c_xdev...]
Compiling architecture synth of entity xfft_v9_1_3.r22_srl_memory [\r22_srl_memory(c_xdevicefamily=...]
Compiling architecture xilinx of entity xfft_v9_1_3.r22_memory [\r22_memory(c_xdevicefamily="vir...]
Compiling architecture xilinx of entity xfft_v9_1_3.butterfly_DSP48E_bypass [\butterfly_DSP48E_bypass(data_wi...]
Compiling architecture xilinx of entity xfft_v9_1_3.bf_dsp_bypass [\bf_dsp_bypass(c_xdevicefamily="...]
Compiling architecture xilinx of entity xfft_v9_1_3.r22_bfly_byp [\r22_bfly_byp(c_xdevicefamily="v...]
Compiling architecture xilinx of entity xfft_v9_1_3.r22_bf [\r22_bf(c_xdevicefamily="virtexu...]
Compiling architecture xilinx of entity xfft_v9_1_3.shift_ram [\shift_ram(c_xdevicefamily="virt...]
Compiling architecture struct of entity c_shift_ram_v12_0_14.c_shift_ram_v12_0_14_legacy [\c_shift_ram_v12_0_14_legacy(c_x...]
Compiling architecture synth of entity c_shift_ram_v12_0_14.c_shift_ram_v12_0_14_viv [\c_shift_ram_v12_0_14_viv(c_xdev...]
Compiling architecture xilinx of entity xfft_v9_1_3.shift_ram [\shift_ram(c_xdevicefamily="virt...]
Compiling architecture xilinx of entity xfft_v9_1_3.shift_ram [\shift_ram(c_xdevicefamily="virt...]
Compiling architecture xilinx of entity xfft_v9_1_3.shift_ram [\shift_ram(c_xdevicefamily="virt...]
Compiling architecture xilinx of entity xfft_v9_1_3.mux_bus2 [\mux_bus2(c_xdevicefamily="virte...]
Compiling architecture xilinx of entity xfft_v9_1_3.r22_bf_sp [\r22_bf_sp(c_xdevicefamily="virt...]
Compiling architecture struct of entity c_shift_ram_v12_0_14.c_shift_ram_v12_0_14_legacy [\c_shift_ram_v12_0_14_legacy(c_x...]
Compiling architecture synth of entity c_shift_ram_v12_0_14.c_shift_ram_v12_0_14_viv [\c_shift_ram_v12_0_14_viv(c_xdev...]
Compiling architecture xilinx of entity xfft_v9_1_3.shift_ram [\shift_ram(c_xdevicefamily="virt...]
Compiling architecture structural of entity c_reg_fd_v12_0_6.c_reg_fd_v12_0_6_viv [\c_reg_fd_v12_0_6_viv(c_width=6,...]
Compiling architecture rtl of entity c_addsub_v12_0_14.c_addsub_v12_0_14_lut6_legacy [\c_addsub_v12_0_14_lut6_legacy(c...]
Compiling architecture synth of entity c_addsub_v12_0_14.c_addsub_v12_0_14_fabric_legacy [\c_addsub_v12_0_14_fabric_legacy...]
Compiling architecture synth of entity c_addsub_v12_0_14.c_addsub_v12_0_14_legacy [\c_addsub_v12_0_14_legacy(c_fami...]
Compiling architecture synth of entity c_addsub_v12_0_14.c_addsub_v12_0_14_viv [\c_addsub_v12_0_14_viv(c_xdevice...]
Compiling architecture xilinx of entity xfft_v9_1_3.adder [\adder(c_xdevicefamily="virtexup...]
Compiling architecture xilinx of entity xfft_v9_1_3.mux_bus4 [\mux_bus4(c_xdevicefamily="virte...]
Compiling architecture xilinx of entity xfft_v9_1_3.twgen_distmem [\twgen_distmem(theta_width=5,pip...]
Compiling architecture xilinx of entity xfft_v9_1_3.twiddle_gen [\twiddle_gen(c_xdevicefamily="vi...]
Compiling architecture xilinx of entity xfft_v9_1_3.r22_tw_gen [\r22_tw_gen(c_xdevicefamily="vir...]
Compiling architecture xilinx of entity cmpy_v6_0_18.delay_line [\delay_line(c_xdevicefamily="vir...]
Compiling architecture xilinx of entity mult_gen_v12_0_16.op_resize [\op_resize(ai_width=26,bi_width=...]
Compiling architecture xilinx of entity mult_gen_v12_0_16.dsp [\dsp(c_xdevicefamily="virtexuplu...]
Compiling architecture xilinx of entity cmpy_v6_0_18.cmpy_3_dsp48_mult [\cmpy_3_dsp48_mult(c_xdevicefami...]
Compiling architecture xilinx of entity cmpy_v6_0_18.delay_line [\delay_line(c_xdevicefamily="vir...]
Compiling architecture xilinx of entity mult_gen_v12_0_16.op_resize [\op_resize(ai_width=25,bi_width=...]
Compiling architecture xilinx of entity mult_gen_v12_0_16.dsp [\dsp(c_xdevicefamily="virtexuplu...]
Compiling architecture xilinx of entity cmpy_v6_0_18.cmpy_3_dsp48_mult [\cmpy_3_dsp48_mult(c_xdevicefami...]
Compiling architecture xilinx of entity mult_gen_v12_0_16.dsp [\dsp(c_xdevicefamily="virtexuplu...]
Compiling architecture xilinx of entity cmpy_v6_0_18.cmpy_3_dsp48_mult [\cmpy_3_dsp48_mult(c_xdevicefami...]
Compiling architecture xilinx of entity cmpy_v6_0_18.input_negation [\input_negation(c_xdevicefamily=...]
Compiling architecture xilinx of entity cmpy_v6_0_18.delay_line [\delay_line(c_xdevicefamily="vir...]
Compiling architecture xilinx of entity cmpy_v6_0_18.cmpy_3_dsp48 [\cmpy_3_dsp48(c_xdevicefamily="v...]
Compiling architecture xilinx of entity cmpy_v6_0_18.cmpy_v6_0_18_synth [\cmpy_v6_0_18_synth(c_xdevicefam...]
Compiling architecture xilinx of entity xfft_v9_1_3.cmpy [\cmpy(c_xdevicefamily="virtexupl...]
Compiling architecture xilinx of entity xfft_v9_1_3.shift_ram [\shift_ram(c_xdevicefamily="virt...]
Compiling architecture xilinx of entity xfft_v9_1_3.logic_gate [\logic_gate(c_xdevicefamily="vir...]
Compiling architecture rtl of entity c_addsub_v12_0_14.c_addsub_v12_0_14_lut6_legacy [\c_addsub_v12_0_14_lut6_legacy(c...]
Compiling architecture synth of entity c_addsub_v12_0_14.c_addsub_v12_0_14_fabric_legacy [\c_addsub_v12_0_14_fabric_legacy...]
Compiling architecture synth of entity c_addsub_v12_0_14.c_addsub_v12_0_14_legacy [\c_addsub_v12_0_14_legacy(c_fami...]
Compiling architecture synth of entity c_addsub_v12_0_14.c_addsub_v12_0_14_viv [\c_addsub_v12_0_14_viv(c_xdevice...]
Compiling architecture xilinx of entity xfft_v9_1_3.unbiased_round [\unbiased_round(c_xdevicefamily=...]
Compiling architecture xilinx of entity xfft_v9_1_3.shift_ram [\shift_ram(c_xdevicefamily="virt...]
Compiling architecture xilinx of entity xfft_v9_1_3.shift_ram [\shift_ram(c_xdevicefamily="virt...]
Compiling architecture xilinx of entity xfft_v9_1_3.r22_pe [\r22_pe(c_xdevicefamily="virtexu...]
Compiling architecture xilinx of entity xfft_v9_1_3.r22_cnt_ctrl [\r22_cnt_ctrl(c_xdevicefamily="v...]
Compiling architecture xilinx of entity xfft_v9_1_3.r22_cnt_ctrl [\r22_cnt_ctrl(c_xdevicefamily="v...]
Compiling architecture struct of entity c_shift_ram_v12_0_14.c_shift_ram_v12_0_14_legacy [\c_shift_ram_v12_0_14_legacy(c_x...]
Compiling architecture synth of entity c_shift_ram_v12_0_14.c_shift_ram_v12_0_14_viv [\c_shift_ram_v12_0_14_viv(c_xdev...]
Compiling architecture xilinx of entity xfft_v9_1_3.shift_ram [\shift_ram(c_xdevicefamily="virt...]
Compiling architecture struct of entity c_shift_ram_v12_0_14.c_shift_ram_v12_0_14_legacy [\c_shift_ram_v12_0_14_legacy(c_x...]
Compiling architecture synth of entity c_shift_ram_v12_0_14.c_shift_ram_v12_0_14_viv [\c_shift_ram_v12_0_14_viv(c_xdev...]
Compiling architecture xilinx of entity xfft_v9_1_3.shift_ram [\shift_ram(c_xdevicefamily="virt...]
Compiling architecture struct of entity c_shift_ram_v12_0_14.c_shift_ram_v12_0_14_legacy [\c_shift_ram_v12_0_14_legacy(c_x...]
Compiling architecture synth of entity c_shift_ram_v12_0_14.c_shift_ram_v12_0_14_viv [\c_shift_ram_v12_0_14_viv(c_xdev...]
Compiling architecture xilinx of entity xfft_v9_1_3.shift_ram [\shift_ram(c_xdevicefamily="virt...]
Compiling architecture struct of entity c_shift_ram_v12_0_14.c_shift_ram_v12_0_14_legacy [\c_shift_ram_v12_0_14_legacy(c_x...]
Compiling architecture synth of entity c_shift_ram_v12_0_14.c_shift_ram_v12_0_14_viv [\c_shift_ram_v12_0_14_viv(c_xdev...]
Compiling architecture xilinx of entity xfft_v9_1_3.shift_ram [\shift_ram(c_xdevicefamily="virt...]
Compiling architecture xilinx of entity xfft_v9_1_3.shift_ram [\shift_ram(c_xdevicefamily="virt...]
Compiling architecture xilinx of entity xfft_v9_1_3.shift_ram [\shift_ram(c_xdevicefamily="virt...]
Compiling architecture xilinx of entity xfft_v9_1_3.mux_bus2 [\mux_bus2(c_xdevicefamily="virte...]
Compiling architecture xilinx of entity xfft_v9_1_3.r22_bf_sp [\r22_bf_sp(c_xdevicefamily="virt...]
Compiling architecture xilinx of entity xfft_v9_1_3.shift_ram [\shift_ram(c_xdevicefamily="virt...]
Compiling architecture xilinx of entity xfft_v9_1_3.shift_ram [\shift_ram(c_xdevicefamily="virt...]
Compiling architecture xilinx of entity xfft_v9_1_3.shift_ram [\shift_ram(c_xdevicefamily="virt...]
Compiling architecture xilinx of entity xfft_v9_1_3.mux_bus2 [\mux_bus2(c_xdevicefamily="virte...]
Compiling architecture xilinx of entity xfft_v9_1_3.r22_bf_sp [\r22_bf_sp(c_xdevicefamily="virt...]
Compiling architecture xilinx of entity xfft_v9_1_3.shift_ram [\shift_ram(c_xdevicefamily="virt...]
Compiling architecture struct of entity c_shift_ram_v12_0_14.c_shift_ram_v12_0_14_legacy [\c_shift_ram_v12_0_14_legacy(c_x...]
Compiling architecture synth of entity c_shift_ram_v12_0_14.c_shift_ram_v12_0_14_viv [\c_shift_ram_v12_0_14_viv(c_xdev...]
Compiling architecture xilinx of entity xfft_v9_1_3.shift_ram [\shift_ram(c_xdevicefamily="virt...]
Compiling architecture structural of entity c_reg_fd_v12_0_6.c_reg_fd_v12_0_6_viv [\c_reg_fd_v12_0_6_viv(c_width=4,...]
Compiling architecture rtl of entity c_addsub_v12_0_14.c_addsub_v12_0_14_lut6_legacy [\c_addsub_v12_0_14_lut6_legacy(c...]
Compiling architecture synth of entity c_addsub_v12_0_14.c_addsub_v12_0_14_fabric_legacy [\c_addsub_v12_0_14_fabric_legacy...]
Compiling architecture synth of entity c_addsub_v12_0_14.c_addsub_v12_0_14_legacy [\c_addsub_v12_0_14_legacy(c_fami...]
Compiling architecture synth of entity c_addsub_v12_0_14.c_addsub_v12_0_14_viv [\c_addsub_v12_0_14_viv(c_xdevice...]
Compiling architecture xilinx of entity xfft_v9_1_3.adder [\adder(c_xdevicefamily="virtexup...]
Compiling architecture xilinx of entity xfft_v9_1_3.mux_bus4 [\mux_bus4(c_xdevicefamily="virte...]
Compiling architecture xilinx of entity xfft_v9_1_3.twgen_distmem [\twgen_distmem(theta_width=3,pip...]
Compiling architecture xilinx of entity xfft_v9_1_3.twiddle_gen [\twiddle_gen(c_xdevicefamily="vi...]
Compiling architecture xilinx of entity xfft_v9_1_3.r22_tw_gen [\r22_tw_gen(c_xdevicefamily="vir...]
Compiling architecture xilinx of entity cmpy_v6_0_18.delay_line [\delay_line(c_xdevicefamily="vir...]
Compiling architecture dsp48e2_v of entity unisim.DSP48E2 [\DSP48E2(adreg=0,carryinselreg=0...]
Compiling architecture dsp48e2_v of entity unisim.DSP48E2 [\DSP48E2(acascreg=2,adreg=0,areg...]
Compiling architecture xilinx of entity cmpy_v6_0_18.delay_line [\delay_line(c_xdevicefamily="vir...]
Compiling architecture xilinx of entity mult_gen_v12_0_16.op_resize [\op_resize(ai_width=27,bi_width=...]
WARNING: [VRFC 10-516] comparison between unequal length arrays always returns FALSE [/wrk/2019.2/continuous/2019_11_06_2708876/packages/customer/vivado/data/ip/xilinx/xbip_utils_v3_0/hdl/xbip_utils_v3_0_vh_rfs.vhd:2056]
WARNING: [VRFC 10-516] comparison between unequal length arrays always returns FALSE [/wrk/2019.2/continuous/2019_11_06_2708876/packages/customer/vivado/data/ip/xilinx/xbip_utils_v3_0/hdl/xbip_utils_v3_0_vh_rfs.vhd:2058]
WARNING: [VRFC 10-516] comparison between unequal length arrays always returns FALSE [/wrk/2019.2/continuous/2019_11_06_2708876/packages/customer/vivado/data/ip/xilinx/xbip_utils_v3_0/hdl/xbip_utils_v3_0_vh_rfs.vhd:2059]
WARNING: [VRFC 10-516] comparison between unequal length arrays always returns FALSE [/wrk/2019.2/continuous/2019_11_06_2708876/packages/customer/vivado/data/ip/xilinx/xbip_utils_v3_0/hdl/xbip_utils_v3_0_vh_rfs.vhd:2060]
Compiling architecture xilinx of entity cmpy_v6_0_18.cmpy_4_dsp48_mult [\cmpy_4_dsp48_mult(c_xdevicefami...]
Compiling architecture xilinx of entity cmpy_v6_0_18.cmpy_4_dsp48 [\cmpy_4_dsp48(c_xdevicefamily="v...]
Compiling architecture xilinx of entity cmpy_v6_0_18.cmpy_v6_0_18_synth [\cmpy_v6_0_18_synth(c_xdevicefam...]
Compiling architecture xilinx of entity xfft_v9_1_3.cmpy [\cmpy(c_xdevicefamily="virtexupl...]
Compiling architecture xilinx of entity xfft_v9_1_3.shift_ram [\shift_ram(c_xdevicefamily="virt...]
Compiling architecture xilinx of entity xfft_v9_1_3.logic_gate [\logic_gate(c_xdevicefamily="vir...]
Compiling architecture rtl of entity c_addsub_v12_0_14.c_addsub_v12_0_14_lut6_legacy [\c_addsub_v12_0_14_lut6_legacy(c...]
Compiling architecture synth of entity c_addsub_v12_0_14.c_addsub_v12_0_14_fabric_legacy [\c_addsub_v12_0_14_fabric_legacy...]
Compiling architecture synth of entity c_addsub_v12_0_14.c_addsub_v12_0_14_legacy [\c_addsub_v12_0_14_legacy(c_fami...]
Compiling architecture synth of entity c_addsub_v12_0_14.c_addsub_v12_0_14_viv [\c_addsub_v12_0_14_viv(c_xdevice...]
Compiling architecture xilinx of entity xfft_v9_1_3.unbiased_round [\unbiased_round(c_xdevicefamily=...]
Compiling architecture xilinx of entity xfft_v9_1_3.shift_ram [\shift_ram(c_xdevicefamily="virt...]
Compiling architecture xilinx of entity xfft_v9_1_3.shift_ram [\shift_ram(c_xdevicefamily="virt...]
Compiling architecture xilinx of entity xfft_v9_1_3.r22_pe [\r22_pe(c_xdevicefamily="virtexu...]
Compiling architecture struct of entity c_shift_ram_v12_0_14.c_shift_ram_v12_0_14_legacy [\c_shift_ram_v12_0_14_legacy(c_x...]
Compiling architecture synth of entity c_shift_ram_v12_0_14.c_shift_ram_v12_0_14_viv [\c_shift_ram_v12_0_14_viv(c_xdev...]
Compiling architecture xilinx of entity xfft_v9_1_3.shift_ram [\shift_ram(c_xdevicefamily="virt...]
Compiling architecture xilinx of entity xfft_v9_1_3.shift_ram [\shift_ram(c_xdevicefamily="virt...]
Compiling architecture xilinx of entity xfft_v9_1_3.mux_bus2 [\mux_bus2(c_xdevicefamily="virte...]
Compiling architecture xilinx of entity xfft_v9_1_3.r22_bf_sp [\r22_bf_sp(c_xdevicefamily="virt...]
Compiling architecture xilinx of entity xfft_v9_1_3.shift_ram [\shift_ram(c_xdevicefamily="virt...]
Compiling architecture xilinx of entity xfft_v9_1_3.shift_ram [\shift_ram(c_xdevicefamily="virt...]
Compiling architecture xilinx of entity xfft_v9_1_3.mux_bus2 [\mux_bus2(c_xdevicefamily="virte...]
Compiling architecture xilinx of entity xfft_v9_1_3.r22_bf_sp [\r22_bf_sp(c_xdevicefamily="virt...]
Compiling architecture xilinx of entity xfft_v9_1_3.shift_ram [\shift_ram(c_xdevicefamily="virt...]
Compiling architecture xilinx of entity xfft_v9_1_3.shift_ram [\shift_ram(c_xdevicefamily="virt...]
Compiling architecture xilinx of entity xfft_v9_1_3.shift_ram [\shift_ram(c_xdevicefamily="virt...]
Compiling architecture xilinx of entity xfft_v9_1_3.r22_pe [\r22_pe(c_xdevicefamily="virtexu...]
Compiling architecture xilinx of entity xfft_v9_1_3.shift_ram [\shift_ram(c_xdevicefamily="virt...]
Compiling architecture xilinx of entity xfft_v9_1_3.shift_ram [\shift_ram(c_xdevicefamily="virt...]
Compiling architecture xilinx of entity xfft_v9_1_3.shift_ram [\shift_ram(c_xdevicefamily="virt...]
Compiling architecture xilinx of entity xfft_v9_1_3.shift_ram [\shift_ram(c_xdevicefamily="virt...]
Compiling architecture xilinx of entity xfft_v9_1_3.mux_bus2 [\mux_bus2(c_xdevicefamily="virte...]
Compiling architecture rb18_internal_vhdl_v of entity unisim.RB18_INTERNAL_VHDL [\RB18_INTERNAL_VHDL(bram_size=18...]
Compiling architecture ramb18e1_v of entity unisim.RAMB18E1 [\RAMB18E1(dob_reg=1,read_width_b...]
Compiling architecture ramb18_v of entity unisim.RAMB18 [\RAMB18(dob_reg=1,read_width_b=4...]
Compiling architecture xilinx of entity xfft_v9_1_3.dpm [\dpm(c_xdevicefamily="virtexuplu...]
Compiling architecture xilinx of entity xfft_v9_1_3.r22_memory [\r22_memory(c_xdevicefamily="vir...]
Compiling architecture xilinx of entity xfft_v9_1_3.shift_ram [\shift_ram(c_xdevicefamily="virt...]
Compiling architecture xilinx of entity xfft_v9_1_3.shift_ram [\shift_ram(c_xdevicefamily="virt...]
Compiling architecture xilinx of entity xfft_v9_1_3.shift_ram [\shift_ram(c_xdevicefamily="virt...]
Compiling architecture xilinx of entity xfft_v9_1_3.shift_ram [\shift_ram(c_xdevicefamily="virt...]
Compiling architecture xilinx of entity xfft_v9_1_3.r22_busy [\r22_busy(c_xdevicefamily="virte...]
Compiling architecture xilinx of entity xfft_v9_1_3.shift_ram [\shift_ram(c_xdevicefamily="virt...]
Compiling architecture structural of entity c_reg_fd_v12_0_6.c_reg_fd_v12_0_6_viv [\c_reg_fd_v12_0_6_viv(c_width=12...]
Compiling architecture rtl of entity c_addsub_v12_0_14.c_addsub_v12_0_14_lut6_legacy [\c_addsub_v12_0_14_lut6_legacy(c...]
Compiling architecture synth of entity c_addsub_v12_0_14.c_addsub_v12_0_14_fabric_legacy [\c_addsub_v12_0_14_fabric_legacy...]
Compiling architecture synth of entity c_addsub_v12_0_14.c_addsub_v12_0_14_legacy [\c_addsub_v12_0_14_legacy(c_fami...]
Compiling architecture synth of entity c_addsub_v12_0_14.c_addsub_v12_0_14_viv [\c_addsub_v12_0_14_viv(c_xdevice...]
Compiling architecture lut6_v of entity unisim.LUT6 [\LUT6(init="10010000000010010000...]
Compiling architecture xilinx of entity xfft_v9_1_3.equ_rtl [\equ_rtl(c_xdevicefamily="virtex...]
Compiling architecture fdre_v of entity unisim.FDRE [fdre_default]
Compiling architecture xilinx of entity xfft_v9_1_3.cnt_tc_rtl_a [\cnt_tc_rtl_a(c_xdevicefamily="v...]
Compiling architecture struct of entity c_shift_ram_v12_0_14.c_shift_ram_v12_0_14_legacy [\c_shift_ram_v12_0_14_legacy(c_x...]
Compiling architecture synth of entity c_shift_ram_v12_0_14.c_shift_ram_v12_0_14_viv [\c_shift_ram_v12_0_14_viv(c_xdev...]
Compiling architecture xilinx of entity xfft_v9_1_3.shift_ram [\shift_ram(c_xdevicefamily="virt...]
Compiling architecture xilinx of entity xfft_v9_1_3.r22_flow_ctrl [\r22_flow_ctrl(c_xdevicefamily="...]
Compiling architecture lut3_v of entity unisim.LUT3 [\LUT3(init="10101110")(0,7)\]
Compiling architecture xilinx of entity xfft_v9_1_3.r22_cnt_ctrl [\r22_cnt_ctrl(c_xdevicefamily="v...]
Compiling architecture srl16e_v of entity unisim.SRL16E [\SRL16E(0,15)\]
Compiling architecture xilinx of entity xfft_v9_1_3.shift_ram [\shift_ram(c_xdevicefamily="virt...]
Compiling architecture fdr_v of entity unisim.FDR [fdr_default]
Compiling architecture xilinx of entity xfft_v9_1_3.shift_ram [\shift_ram(c_xdevicefamily="virt...]
Compiling architecture xilinx of entity xfft_v9_1_3.shift_ram [\shift_ram(c_xdevicefamily="virt...]
Compiling architecture xilinx of entity xfft_v9_1_3.xfft_v9_1_3_d [\xfft_v9_1_3_d(c_xdevicefamily="...]
Compiling architecture synth of entity xfft_v9_1_3.xfft_v9_1_3_core [\xfft_v9_1_3_core(c_xdevicefamil...]
Compiling architecture synth of entity xfft_v9_1_3.xfft_v9_1_3_viv [\xfft_v9_1_3_viv(c_xdevicefamily...]
Compiling architecture xilinx of entity xfft_v9_1_3.xfft_v9_1_3 [\xfft_v9_1_3(c_xdevicefamily="vi...]
Compiling architecture xfft_0_arch of entity xil_defaultlib.xfft_0 [xfft_0_default]
Compiling module xil_defaultlib.ofdm_demodulation
Compiling module xil_defaultlib.pucch1_ofdm_demodulation_0_0
Compiling module xil_defaultlib.payload_est_SINR(RX=4)
Compiling module xil_defaultlib.pucch1_payload_est_SINR_0_0
Compiling module xil_defaultlib.physical_control
Compiling module xil_defaultlib.pucch1_physical_control_0_0
Compiling module xil_defaultlib.sr_ack_detector
Compiling module xil_defaultlib.pucch1_sr_ack_detector_0_0
Compiling module xil_defaultlib.pucch1_xlconstant_2_1
Compiling module xil_defaultlib.pucch1_wise_spreading_0_0
Compiling module xil_defaultlib.pucch1_wise_spreading_0_1
Compiling module xil_defaultlib.ulcch_parameter
Compiling module xil_defaultlib.pucch1_ulcch_parameter_0_0
Compiling module xlconcat_v2_1_3.xlconcat_v2_1_3_xlconcat(IN0_WID...
Compiling module xil_defaultlib.pucch1_xlconcat_0_0
Compiling module xlconcat_v2_1_3.xlconcat_v2_1_3_xlconcat(IN0_WID...
Compiling module xil_defaultlib.pucch1_xlconcat_0_1
Compiling module xlconstant_v1_1_6.xlconstant_v1_1_6_xlconstant(CON...
Compiling module xil_defaultlib.pucch1_xlconstant_0_0
Compiling module xlconstant_v1_1_6.xlconstant_v1_1_6_xlconstant(CON...
Compiling module xil_defaultlib.pucch1_xlconstant_0_4
Compiling module xlslice_v1_0_2.xlslice_v1_0_2_xlslice(DIN_WIDTH...
Compiling module xil_defaultlib.pucch1_xlslice_0_0
Compiling module xil_defaultlib.pucch1
Compiling module xil_defaultlib.pucch1_integration
Compiling module xil_defaultlib.tb
Compiling module xil_defaultlib.glbl
Built simulation snapshot tb_behav
