Vivado Simulator 2019.2
Time resolution is 1 ps
Block Memory Generator module tb.pucch1_integration.pucch1_i.cyclic_dmrs.ba_seq_control_0.inst.ba_seq_control_blk_0.inst.native_mem_module.blk_mem_gen_v8_4_4_inst is using a behavioral model for simulation which will not precisely model memory collision behavior.
Block Memory Generator module tb.pucch1_integration.pucch1_i.cyclic_dmrs.ba_seq_control_0.inst.base_se_control_blk_1.inst.native_mem_module.blk_mem_gen_v8_4_4_inst is using a behavioral model for simulation which will not precisely model memory collision behavior.
 Block Memory Generator module loading initial data...
 Block Memory Generator data initialization complete.
Block Memory Generator module tb.pucch1_integration.pucch1_i.cyclic_dmrs.base_sequence_0.inst.phi_matrix_0.inst.blk_mem_gen_0.inst.native_mem_module.blk_mem_gen_v8_4_4_inst is using a behavioral model for simulation which will not precisely model memory collision behavior.
 Block Memory Generator module loading initial data...
 Block Memory Generator data initialization complete.
Block Memory Generator module tb.pucch1_integration.pucch1_i.cyclic_dmrs.base_sequence_1.inst.phi_matrix_0.inst.blk_mem_gen_0.inst.native_mem_module.blk_mem_gen_v8_4_4_inst is using a behavioral model for simulation which will not precisely model memory collision behavior.
Block Memory Generator module tb.pucch1_integration.pucch1_i.cyclic_uci.ba_seq_control_0.inst.ba_seq_control_blk_0.inst.native_mem_module.blk_mem_gen_v8_4_4_inst is using a behavioral model for simulation which will not precisely model memory collision behavior.
Block Memory Generator module tb.pucch1_integration.pucch1_i.cyclic_uci.ba_seq_control_0.inst.base_se_control_blk_1.inst.native_mem_module.blk_mem_gen_v8_4_4_inst is using a behavioral model for simulation which will not precisely model memory collision behavior.
 Block Memory Generator module loading initial data...
 Block Memory Generator data initialization complete.
Block Memory Generator module tb.pucch1_integration.pucch1_i.cyclic_uci.base_sequence_0.inst.phi_matrix_0.inst.blk_mem_gen_0.inst.native_mem_module.blk_mem_gen_v8_4_4_inst is using a behavioral model for simulation which will not precisely model memory collision behavior.
 Block Memory Generator module loading initial data...
 Block Memory Generator data initialization complete.
Block Memory Generator module tb.pucch1_integration.pucch1_i.cyclic_uci.base_sequence_1.inst.phi_matrix_0.inst.blk_mem_gen_0.inst.native_mem_module.blk_mem_gen_v8_4_4_inst is using a behavioral model for simulation which will not precisely model memory collision behavior.
 Block Memory Generator module loading initial data...
 Block Memory Generator data initialization complete.
Block Memory Generator module tb.pucch1_integration.pucch1_i.dmrs_wise_spreading_0.inst.wise_rom_3.inst.native_mem_module.blk_mem_gen_v8_4_4_inst is using a behavioral model for simulation which will not precisely model memory collision behavior.
 Block Memory Generator module loading initial data...
 Block Memory Generator data initialization complete.
Block Memory Generator module tb.pucch1_integration.pucch1_i.dmrs_wise_spreading_0.inst.wise_rom_4.inst.native_mem_module.blk_mem_gen_v8_4_4_inst is using a behavioral model for simulation which will not precisely model memory collision behavior.
 Block Memory Generator module loading initial data...
 Block Memory Generator data initialization complete.
Block Memory Generator module tb.pucch1_integration.pucch1_i.dmrs_wise_spreading_0.inst.wise_rom_5.inst.native_mem_module.blk_mem_gen_v8_4_4_inst is using a behavioral model for simulation which will not precisely model memory collision behavior.
 Block Memory Generator module loading initial data...
 Block Memory Generator data initialization complete.
Block Memory Generator module tb.pucch1_integration.pucch1_i.dmrs_wise_spreading_0.inst.wise_rom_6.inst.native_mem_module.blk_mem_gen_v8_4_4_inst is using a behavioral model for simulation which will not precisely model memory collision behavior.
 Block Memory Generator module loading initial data...
 Block Memory Generator data initialization complete.
Block Memory Generator module tb.pucch1_integration.pucch1_i.dmrs_wise_spreading_0.inst.wise_rom_7.inst.native_mem_module.blk_mem_gen_v8_4_4_inst is using a behavioral model for simulation which will not precisely model memory collision behavior.
 Block Memory Generator module loading initial data...
 Block Memory Generator data initialization complete.
Block Memory Generator module tb.pucch1_integration.pucch1_i.dmrs_wise_spreading_1.inst.wise_rom_3.inst.native_mem_module.blk_mem_gen_v8_4_4_inst is using a behavioral model for simulation which will not precisely model memory collision behavior.
 Block Memory Generator module loading initial data...
 Block Memory Generator data initialization complete.
Block Memory Generator module tb.pucch1_integration.pucch1_i.dmrs_wise_spreading_1.inst.wise_rom_4.inst.native_mem_module.blk_mem_gen_v8_4_4_inst is using a behavioral model for simulation which will not precisely model memory collision behavior.
 Block Memory Generator module loading initial data...
 Block Memory Generator data initialization complete.
Block Memory Generator module tb.pucch1_integration.pucch1_i.dmrs_wise_spreading_1.inst.wise_rom_5.inst.native_mem_module.blk_mem_gen_v8_4_4_inst is using a behavioral model for simulation which will not precisely model memory collision behavior.
 Block Memory Generator module loading initial data...
 Block Memory Generator data initialization complete.
Block Memory Generator module tb.pucch1_integration.pucch1_i.dmrs_wise_spreading_1.inst.wise_rom_6.inst.native_mem_module.blk_mem_gen_v8_4_4_inst is using a behavioral model for simulation which will not precisely model memory collision behavior.
 Block Memory Generator module loading initial data...
 Block Memory Generator data initialization complete.
Block Memory Generator module tb.pucch1_integration.pucch1_i.dmrs_wise_spreading_1.inst.wise_rom_7.inst.native_mem_module.blk_mem_gen_v8_4_4_inst is using a behavioral model for simulation which will not precisely model memory collision behavior.
 Block Memory Generator module loading initial data...
 Block Memory Generator data initialization complete.
Block Memory Generator module tb.pucch1_integration.pucch1_i.uci_wise_spreading_0.inst.wise_rom_3.inst.native_mem_module.blk_mem_gen_v8_4_4_inst is using a behavioral model for simulation which will not precisely model memory collision behavior.
 Block Memory Generator module loading initial data...
 Block Memory Generator data initialization complete.
Block Memory Generator module tb.pucch1_integration.pucch1_i.uci_wise_spreading_0.inst.wise_rom_4.inst.native_mem_module.blk_mem_gen_v8_4_4_inst is using a behavioral model for simulation which will not precisely model memory collision behavior.
 Block Memory Generator module loading initial data...
 Block Memory Generator data initialization complete.
Block Memory Generator module tb.pucch1_integration.pucch1_i.uci_wise_spreading_0.inst.wise_rom_5.inst.native_mem_module.blk_mem_gen_v8_4_4_inst is using a behavioral model for simulation which will not precisely model memory collision behavior.
 Block Memory Generator module loading initial data...
 Block Memory Generator data initialization complete.
Block Memory Generator module tb.pucch1_integration.pucch1_i.uci_wise_spreading_0.inst.wise_rom_6.inst.native_mem_module.blk_mem_gen_v8_4_4_inst is using a behavioral model for simulation which will not precisely model memory collision behavior.
 Block Memory Generator module loading initial data...
 Block Memory Generator data initialization complete.
Block Memory Generator module tb.pucch1_integration.pucch1_i.uci_wise_spreading_0.inst.wise_rom_7.inst.native_mem_module.blk_mem_gen_v8_4_4_inst is using a behavioral model for simulation which will not precisely model memory collision behavior.
 Block Memory Generator module loading initial data...
 Block Memory Generator data initialization complete.
Block Memory Generator module tb.pucch1_integration.pucch1_i.uci_wise_spreading_1.inst.wise_rom_3.inst.native_mem_