INFO: [VRFC 10-2263] Analyzing Verilog file "D:/FPGA/Vivaldo Project/PUCCH-FORMAT-1/pucch1_integration/pucch1_integration.ip_user_files/bd/pucch1/ipshared/4cc8/demapping.srcs/sources_1/new/demapping.v" into library xil_defaultlib
INFO: [VRFC 10-311] analyzing module demapping
INFO: [VRFC 10-2458] undeclared symbol d_resource_set, assumed default net type wire [D:/FPGA/Vivaldo Project/PUCCH-FORMAT-1/pucch1_integration/pucch1_integration.ip_user_files/bd/pucch1/ipshared/4cc8/demapping.srcs/sources_1/new/demapping.v:95]
INFO: [VRFC 10-311] analyzing module delay_N
INFO: [VRFC 10-311] analyzing module rasing_edge
INFO: [VRFC 10-311] analyzing module extend_valid_new
INFO: [VRFC 10-2263] Analyzing Verilog file "D:/FPGA/Vivaldo Project/PUCCH-FORMAT-1/pucch1_integration/pucch1_integration.ip_user_files/bd/pucch1/ip/pucch1_demapping_0_1/sim/pucch1_demapping_0_1.v" into library xil_defaultlib
INFO: [VRFC 10-311] analyzing module pucch1_demapping_0_1
INFO: [VRFC 10-2263] Analyzing Verilog file "D:/FPGA/Vivaldo Project/PUCCH-FORMAT-1/pucch1_integration/pucch1_integration.ip_user_files/bd/pucch1/ipshared/fcfe/physical_control.srcs/sources_1/new/physical_control.v" into library xil_defaultlib
INFO: [VRFC 10-311] analyzing module physical_control
INFO: [VRFC 10-2263] Analyzing Verilog file "D:/FPGA/Vivaldo Project/PUCCH-FORMAT-1/pucch1_integration/pucch1_integration.ip_user_files/bd/pucch1/ip/pucch1_physical_control_0_0/sim/pucch1_physical_control_0_0.v" into library xil_defaultlib
INFO: [VRFC 10-311] analyzing module pucch1_physical_control_0_0
INFO: [VRFC 10-2263] Analyzing Verilog file "D:/FPGA/Vivaldo Project/PUCCH-FORMAT-1/pucch1_integration/pucch1_integration.ip_user_files/bd/pucch1/ipshared/5e8b/frame_sync.srcs/sources_1/new/frame_sync.v" into library xil_defaultlib
INFO: [VRFC 10-311] analyzing module frame_sync
INFO: [VRFC 10-311] analyzing module des_cnt
INFO: [VRFC 10-311] analyzing module delay_N
WARNING: [VRFC 10-3609] overwriting previous definition of module 'delay_N' [D:/FPGA/Vivaldo Project/PUCCH-FORMAT-1/pucch1_integration/pucch1_integration.ip_user_files/bd/pucch1/ipshared/5e8b/frame_sync.srcs/sources_1/new/frame_sync.v:130]
INFO: [VRFC 10-311] analyzing module extend_valid
INFO: [VRFC 10-2263] Analyzing Verilog file "D:/FPGA/Vivaldo Project/PUCCH-FORMAT-1/pucch1_integration/pucch1_integration.ip_user_files/bd/pucch1/ip/pucch1_frame_sync_0_0/sim/pucch1_frame_sync_0_0.v" into library xil_defaultlib
INFO: [VRFC 10-311] analyzing module pucch1_frame_sync_0_0
INFO: [VRFC 10-2263] Analyzing Verilog file "D:/FPGA/Vivaldo Project/PUCCH-FORMAT-1/pucch1_integration/pucch1_integration.ip_user_files/bd/pucch1/ip/pucch1_ofdm_demodulation_0_0/ofdm_demodulation.srcs/sources_1/ip/ctr_pre_fft_0/ctr_pre_fft.srcs/sources_1/new/ctr_pre_fft.v" into library xil_defaultlib
INFO: [VRFC 10-311] analyzing module ctr_pre_fft
INFO: [VRFC 10-311] analyzing module extend_valid_4096
INFO: [VRFC 10-2263] Analyzing Verilog file "D:/FPGA/Vivaldo Project/PUCCH-FORMAT-1/pucch1_integration/pucch1_integration.ip_user_files/bd/pucch1/ip/pucch1_ofdm_demodulation_0_0/ofdm_demodulation.srcs/sources_1/ip/ctr_pre_fft_0/sim/ctr_pre_fft_0.v" into library xil_defaultlib
INFO: [VRFC 10-311] analyzing module ctr_pre_fft_0
INFO: [VRFC 10-2263] Analyzing Verilog file "D:/FPGA/Vivaldo Project/PUCCH-FORMAT-1/pucch1_integration/pucch1_integration.ip_user_files/bd/pucch1/ipshared/d443/ofdm_demodulation.srcs/sources_1/new/fft.v" into library xil_defaultlib
INFO: [VRFC 10-311] analyzing module ofdm_demodulation
INFO: [VRFC 10-2458] undeclared symbol m_axis_data_tvalid, assumed default net type wire [D:/FPGA/Vivaldo Project/PUCCH-FORMAT-1/pucch1_integration/pucch1_integration.ip_user_files/bd/pucch1/ipshared/d443/ofdm_demodulation.srcs/sources_1/new/fft.v:74]
INFO: [VRFC 10-2263] Analyzing Verilog file "D:/FPGA/Vivaldo Project/PUCCH-FORMAT-1/pucch1_integration/pucch1_integration.ip_user_files/bd/pucch1/ip/pucch1_ofdm_demodulation_0_0/sim/pucch1_ofdm_demodulation_0_0.v" into library xil_defaultlib
INFO: [VRFC 10-311] analyzing module pucch1_ofdm_demodulation_0_0
INFO: [VRFC 10-2263] Analyzing Verilog file "D:/FPGA/Vivaldo Project/PUCCH-FORMAT-1/pucch1_integration/pucch1_integration.ip_user_files/bd/pucch1/ip/pucch1_xlconstant_0_0/sim/pucch1_xlconstant_0_0.v" into library xil_defaultlib
INFO: [VRFC 10-311] analyzing module pucch1_xlconstant_0_0
INFO: [VRFC 10-2263] Analyzing Verilog file "D:/FPGA/Vivaldo Project/PUCCH-FORMAT-1/pucch1_integration/pucch1_integration.ip_user_files/bd/pucch1/ip/pucch1_xlslice_0_0/sim/pucch1_xlslice_0_0.v" into library xil_defaultlib
INFO: [VRFC 10-311] analyzing module pucch1_xlslice_0_0
INFO: [VRFC 10-2263] Analyzing Verilog file "D:/FPGA/Vivaldo Project/PUCCH-FORMAT-1/pucch1_integration/pucch1_integration.ip_user_files/bd/pucch1/ip/pucch1_frame_sync_1_0/sim/pucch1_frame_sync_1_0.v" into library xil_defaultlib
INFO: [VRFC 10-311] analyzing module pucch1_frame_sync_1_0
INFO: [VRFC 10-2263] Analyzing Verilog file "D:/FPGA/Vivaldo Project/PUCCH-FORMAT-1/pucch1_integration/pucch1_integration.ip_user_files/bd/pucch1/ipshared/a151/ulcch_parameter.v" into library xil_defaultlib
INFO: [VRFC 10-311] analyzing module ulcch_parameter
INFO: [VRFC 10-2263] Analyzing Verilog file "D:/FPGA/Vivaldo Project/PUCCH-FORMAT-1/pucch1_integration/pucch1_integration.ip_user_files/bd/pucch1/ip/pucch1_ulcch_parameter_0_0/sim/pucch1_ulcch_parameter_0_0.v" into library xil_defaultlib
INFO: [VRFC 10-311] analyzing module pucch1_ulcch_parameter_0_0
INFO: [VRFC 10-2263] Analyzing Verilog file "D:/FPGA/Vivaldo Project/PUCCH-FORMAT-1/pucch1_integration/pucch1_integration.ip_user_files/bd/pucch1/ip/pucch1_data_dmrs_selection_0_0/data_dmrs_selection.srcs/sources_1/ip/data_dmrs_fifo_1/sim/data_dmrs_fifo_1.v" into library xil_defaultlib
INFO: [VRFC 10-311] analyzing module data_dmrs_fifo_1
INFO: [VRFC 10-2263] Analyzing Verilog file "D:/FPGA/Vivaldo Project/PUCCH-FORMAT-1/pucch1_integration/pucch1_integration.ip_user_files/bd/pucch1/ip/pucch1_data_dmrs_selection_0_0/data_dmrs_selection.srcs/sources_1/ip/data_dmrs_fifo_0/sim/data_dmrs_fifo_0.v" into library xil_defaultlib
INFO: [VRFC 10-311] analyzing module data_dmrs_fifo_0
INFO: [VRFC 10-2263] Analyzing Verilog file "D:/FPGA/Vivaldo Project/PUCCH-FORMAT-1/pucch1_integration/pucch1_integration.ip_user_files/bd/pucch1/ipshared/6d81/data_dmrs_selection.srcs/sources_1/new/data_dmrs_selection.v" into library xil_defaultlib
INFO: [VRFC 10-311] analyzing module data_dmrs_selection
INFO: [VRFC 10-2263] Analyzing Verilog file "D:/FPGA/Vivaldo Project/PUCCH-FORMAT-1/pucch1_integration/pucch1_integration.ip_user_files/bd/pucch1/ip/pucch1_data_dmrs_selection_0_0/sim/pucch1_data_dmrs_selection_0_0.v" into library xil_defaultlib
INFO: [VRFC 10-311] analyzing module pucch1_data_dmrs_selection_0_0
INFO: [VRFC 10-2263] Analyzing Verilog file "D:/FPGA/Vivaldo Project/PUCCH-FORMAT-1/pucch1_integration/pucch1_integration.ip_user_files/bd/pucch1/ip/pucch1_de_spread_0_0/de_spread.srcs/sources_1/ip/de_spread_fifo_0/sim/de_spread_fifo_0.v" into library xil_defaultlib
INFO: [VRFC 10-311] analyzing module de_spread_fifo_0
INFO: [VRFC 10-2263] Analyzing Verilog file "D:/FPGA/Vivaldo Project/PUCCH-FORMAT-1/pucch1_integration/pucch1_integration.ip_user_files/bd/pucch1/ipshared/b055/de_spread.srcs/sources_1/new/de_spread.v" into library xil_defaultlib
INFO: [VRFC 10-311] analyzing module de_spread
INFO: [VRFC 10-2263] Analyzing Verilog file "D:/FPGA/Vivaldo Project/PUCCH-FORMAT-1/pucch1_integration/pucch1_integration.ip_user_files/bd/pucch1/ip/pucch1_de_spread_0_0/sim/pucch1_de_spread_0_0.v" into library xil_defaultlib
INFO: [VRFC 10-311] analyzing module pucch1_de_spread_0_0
INFO: [VRFC 10-2263] Analyzing Verilog file "D:/FPGA/Vivaldo Project/PUCCH-FORMAT-1/pucch1_integration/pucch1_integration.ip_user_files/bd/pucch1/ip/pucch1_de_spread_1_0/sim/pucch1_de_spread_1_0.v" into library xil_defaultlib
INFO: [VRFC 10-311] analyzing module pucch1_de_spread_1_0
INFO: [VRFC 10-2263] Analyzing Verilog file "D:/FPGA/Vivaldo Project/PUCCH-FORMAT-1/pucch1_integration/pucch1_integration.ip_user_files/bd/pucch1/ip/pucch1_n_cs_gen_0_0/n_cs_gen.srcs/sources_1/ip/ncs_gen_fifo/sim/ncs_gen_fifo.v" into library xil_defaultlib
INFO: [VRFC 10-311] analyzing module ncs_gen_fifo
INFO: [VRFC 10-2263] Analyzing Verilog file "D:/FPGA/Vivaldo Project/PUCCH-FORMAT-1/pucch1_integration/pucch1_integration.ip_user_files/bd/pucch1/ip/pucch1_n_cs_gen_0_0/n_cs_gen.srcs/sources_1/ip/scra_seq_8_ncs_0/scra_seq_8_ncs.v" into library xil_defaultlib
INFO: [VRFC 10-311] analyzing module scra_seq_8_ncs
INFO: [VRFC 10-311] analyzing module x1_x2_init
INFO: [VRFC 10-2263] Analyzing Verilog file "D:/FPGA/Vivaldo Project/PUCCH-FORMAT-1/pucch1_integration/pucch1_integration.ip_user_files/bd/pucch1/ip/pucch1_n_cs_gen_0_0/n_cs_gen.srcs/sources_1/ip/scra_seq_8_ncs_0/sim/scra_seq_8_ncs_0.v" into library xil_defaultlib
INFO: [VRFC 10-311] analyzing module scra_seq_8_ncs_0
INFO: [VRFC 10-2263] Analyzing Verilog file "D:/FPGA/Vivaldo Project/PUCCH-FORMAT-1/pucch1_integration/pucch1_integration.ip_user_files/bd/pucch1/ipshared/6d5c/n_cs_gen.srcs/sources_1/new/n_cs_gen.v" into library xil_defaultlib
INFO: [VRFC 10-311] analyzing module n_cs_gen
INFO: [VRFC 10-2263] Analyzing Verilog file "D:/FPGA/Vivaldo Project/PUCCH-FORMAT-1/pucch1_integration/pucch1_integration.ip_user_files/bd/pucch1/ip/pucch1_n_cs_gen_0_0/sim/pucch1_n_cs_gen_0_0.v" into library xil_defaultlib
INFO: [VRFC 10-311] analyzing module pucch1_n_cs_gen_0_0
INFO: [VRFC 10-2263] Analyzing Verilog file "D:/FPGA/Vivaldo Project/PUCCH-FORMAT-1/pucch1_integration/pucch1_integration.ip_user_files/bd/pucch1/ip/pucch1_phase_gen_0_0/phase_gen.srcs/sources_1/ip/modulo_12_1_nomalize/new/modulo_12.v" into library xil_defaultlib
INFO: [VRFC 10-311] analyzing module modulo_12
INFO: [VRFC 10-2263] Analyzing Verilog file "D:/FPGA/Vivaldo Project/PUCCH-FORMAT-1/pucch1_integration/pucch1_integration.ip_user_files/bd/pucch1/ip/pucch1_phase_gen_0_0/phase_gen.srcs/sources_1/ip/modulo_12_1_nomalize/sim/modulo_12_1_nomalize.v" into library xil_defaultlib
INFO: [VRFC 10-311] analyzing module modulo_12_1_nomalize
INFO: [VRFC 10-2263] Analyzing Verilog file "D:/FPGA/Vivaldo Project/PUCCH-FORMAT-1/pucch1_integration/pucch1_integration.ip_user_files/bd/pucch1/ip/pucch1_phase_gen_0_0/phase_gen.srcs/sources_1/ip/dis_alpha_gen_0/new/dis_alpha_gen.v" into library xil_defaultlib
INFO: [VRFC 10-311] analyzing module dis_alpha_gen
INFO: [VRFC 10-2263] Analyzing Verilog file "D:/FPGA/Vivaldo Project/PUCCH-FORMAT-1/pucch1_integration/pucch1_integration.ip_user_files/bd/pucch1/ip/pucch1_phase_gen_0_0/phase_gen.srcs/sources_1/ip/dis_alpha_gen_0/sim/dis_alpha_gen_0.v" into library xil_defaultlib
INFO: [VRFC 10-311] analyzing module dis_alpha_gen_0
INFO: [VRFC 10-2263] Analyzing Verilog file "D:/FPGA/Vivaldo Project/PUCCH-FORMAT-1/pucch1_integration/pucch1_integration.ip_user_files/bd/pucch1/ip/pucch1_phase_gen_0_0/phase_gen.srcs/sources_1/ip/alpha_modulo_12_0/sim/alpha_modulo_12_0.v" into library xil_defaultlib
INFO: [VRFC 10-311] analyzing module alpha_modulo_12_0
INFO: [VRFC 10-2263] Analyzing Verilog file "D:/FPGA/Vivaldo Project/PUCCH-FORMAT-1/pucch1_integration/pucch1_integration.ip_user_files/bd/pucch1/ipshared/ce59/phase_gen.srcs/sources_1/new/phase_gen.v" into library xil_defaultlib
INFO: [VRFC 10-311] analyzing module phase_gen
INFO: [VRFC 10-2263] Analyzing Verilog file "D:/FPGA/Vivaldo Project/PUCCH-FORMAT-1/pucch1_integration/pucch1_integration.ip_user_files/bd/pucch1/ip/pucch1_phase_gen_0_0/sim/pucch1_phase_gen_0_0.v" into library xil_defaultlib
INFO: [VRFC 10-311] analyzing module pucch1_phase_gen_0_0
INFO: [VRFC 10-2263] Analyzing Verilog file "D:/FPGA/Vivaldo Project/PUCCH-FORMAT-1/pucch1_integration/pucch1_integration.ip_user_files/bd/pucch1/ip/pucch1_phase_gen_control_0_0/phase_gen_control.srcs/sources_1/ip/phase_fifo_0/sim/phase_fifo_0.v" into library xil_defaultlib
INFO: [VRFC 10-311] analyzing module phase_fifo_0
INFO: [VRFC 10-2263] Analyzing Verilog file "D:/FPGA/Vivaldo Project/PUCCH-FORMAT-1/pucch1_integration/pucch1_integration.ip_user_files/bd/pucch1/ipshared/1744/phase_gen_control.srcs/sources_1/new/phase_gen_control.v" into library xil_defaultlib
INFO: [VRFC 10-311] analyzing module phase_gen_control
INFO: [VRFC 10-2263] Analyzing Verilog file "D:/FPGA/Vivaldo Project/PUCCH-FORMAT-1/pucch1_integration/pucch1_integration.ip_user_files/bd/pucch1/ip/pucch1_phase_gen_control_0_0/sim/pucch1_phase_gen_control_0_0.v" into library xil_defaultlib
INFO: [VRFC 10-311] analyzing module pucch1_phase_gen_control_0_0
INFO: [VRFC 10-2263] Analyzing Verilog file "D:/FPGA/Vivaldo Project/PUCCH-FORMAT-1/pucch1_integration/pucch1_integration.ip_user_files/bd/pucch1/ip/pucch1_base_sequence_0_0/base_seq.srcs/sources_1/ip/phi_matrix_0/phi_matrix.srcs/sources_1/ip/blk_mem_gen_0/sim/blk_mem_gen_0.v" into library xil_defaultlib
INFO: [VRFC 10-311] analyzing module blk_mem_gen_0
INFO: [VRFC 10-2263] Analyzing Verilog file "D:/FPGA/Vivaldo Project/PUCCH-FORMAT-1/pucch1_integration/pucch1_integration.ip_user_files/bd/pucch1/ip/pucch1_base_sequence_0_0/base_seq.srcs/sources_1/ip/phi_matrix_0/phi_matrix.srcs/sources_1/new/phi_matrix.v" into library xil_defaultlib
INFO: [VRFC 10-311] analyzing module phi_matrix
INFO: [VRFC 10-311] analyzing module extend_valid_new
WARNING: [VRFC 10-3609] overwriting previous definition of module 'extend_valid_new' [D:/FPGA/Vivaldo Project/PUCCH-FORMAT-1/pucch1_integration/pucch1_integration.ip_user_files/bd/pucch1/ip/pucch1_base_sequence_0_0/base_seq.srcs/sources_1/ip/phi_matrix_0/phi_matrix.srcs/sources_1/new/phi_matrix.v:84]
INFO: [VRFC 10-2263] Analyzing Verilog file "D:/FPGA/Vivaldo Project/PUCCH-FORMAT-1/pucch1_integration/pucch1_integration.ip_user_files/bd/pucch1/ip/pucch1_base_sequence_0_0/base_seq.srcs/sources_1/ip/phi_matrix_0/sim/phi_matrix_0.v" into library xil_defaultlib
INFO: [VRFC 10-311] analyzing module phi_matrix_0
INFO: [VRFC 10-2263] Analyzing Verilog file "D:/FPGA/Vivaldo Project/PUCCH-FORMAT-1/pucch1_integration/pucch1_integration.ip_user_files/bd/pucch1/ip/pucch1_base_sequence_0_0/base_seq.srcs/sources_1/ip/modulo_30_2/modulo_n.srcs/sources_1/new/modulo_n.v" into library xil_defaultlib
INFO: [VRFC 10-311] analyzing module modulo_30
INFO: [VRFC 10-2263] Analyzing Verilog file "D:/FPGA/Vivaldo Project/PUCCH-FORMAT-1/pucch1_integration/pucch1_integration.ip_user_files/bd/pucch1/ip/pucch1_base_sequence_0_0/base_seq.srcs/sources_1/ip/modulo_30_2/sim/modulo_30_2.v" into library xil_defaultlib
INFO: [VRFC 10-311] analyzing module modulo_30_2
INFO: [VRFC 10-2263] Analyzing Verilog file "D:/FPGA/Vivaldo Project/PUCCH-FORMAT-1/pucch1_integration/pucch1_integration.ip_user_files/bd/pucch1/ip/pucch1_base_sequence_0_0/base_seq.srcs/sources_1/ip/scramble_sequence_1bit_0/scamble_sequence.srcs/sources_1/new/scramble_sequence.v" into library xil_defaultlib
INFO: [VRFC 10-311] analyzing module scramble_sequence_1bit
INFO: [VRFC 10-311] analyzing module x1_x2_init
WARNING: [VRFC 10-3609] overwriting previous definition of module 'x1_x2_init' [D:/FPGA/Vivaldo Project/PUCCH-FORMAT-1/pucch1_integration/pucch1_integration.ip_user_files/bd/pucch1/ip/pucch1_base_sequence_0_0/base_seq.srcs/sources_1/ip/scramble_sequence_1bit_0/scamble_sequence.srcs/sources_1/new/scramble_sequence.v:106]
INFO: [VRFC 10-2263] Analyzing Verilog file "D:/FPGA/Vivaldo Project/PUCCH-FORMAT-1/pucch1_integration/pucch1_integration.ip_user_files/bd/pucch1/ip/pucch1_base_sequence_0_0/base_seq.srcs/sources_1/ip/scramble_sequence_1bit_0/sim/scramble_sequence_1bit_0.v" into library xil_defaultlib
INFO: [VRFC 10-311] analyzing module scramble_sequence_1bit_0
INFO: [VRFC 10-2263] Analyzing Verilog file "D:/FPGA/Vivaldo Project/PUCCH-FORMAT-1/pucch1_integration/pucch1_integration.ip_user_files/bd/pucch1/ip/pucch1_base_sequence_0_0/base_seq.srcs/sources_1/ip/modulo_30_1/sim/modulo_30_1.v" into library xil_defaultlib
INFO: [VRFC 10-311] analyzing module modulo_30_1
INFO: [VRFC 10-2263] Analyzing Verilog file "D:/FPGA/Vivaldo Project/PUCCH-FORMAT-1/pucch1_integration/pucch1_integration.ip_user_files/bd/pucch1/ip/pucch1_base_sequence_0_0/base_seq.srcs/sources_1/ip/scramble_sequence_8bits_0/scamble_sequence.srcs/sources_1/new/scramble_sequence.v" into library xil_defaultlib
INFO: [VRFC 10-311] analyzing module scramble_sequence_8bits
INFO: [VRFC 10-311] analyzing module x1_x2_init
WARNING: [VRFC 10-3609] overwriting previous definition of module 'x1_x2_init' [D:/FPGA/Vivaldo Project/PUCCH-FORMAT-1/pucch1_integration/pucch1_integration.ip_user_files/bd/pucch1/ip/pucch1_base_sequence_0_0/base_seq.srcs/sources_1/ip/scramble_sequence_8bits_0/scamble_sequence.srcs/sources_1/new/scramble_sequence.v:115]
INFO: [VRFC 10-2263] Analyzing Verilog file "D:/FPGA/Vivaldo Project/PUCCH-FORMAT-1/pucch1_integration/pucch1_integration.ip_user_files/bd/pucch1/ip/pucch1_base_sequence_0_0/base_seq.srcs/sources_1/ip/scramble_sequence_8bits_0/sim/scramble_sequence_8bits_0.v" into library xil_defaultlib
INFO: [VRFC 10-311] analyzing module scramble_sequence_8bits_0
INFO: [VRFC 10-2263] Analyzing Verilog file "D:/FPGA/Vivaldo Project/PUCCH-FORMAT-1/pucch1_integration/pucch1_integration.ip_user_files/bd/pucch1/ip/pucch1_base_sequence_0_0/base_seq.srcs/sources_1/ip/modulo_30_0/sim/modulo_30_0.v" into library xil_defaultlib
INFO: [VRFC 10-311] analyzing module modulo_30_0
INFO: [VRFC 10-2263] Analyzing Verilog file "D:/FPGA/Vivaldo Project/PUCCH-FORMAT-1/pucch1_integration/pucch1_integration.ip_user_files/bd/pucch1/ipshared/85a1/base_seq.srcs/sources_1/new/base_sequence.v" into library xil_defaultlib
INFO: [VRFC 10-311] analyzing module base_sequence
WARNING: [VRFC 10-986] literal value truncated to fit in 16 bits [D:/FPGA/Vivaldo Project/PUCCH-FORMAT-1/pucch1_integration/pucch1_integration.ip_user_files/bd/pucch1/ipshared/85a1/base_seq.srcs/sources_1/new/base_sequence.v:180]
WARNING: [VRFC 10-986] literal value truncated to fit in 16 bits [D:/FPGA/Vivaldo Project/PUCCH-FORMAT-1/pucch1_integration/pucch1_integration.ip_user_files/bd/pucch1/ipshared/85a1/base_seq.srcs/sources_1/new/base_sequence.v:183]
WARNING: [VRFC 10-986] literal value truncated to fit in 16 bits [D:/FPGA/Vivaldo Project/PUCCH-FORMAT-1/pucch1_integration/pucch1_integration.ip_user_files/bd/pucch1/ipshared/85a1/base_seq.srcs/sources_1/new/base_sequence.v:187]
WARNING: [VRFC 10-986] literal value truncated to fit in 16 bits [D:/FPGA/Vivaldo Project/PUCCH-FORMAT-1/pucch1_integration/pucch1_integration.ip_user_files/bd/pucch1/ipshared/85a1/base_seq.srcs/sources_1/new/base_sequence.v:188]
INFO: [VRFC 10-2263] Analyzing Verilog file "D:/FPGA/Vivaldo Project/PUCCH-FORMAT-1/pucch1_integration/pucch1_integration.ip_user_files/bd/pucch1/ip/pucch1_base_sequence_0_0/sim/pucch1_base_sequence_0_0.v" into library xil_defaultlib
INFO: [VRFC 10-311] analyzing module pucch1_base_sequence_0_0
INFO: [VRFC 10-2263] Analyzing Verilog file "D:/FPGA/Vivaldo Project/PUCCH-FORMAT-1/pucch1_integration/pucch1_integration.ip_user_files/bd/pucch1/ip/pucch1_base_sequence_1_0/sim/pucch1_base_sequence_1_0.v" into library xil_defaultlib
INFO: [VRFC 10-311] analyzing module pucch1_base_sequence_1_0
INFO: [VRFC 10-2263] Analyzing Verilog file "D:/FPGA/Vivaldo Project/PUCCH-FORMAT-1/pucch1_integration/pucch1_integration.ip_user_files/bd/pucch1/ipshared/a31e/sources_1/new/nfs_gen.v" into library xil_defaultlib
INFO: [VRFC 10-311] analyzing module nfs_gen
INFO: [VRFC 10-2263] Analyzing Verilog file "D:/FPGA/Vivaldo Project/PUCCH-FORMAT-1/pucch1_integration/pucch1_integration.ip_user_files/bd/pucch1/ip/pucch1_nfs_gen_0_0/sim/pucch1_nfs_gen_0_0.v" into library xil_defaultlib
INFO: [VRFC 10-311] analyzing module pucch1_nfs_gen_0_0
INFO: [VRFC 10-2263] Analyzing Verilog file "D:/FPGA/Vivaldo Project/PUCCH-FORMAT-1/pucch1_integration/pucch1_integration.ip_user_files/bd/pucch1/ip/pucch1_ba_seq_control_0_0/ba_seq_control.srcs/sources_1/ip/base_se_control_blk_1/sim/base_se_control_blk_1.v" into library xil_defaultlib
INFO: [VRFC 10-311] analyzing module base_se_control_blk_1
INFO: [VRFC 10-2263] Analyzing Verilog file "D:/FPGA/Vivaldo Project/PUCCH-FORMAT-1/pucch1_integration/pucch1_integration.ip_user_files/bd/pucch1/ip/pucch1_ba_seq_control_0_0/ba_seq_control.srcs/sources_1/ip/ba_seq_control_blk_0/sim/ba_seq_control_blk_0.v" into library xil_defaultlib
INFO: [VRFC 10-311] analyzing module ba_seq_control_blk_0
INFO: [VRFC 10-2263] Analyzing Verilog file "D:/FPGA/Vivaldo Project/PUCCH-FORMAT-1/pucch1_integration/pucch1_integration.ip_user_files/bd/pucch1/ipshared/1353/ba_seq_control.srcs/sources_1/new/ba_seq_control.v" into library xil_defaultlib
INFO: [VRFC 10-311] analyzing module ba_seq_control
INFO: [VRFC 10-2263] Analyzing Verilog file "D:/FPGA/Vivaldo Project/PUCCH-FORMAT-1/pucch1_integration/pucch1_integration.ip_user_files/bd/pucch1/ip/pucch1_ba_seq_control_0_0/sim/pucch1_ba_seq_control_0_0.v" into library xil_defaultlib
INFO: [VRFC 10-311] analyzing module pucch1_ba_seq_control_0_0
INFO: [VRFC 10-2263] Analyzing Verilog file "D:/FPGA/Vivaldo Project/PUCCH-FORMAT-1/pucch1_integration/pucch1_integration.ip_user_files/bd/pucch1/ipshared/7068/sources_1/new/com_mul_cyclic.v" into library xil_defaultlib
INFO: [VRFC 10-311] analyzing module com_mul_cyclic
INFO: [VRFC 10-2263] Analyzing Verilog file "D:/FPGA/Vivaldo Project/PUCCH-FORMAT-1/pucch1_integration/pucch1_integration.ip_user_files/bd/pucch1/ip/pucch1_com_mul_cyclic_0_0/sim/pucch1_com_mul_cyclic_0_0.v" into library xil_defaultlib
INFO: [VRFC 10-311] analyzing module pucch1_com_mul_cyclic_0_0
INFO: [VRFC 10-2263] Analyzing Verilog file "D:/FPGA/Vivaldo Project/PUCCH-FORMAT-1/pucch1_integration/pucch1_integration.ip_user_files/bd/pucch1/ip/pucch1_xlconstant_0_1/sim/pucch1_xlconstant_0_1.v" into library xil_defaultlib
INFO: [VRFC 10-311] analyzing module pucch1_xlconstant_0_1
INFO: [VRFC 10-2263] Analyzing Verilog file "D:/FPGA/Vivaldo Project/PUCCH-FORMAT-1/pucch1_integration/pucch1_integration.ip_user_files/bd/pucch1/ip/pucch1_xlconstant_0_2/sim/pucch1_xlconstant_0_2.v" into library xil_defaultlib
INFO: [VRFC 10-311] analyzing module pucch1_xlconstant_0_2
INFO: [VRFC 10-2263] Analyzing Verilog file "D:/FPGA/Vivaldo Project/PUCCH-FORMAT-1/pucch1_integration/pucch1_integration.ip_user_files/bd/pucch1/ip/pucch1_xlconstant_1_0/sim/pucch1_xlconstant_1_0.v" into library xil_defaultlib
INFO: [VRFC 10-311] analyzing module pucch1_xlconstant_1_0
INFO: [VRFC 10-2263] Analyzing Verilog file "D:/FPGA/Vivaldo Project/PUCCH-FORMAT-1/pucch1_integration/pucch1_integration.ip_user_files/bd/pucch1/ip/pucch1_n_cs_gen_0_1/sim/pucch1_n_cs_gen_0_1.v" into library xil_defaultlib
INFO: [VRFC 10-311] analyzing module pucch1_n_cs_gen_0_1
INFO: [VRFC 10-2263] Analyzing Verilog file "D:/FPGA/Vivaldo Project/PUCCH-FORMAT-1/pucch1_integration/pucch1_integration.ip_user_files/bd/pucch1/ip/pucch1_phase_gen_0_1/sim/pucch1_phase_gen_0_1.v" into library xil_defaultlib
INFO: [VRFC 10-311] analyzing module pucch1_phase_gen_0_1
INFO: [VRFC 10-2263] Analyzing Verilog file "D:/FPGA/Vivaldo Project/PUCCH-FORMAT-1/pucch1_integration/pucch1_integration.ip_user_files/bd/pucch1/ip/pucch1_phase_gen_control_0_1/sim/pucch1_phase_gen_control_0_1.v" into library xil_defaultlib
INFO: [VRFC 10-311] analyzing module pucch1_phase_gen_control_0_1
INFO: [VRFC 10-2263] Analyzing Verilog file "D:/FPGA/Vivaldo Project/PUCCH-FORMAT-1/pucch1_integration/pucch1_integration.ip_user_files/bd/pucch1/ip/pucch1_base_sequence_0_1/sim/pucch1_base_sequence_0_1.v" into library xil_defaultlib
INFO: [VRFC 10-311] analyzing module pucch1_base_sequence_0_1
INFO: [VRFC 10-2263] Analyzing Verilog file "D:/FPGA/Vivaldo Project/PUCCH-FORMAT-1/pucch1_integration/pucch1_integration.ip_user_files/bd/pucch1/ip/pucch1_base_sequence_1_1/sim/pucch1_base_sequence_1_1.v" into library xil_defaultlib
INFO: [VRFC 10-311] analyzing module pucch1_base_sequence_1_1
INFO: [VRFC 10-2263] Analyzing Verilog file "D:/FPGA/Vivaldo Project/PUCCH-FORMAT-1/pucch1_integration/pucch1_integration.ip_user_files/bd/pucch1/ip/pucch1_nfs_gen_0_1/sim/pucch1_nfs_gen_0_1.v" into library xil_defaultlib
INFO: [VRFC 10-311] analyzing module pucch1_nfs_gen_0_1
INFO: [VRFC 10-2263] Analyzing Verilog file "D:/FPGA/Vivaldo Project/PUCCH-FORMAT-1/pucch1_integration/pucch1_integration.ip_user_files/bd/pucch1/ip/pucch1_ba_seq_control_0_1/sim/pucch1_ba_seq_control_0_1.v" into library xil_defaultlib
INFO: [VRFC 10-311] analyzing module pucch1_ba_seq_control_0_1
INFO: [VRFC 10-2263] Analyzing Verilog file "D:/FPGA/Vivaldo Project/PUCCH-FORMAT-1/pucch1_integration/pucch1_integration.ip_user_files/bd/pucch1/ip/pucch1_com_mul_cyclic_0_1/sim/pucch1_com_mul_cyclic_0_1.v" into library xil_defaultlib
INFO: [VRFC 10-311] analyzing module pucch1_com_mul_cyclic_0_1
INFO: [VRFC 10-2263] Analyzing Verilog file "D:/FPGA/Vivaldo Project/PUCCH-FORMAT-1/pucch1_integration/pucch1_integration.ip_user_files/bd/pucch1/ip/pucch1_xlconstant_0_3/sim/pucch1_xlconstant_0_3.v" into library xil_defaultlib
INFO: [VRFC 10-311] analyzing module pucch1_xlconstant_0_3
INFO: [VRFC 10-2263] Analyzing Verilog file "D:/FPGA/Vivaldo Project/PUCCH-FORMAT-1/pucch1_integration/pucch1_integration.ip_user_files/bd/pucch1/ip/pucch1_xlconstant_1_1/sim/pucch1_xlconstant_1_1.v" into library xil_defaultlib
INFO: [VRFC 10-311] analyzing module pucch1_xlconstant_1_1
INFO: [VRFC 10-2263] Analyzing Verilog file "D:/FPGA/Vivaldo Project/PUCCH-FORMAT-1/pucch1_integration/pucch1_integration.ip_user_files/bd/pucch1/ip/pucch1_xlconstant_2_0/sim/pucch1_xlconstant_2_0.v" into library xil_defaultlib
INFO: [VRFC 10-311] analyzing module pucch1_xlconstant_2_0
INFO: [VRFC 10-2263] Analyzing Verilog file "D:/FPGA/Vivaldo Project/PUCCH-FORMAT-1/pucch1_integration/pucch1_integration.ip_user_files/bd/pucch1/ip/pucch1_wise_spreading_0_0/wise_spreading.srcs/sources_1/ip/wise_rom_7/sim/wise_rom_7.v" into library xil_defaultlib
INFO: [VRFC 10-311] analyzing module wise_rom_7
INFO: [VRFC 10-2263] Analyzing Verilog file "D:/FPGA/Vivaldo Project/PUCCH-FORMAT-1/pucch1_integration/pucch1_integration.ip_user_files/bd/pucch1/ip/pucch1_wise_spreading_0_0/wise_spreading.srcs/sources_1/ip/wise_rom_6/sim/wise_rom_6.v" into library xil_defaultlib
INFO: [VRFC 10-311] analyzing module wise_rom_6
INFO: [VRFC 10-2263] Analyzing Verilog file "D:/FPGA/Vivaldo Project/PUCCH-FORMAT-1/pucch1_integration/pucch1_integration.ip_user_files/bd/pucch1/ip/pucch1_wise_spreading_0_0/wise_spreading.srcs/sources_1/ip/wise_rom_5/sim/wise_rom_5.v" into library xil_defaultlib
INFO: [VRFC 10-311] analyzing module wise_rom_5
INFO: [VRFC 10-2263] Analyzing Verilog file "D:/FPGA/Vivaldo Project/PUCCH-FORMAT-1/pucch1_integration/pucch1_integration.ip_user_files/bd/pucch1/ip/pucch1_wise_spreading_0_0/wise_spreading.srcs/sources_1/ip/wise_rom_4/sim/wise_rom_4.v" into library xil_defaultlib
INFO: [VRFC 10-311] analyzing module wise_rom_4
INFO: [VRFC 10-2263] Analyzing Verilog file "D:/FPGA/Vivaldo Project/PUCCH-FORMAT-1/pucch1_integration/pucch1_integration.ip_user_files/bd/pucch1/ip/pucch1_wise_spreading_0_0/wise_spreading.srcs/sources_1/ip/wise_rom_3/sim/wise_rom_3.v" into library xil_defaultlib
INFO: [VRFC 10-311] analyzing module wise_rom_3
INFO: [VRFC 10-2263] Analyzing Verilog file "D:/FPGA/Vivaldo Project/PUCCH-FORMAT-1/pucch1_integration/pucch1_integration.ip_user_files/bd/pucch1/ipshared/63d0/wise_spreading.srcs/sources_1/new/wise_spreading.v" into library xil_defaultlib
INFO: [VRFC 10-311] analyzing module wise_spreading
INFO: [VRFC 10-2263] Analyzing Verilog file "D:/FPGA/Vivaldo Project/PUCCH-FORMAT-1/pucch1_integration/pucch1_integration.ip_user_files/bd/pucch1/ip/pucch1_wise_spreading_0_0/sim/pucch1_wise_spreading_0_0.v" into library xil_defaultlib
INFO: [VRFC 10-311] analyzing module pucch1_wise_spreading_0_0
INFO: [VRFC 10-2263] Analyzing Verilog file "D:/FPGA/Vivaldo Project/PUCCH-FORMAT-1/pucch1_integration/pucch1_integration.ip_user_files/bd/pucch1/ip/pucch1_wise_spreading_0_1/sim/pucch1_wise_spreading_0_1.v" into library xil_defaultlib
INFO: [VRFC 10-311] analyzing module pucch1_wise_spreading_0_1
INFO: [VRFC 10-2263] Analyzing Verilog file "D:/FPGA/Vivaldo Project/PUCCH-FORMAT-1/pucch1_integration/pucch1_integration.ip_user_files/bd/pucch1/ip/pucch1_dmrs_wise_spreading_0_0/sim/pucch1_dmrs_wise_spreading_0_0.v" into library xil_defaultlib
INFO: [VRFC 10-311] analyzing module pucch1_dmrs_wise_spreading_0_0
INFO: [VRFC 10-2263] Analyzing Verilog file "D:/FPGA/Vivaldo Project/PUCCH-FORMAT-1/pucch1_integration/pucch1_integration.ip_user_files/bd/pucch1/ip/pucch1_dmrs_wise_spreading_1_0/sim/pucch1_dmrs_wise_spreading_1_0.v" into library xil_defaultlib
INFO: [VRFC 10-311] analyzing module pucch1_dmrs_wise_spreading_1_0
INFO: [VRFC 10-2263] Analyzing Verilog file "D:/FPGA/Vivaldo Project/PUCCH-FORMAT-1/pucch1_integration/pucch1_integration.ip_user_files/bd/pucch1/ipshared/a3ad/payload_est_SINR.srcs/sources_1/new/payload_est_SINR.v" into library xil_defaultlib
INFO: [VRFC 10-311] analyzing module payload_est_SINR
INFO: [VRFC 10-2263] Analyzing Verilog file "D:/FPGA/Vivaldo Project/PUCCH-FORMAT-1/pucch1_integration/pucch1_integration.ip_user_files/bd/pucch1/ip/pucch1_payload_est_SINR_0_0/sim/pucch1_payload_est_SINR_0_0.v" into library xil_defaultlib
INFO: [VRFC 10-311] analyzing module pucch1_payload_est_SINR_0_0
INFO: [VRFC 10-2263] Analyzing Verilog file "D:/FPGA/Vivaldo Project/PUCCH-FORMAT-1/pucch1_integration/pucch1_integration.ip_user_files/bd/pucch1/ip/pucch1_mean_data_0_0/mean_data.srcs/sources_1/ip/mean_data_fifo0/sim/mean_data_fifo0.v" into library xil_defaultlib
INFO: [VRFC 10-311] analyzing module mean_data_fifo0
INFO: [VRFC 10-2263] Analyzing Verilog file "D:/FPGA/Vivaldo Project/PUCCH-FORMAT-1/pucch1_integration/pucch1_integration.ip_user_files/bd/pucch1/ipshared/ff26/mean_data.srcs/sources_1/new/mean_data.v" into library xil_defaultlib
INFO: [VRFC 10-311] analyzing module mean_data
INFO: [VRFC 10-2263] Analyzing Verilog file "D:/FPGA/Vivaldo Project/PUCCH-FORMAT-1/pucch1_integration/pucch1_integration.ip_user_files/bd/pucch1/ip/pucch1_mean_data_0_0/sim/pucch1_mean_data_0_0.v" into library xil_defaultlib
INFO: [VRFC 10-311] analyzing module pucch1_mean_data_0_0
INFO: [VRFC 10-2263] Analyzing Verilog file "D:/FPGA/Vivaldo Project/PUCCH-FORMAT-1/pucch1_integration/pucch1_integration.ip_user_files/bd/pucch1/ipshared/c1d2/sr_ack_detector.srcs/sources_1/new/sr_ack_detector.v" into library xil_defaultlib
INFO: [VRFC 10-311] analyzing module sr_ack_detector
INFO: [VRFC 10-2263] Analyzing Verilog file "D:/FPGA/Vivaldo Project/PUCCH-FORMAT-1/pucch1_integration/pucch1_integration.ip_user_files/bd/pucch1/ip/pucch1_sr_ack_detector_0_0/sim/pucch1_sr_ack_detector_0_0.v" into library xil_defaultlib
INFO: [VRFC 10-311] analyzing module pucch1_sr_ack_detector_0_0
INFO: [VRFC 10-2263] Analyzing Verilog file "D:/FPGA/Vivaldo Project/PUCCH-FORMAT-1/pucch1_integration/pucch1_integration.ip_user_files/bd/pucch1/ip/pucch1_xlconstant_0_4/sim/pucch1_xlconstant_0_4.v" into library xil_defaultlib
INFO: [VRFC 10-311] analyzing module pucch1_xlconstant_0_4
INFO: [VRFC 10-2263] Analyzing Verilog file "D:/FPGA/Vivaldo Project/PUCCH-FORMAT-1/pucch1_integration/pucch1_integration.ip_user_files/bd/pucch1/ip/pucch1_xlconcat_0_0/sim/pucch1_xlconcat_0_0.v" into library xil_defaultlib
INFO: [VRFC 10-311] analyzing module pucch1_xlconcat_0_0
INFO: [VRFC 10-2263] Analyzing Verilog file "D:/FPGA/Vivaldo Project/PUCCH-FORMAT-1/pucch1_integration/pucch1_integration.ip_user_files/bd/pucch1/ip/pucch1_xlconcat_0_1/sim/pucch1_xlconcat_0_1.v" into library xil_defaultlib
INFO: [VRFC 10-311] analyzing module pucch1_xlconcat_0_1
INFO: [VRFC 10-2263] Analyzing Verilog file "D:/FPGA/Vivaldo Project/PUCCH-FORMAT-1/pucch1_integration/pucch1_integration.ip_user_files/bd/pucch1/ip/pucch1_xlconstant_2_1/sim/pucch1_xlconstant_2_1.v" into library xil_defaultlib
INFO: [VRFC 10-311] analyzing module pucch1_xlconstant_2_1
INFO: [VRFC 10-2263] Analyzing Verilog file "D:/FPGA/Vivaldo Project/PUCCH-FORMAT-1/pucch1_integration/pucch1_integration.ip_user_files/bd/pucch1/ipshared/cc63/block_wise_spreading.srcs/sources_1/new/block_wise_spreading.v" into library xil_defaultlib
INFO: [VRFC 10-311] analyzing module block_wise_spreading
INFO: [VRFC 10-2263] Analyzing Verilog file "D:/FPGA/Vivaldo Project/PUCCH-FORMAT-1/pucch1_integration/pucch1_integration.ip_user_files/bd/pucch1/ip/pucch1_block_wise_spreading_0_0/sim/pucch1_block_wise_spreading_0_0.v" into library xil_defaultlib
INFO: [VRFC 10-311] analyzing module pucch1_block_wise_spreading_0_0
INFO: [VRFC 10-2263] Analyzing Verilog file "D:/FPGA/Vivaldo Project/PUCCH-FORMAT-1/pucch1_integration/pucch1_integration.ip_user_files/bd/pucch1/ip/pucch1_block_wise_spreading_dmrs_0/sim/pucch1_block_wise_spreading_dmrs_0.v" into library xil_defaultlib
INFO: [VRFC 10-311] analyzing module pucch1_block_wise_spreading_dmrs_0
INFO: [VRFC 10-2263] Analyzing Verilog file "D:/FPGA/Vivaldo Project/PUCCH-FORMAT-1/pucch1_integration/pucch1_integration.ip_user_files/bd/pucch1/sim/pucch1.v" into library xil_defaultlib
INFO: [VRFC 10-311] analyzing module cyclic_dmrs_imp_1IXJDMF
INFO: [VRFC 10-311] analyzing module cyclic_uci_imp_LVK04D
INFO: [VRFC 10-311] analyzing module pucch1
INFO: [VRFC 10-2263] Analyzing Verilog file "D:/FPGA/Vivaldo Project/PUCCH-FORMAT-1/pucch1_integration/pucch1_integration.srcs/sources_1/new/pucch1_integration.v" into library xil_defaultlib
INFO: [VRFC 10-311] analyzing module pucch1_integration
INFO: [VRFC 10-2263] Analyzing Verilog file "D:/FPGA/Vivaldo Project/PUCCH-FORMAT-1/pucch1_integration/pucch1_integration.srcs/sim_1/new/tb.v" into library xil_defaultlib
INFO: [VRFC 10-311] analyzing module tb
