#-----------------------------------------------------------
# Vivado v2019.2 (64-bit)
# SW Build 2708876 on Wed Nov  6 21:40:23 MST 2019
# IP Build 2700528 on Thu Nov  7 00:09:20 MST 2019
# Start of session at: Thu Jan 29 18:47:36 2026
# Process ID: 38672
# Current directory: D:/FPGA/Vivaldo Project/PUCCH-FORMAT-1/all_sub_ips/uci_dmrs_sub_ips/scamble_sequence_8bits
# Command line: vivado.exe -gui_launcher_event rodinguilauncherevent29920 D:\FPGA\Vivaldo Project\PUCCH-FORMAT-1\all_sub_ips\uci_dmrs_sub_ips\scamble_sequence_8bits\scamble_sequence.xpr
# Log file: D:/FPGA/Vivaldo Project/PUCCH-FORMAT-1/all_sub_ips/uci_dmrs_sub_ips/scamble_sequence_8bits/vivado.log
# Journal file: D:/FPGA/Vivaldo Project/PUCCH-FORMAT-1/all_sub_ips/uci_dmrs_sub_ips/scamble_sequence_8bits\vivado.jou
#-----------------------------------------------------------
start_gui
open_project {D:/FPGA/Vivaldo Project/PUCCH-FORMAT-1/all_sub_ips/uci_dmrs_sub_ips/scamble_sequence_8bits/scamble_sequence.xpr}
INFO: [ProjectBase 1-489] The host OS only allows 260 characters in a normal path. The project is stored in a path with more than 80 characters. If you experience issues with IP, Block Designs, or files not being found, please consider moving the project to a location with a shorter path. Alternately consider using the OS subst command to map part of the path to a drive letter.
Current project path is 'D:/FPGA/Vivaldo Project/PUCCH-FORMAT-1/all_sub_ips/uci_dmrs_sub_ips/scamble_sequence_8bits'
INFO: [Project 1-313] Project file moved from 'D:/FPGA/Vivaldo Project/PUCCH-FORMAT-0/all_sub_ips/scamble_sequence_8bits' since last save.
WARNING: [Project 1-312] File not found as 'D:/FPGA/fpga/vivaldo project/pucch-format-0/all_sub_ips/scamble_sequence_8bits/component.xml'; using path 'D:/fpga/vivaldo project/pucch-format-0/all_sub_ips/scamble_sequence_8bits/component.xml' instead.
Scanning sources...
Finished scanning sources
INFO: [filemgmt 56-1] IP Repository Path: Directory not found as 'D:/FPGA/fpga/vivaldo project/pucch-format-0/all_sub_ips/scamble_sequence_8bits'; using path 'D:/fpga/vivaldo project/pucch-format-0/all_sub_ips/scamble_sequence_8bits' instead.
WARNING: [filemgmt 56-2] IP Repository Path: Could not find the directory 'D:/FPGA/Vivaldo Project/PUCCH-FORMAT-1/all_sub_ips/ofdm_demodulation/fpga/vivaldo project/pucch format 0/pucch-format-0/cyclic_shift_generator/scamble_sequence_8bits', nor could it be found using path 'D:/FPGA/Vivaldo Project/PUCCH-FORMAT-0/ofdm_demodulation/fpga/vivaldo project/pucch format 0/pucch-format-0/cyclic_shift_generator/scamble_sequence_8bits'.
WARNING: [filemgmt 56-2] IP Repository Path: Could not find the directory 'D:/FPGA/Vivaldo Project/PUCCH-FORMAT-1/all_sub_ips/ofdm_demodulation/fpga/vivaldo project/pucch format 0/pucch-format-0/cyclic_shift_generator/scamble_sequence', nor could it be found using path 'D:/FPGA/Vivaldo Project/PUCCH-FORMAT-0/ofdm_demodulation/fpga/vivaldo project/pucch format 0/pucch-format-0/cyclic_shift_generator/scamble_sequence'.
INFO: [IP_Flow 19-234] Refreshing IP repositories
INFO: [IP_Flow 19-1700] Loaded user IP repository 'd:/fpga/vivaldo project/pucch-format-0/all_sub_ips/scamble_sequence_8bits'.
WARNING: [IP_Flow 19-2248] Failed to load user IP repository 'd:/FPGA/Vivaldo Project/PUCCH-FORMAT-1/all_sub_ips/ofdm_demodulation/fpga/vivaldo project/pucch format 0/pucch-format-0/cyclic_shift_generator/scamble_sequence_8bits'; Can't find the specified path.
If this directory should no longer be in your list of user repositories, go to the IP Settings dialog and remove it.
WARNING: [IP_Flow 19-2248] Failed to load user IP repository 'd:/FPGA/Vivaldo Project/PUCCH-FORMAT-1/all_sub_ips/ofdm_demodulation/fpga/vivaldo project/pucch format 0/pucch-format-0/cyclic_shift_generator/scamble_sequence'; Can't find the specified path.
If this directory should no longer be in your list of user repositories, go to the IP Settings dialog and remove it.
INFO: [IP_Flow 19-2313] Loaded Vivado IP repository 'D:/Xilinx/Vivado/2019.2/data/ip'.
open_project: Time (s): cpu = 00:00:14 ; elapsed = 00:00:07 . Memory (MB): peak = 895.195 ; gain = 208.691
update_compile_order -fileset sources_1
